=== Controlador SDN Didático v2 (OpenFlow 1.0 / Hub) ===
Iniciando servidor socket TCP em 0.0.0.0:6653...
Aguardando conexões dos switches (porta 6653)...

[17:02:48.051] [+] Conexão TCP estabelecida com o switch: 127.0.0.1:53011
[17:02:48.052]     <<< HELLO de 127.0.0.1:53011 (xid=1)
[17:02:48.052]     >>> FEATURES_REQUEST para 127.0.0.1:53011
[17:02:48.052]     <<< FEATURES_REPLY: DPID=0000000000000001 buffers=256 tabelas=2 portas=4 (0.07 ms)
[17:02:48.052] [OK] Handshake concluído com DPID 1 (1 switch(es) conectado(s))
[17:02:49.008] [STATS] switches=1 packet_in/s=42044 msgs/s=42044
[17:02:50.008] [STATS] switches=1 packet_in/s=35354 msgs/s=35354
[17:02:51.008] [STATS] switches=1 packet_in/s=29262 msgs/s=29262
[17:02:52.009] [STATS] switches=1 packet_in/s=27392 msgs/s=27392
[17:02:53.010] [STATS] switches=1 packet_in/s=27779 msgs/s=27779
[17:02:54.010] [STATS] switches=1 packet_in/s=24904 msgs/s=24904
[17:02:55.011] [STATS] switches=1 packet_in/s=27210 msgs/s=27210
[17:02:56.011] [STATS] switches=1 packet_in/s=24867 msgs/s=24867
[17:02:57.011] [STATS] switches=1 packet_in/s=24710 msgs/s=24710
[17:02:58.012] [STATS] switches=1 packet_in/s=25895 msgs/s=25895
[17:02:59.013] [STATS] switches=1 packet_in/s=23029 msgs/s=23029
[17:03:00.013] [STATS] switches=1 packet_in/s=26724 msgs/s=26724
[17:03:01.014] [STATS] switches=1 packet_in/s=28695 msgs/s=28695
[17:03:02.014] [STATS] switches=1 packet_in/s=27695 msgs/s=27695
[17:03:03.015] [STATS] switches=1 packet_in/s=28012 msgs/s=28012
[17:03:04.015] [STATS] switches=1 packet_in/s=27487 msgs/s=27487
[17:03:05.016] [STATS] switches=1 packet_in/s=29104 msgs/s=29104
[17:03:06.016] [STATS] switches=1 packet_in/s=28250 msgs/s=28250
[17:03:07.016] [STATS] switches=1 packet_in/s=28432 msgs/s=28432
[17:03:08.017] [STATS] switches=1 packet_in/s=28987 msgs/s=28987
[17:03:09.017] [STATS] switches=1 packet_in/s=27389 msgs/s=27389
[17:03:10.017] [STATS] switches=1 packet_in/s=30807 msgs/s=30807
[17:03:11.018] [STATS] switches=1 packet_in/s=29197 msgs/s=29197
[17:03:12.019] [STATS] switches=1 packet_in/s=32334 msgs/s=32334
[17:03:13.019] [STATS] switches=1 packet_in/s=30240 msgs/s=30240
[17:03:14.019] [STATS] switches=1 packet_in/s=31211 msgs/s=31211
[17:03:15.019] [STATS] switches=1 packet_in/s=30332 msgs/s=30332
[17:03:16.019] [STATS] switches=1 packet_in/s=32514 msgs/s=32514
[17:03:17.020] [STATS] switches=1 packet_in/s=28840 msgs/s=28840
[17:03:18.020] [STATS] switches=1 packet_in/s=30582 msgs/s=30582
[17:03:19.020] [STATS] switches=1 packet_in/s=24400 msgs/s=24400
[17:03:20.021] [STATS] switches=1 packet_in/s=30720 msgs/s=30720
[17:03:21.021] [STATS] switches=1 packet_in/s=27241 msgs/s=27241
[17:03:22.021] [STATS] switches=1 packet_in/s=30329 msgs/s=30329
[17:03:23.022] [STATS] switches=1 packet_in/s=28719 msgs/s=28719
[17:03:24.023] [STATS] switches=1 packet_in/s=31124 msgs/s=31124
[17:03:25.023] [STATS] switches=1 packet_in/s=31523 msgs/s=31523
[17:03:26.023] [STATS] switches=1 packet_in/s=31512 msgs/s=31512
[17:03:27.023] [STATS] switches=1 packet_in/s=32492 msgs/s=32492
[17:03:28.023] [STATS] switches=1 packet_in/s=31089 msgs/s=31089
[17:03:29.023] [STATS] switches=1 packet_in/s=28343 msgs/s=28343
[17:03:30.023] [STATS] switches=1 packet_in/s=29272 msgs/s=29272
[17:03:31.023] [STATS] switches=1 packet_in/s=32457 msgs/s=32457
[17:03:32.023] [STATS] switches=1 packet_in/s=34521 msgs/s=34521
[17:03:33.024] [STATS] switches=1 packet_in/s=31087 msgs/s=31087
[17:03:34.025] [STATS] switches=1 packet_in/s=33168 msgs/s=33168
[17:03:35.025] [STATS] switches=1 packet_in/s=30266 msgs/s=30266
[17:03:36.025] [STATS] switches=1 packet_in/s=31465 msgs/s=31465
[17:03:37.026] [STATS] switches=1 packet_in/s=32220 msgs/s=32220
[17:03:38.026] [STATS] switches=1 packet_in/s=31657 msgs/s=31657
[17:03:39.026] [STATS] switches=1 packet_in/s=28245 msgs/s=28245
[17:03:40.026] [STATS] switches=1 packet_in/s=32091 msgs/s=32091
[17:03:41.027] [STATS] switches=1 packet_in/s=31533 msgs/s=31533
[17:03:42.027] [STATS] switches=1 packet_in/s=30328 msgs/s=30328
[17:03:43.027] [STATS] switches=1 packet_in/s=32354 msgs/s=32354
[17:03:44.028] [STATS] switches=1 packet_in/s=32052 msgs/s=32052
[17:03:45.028] [STATS] switches=1 packet_in/s=33037 msgs/s=33037
[17:03:46.028] [STATS] switches=1 packet_in/s=31873 msgs/s=31873
[17:03:47.028] [STATS] switches=1 packet_in/s=32900 msgs/s=32900
[17:03:48.029] [STATS] switches=1 packet_in/s=30511 msgs/s=30511
[17:03:49.030] [STATS] switches=1 packet_in/s=28454 msgs/s=28454
[17:03:50.030] [STATS] switches=1 packet_in/s=29886 msgs/s=29886
[17:03:51.030] [STATS] switches=1 packet_in/s=30867 msgs/s=30867
[17:03:52.032] [STATS] switches=1 packet_in/s=30149 msgs/s=30149
[17:03:53.032] [STATS] switches=1 packet_in/s=30021 msgs/s=30021
[17:03:54.032] [STATS] switches=1 packet_in/s=32388 msgs/s=32388
[17:03:55.032] [STATS] switches=1 packet_in/s=32425 msgs/s=32425
[17:03:56.032] [STATS] switches=1 packet_in/s=29383 msgs/s=29383
[17:03:57.033] [STATS] switches=1 packet_in/s=28864 msgs/s=28864
[17:03:58.033] [STATS] switches=1 packet_in/s=29655 msgs/s=29655
[17:03:59.033] [STATS] switches=1 packet_in/s=25301 msgs/s=25301
[17:04:00.033] [STATS] switches=1 packet_in/s=31686 msgs/s=31686
[17:04:01.033] [STATS] switches=1 packet_in/s=29544 msgs/s=29544
[17:04:02.033] [STATS] switches=1 packet_in/s=33104 msgs/s=33104
[17:04:03.034] [STATS] switches=1 packet_in/s=29929 msgs/s=29929
[17:04:04.034] [STATS] switches=1 packet_in/s=30838 msgs/s=30838
[17:04:05.034] [STATS] switches=1 packet_in/s=32504 msgs/s=32504
[17:04:06.034] [STATS] switches=1 packet_in/s=33226 msgs/s=33226
[17:04:07.034] [STATS] switches=1 packet_in/s=30231 msgs/s=30231
[17:04:08.034] [STATS] switches=1 packet_in/s=32109 msgs/s=32109
[17:04:09.034] [STATS] switches=1 packet_in/s=26233 msgs/s=26233
[17:04:10.035] [STATS] switches=1 packet_in/s=28586 msgs/s=28586
[17:04:11.035] [STATS] switches=1 packet_in/s=30294 msgs/s=30294
[17:04:12.035] [STATS] switches=1 packet_in/s=30370 msgs/s=30370
[17:04:13.035] [STATS] switches=1 packet_in/s=27711 msgs/s=27711
[17:04:14.036] [STATS] switches=1 packet_in/s=29311 msgs/s=29311
[17:04:15.036] [STATS] switches=1 packet_in/s=31839 msgs/s=31839
[17:04:16.036] [STATS] switches=1 packet_in/s=29085 msgs/s=29085
[17:04:17.037] [STATS] switches=1 packet_in/s=29776 msgs/s=29776
[17:04:18.037] [STATS] switches=1 packet_in/s=27697 msgs/s=27697
[17:04:19.037] [STATS] switches=1 packet_in/s=28042 msgs/s=28042
[17:04:20.038] [STATS] switches=1 packet_in/s=27730 msgs/s=27730
[17:04:21.039] [STATS] switches=1 packet_in/s=31336 msgs/s=31336
[17:04:22.040] [STATS] switches=1 packet_in/s=30764 msgs/s=30764
[17:04:23.040] [STATS] switches=1 packet_in/s=28761 msgs/s=28761
[17:04:24.040] [STATS] switches=1 packet_in/s=27707 msgs/s=27707
[17:04:25.040] [STATS] switches=1 packet_in/s=29081 msgs/s=29081
[17:04:26.040] [STATS] switches=1 packet_in/s=30066 msgs/s=30066
[17:04:27.041] [STATS] switches=1 packet_in/s=29032 msgs/s=29032
[17:04:28.042] [STATS] switches=1 packet_in/s=29033 msgs/s=29033
[17:04:29.042] [STATS] switches=1 packet_in/s=24919 msgs/s=24919
