2026-10-01T21:34:33.009Z|06871|dpif_netlink|INFO|Datapath dispatch mode: per-cpu
2026-10-01T21:34:33.011Z|06872|ofproto_dpif|INFO|system@ovs-system: Datapath supports recirculation
2026-10-01T21:34:33.011Z|06873|ofproto_dpif|INFO|system@ovs-system: VLAN header stack length probed as 2
2026-10-01T21:34:33.011Z|06874|ofproto_dpif|INFO|system@ovs-system: MPLS label stack length probed as 3
2026-10-01T21:34:33.011Z|06875|ofproto_dpif|INFO|system@ovs-system: Datapath supports truncate action
2026-10-01T21:34:33.011Z|06876|ofproto_dpif|INFO|system@ovs-system: Datapath supports unique flow ids
2026-10-01T21:34:33.011Z|06877|ofproto_dpif|INFO|system@ovs-system: Datapath supports clone action
2026-10-01T21:34:33.011Z|06878|ofproto_dpif|INFO|system@ovs-system: Max sample nesting level probed as 10
2026-10-01T21:34:33.011Z|06879|ofproto_dpif|INFO|system@ovs-system: Datapath supports eventmask in conntrack action
2026-10-01T21:34:33.011Z|06880|ofproto_dpif|INFO|system@ovs-system: Datapath supports ct_clear action
2026-10-01T21:34:33.012Z|06881|ofproto_dpif|INFO|system@ovs-system: Max dp_hash algorithm probed to be 1
2026-10-01T21:34:33.012Z|06882|ofproto_dpif|INFO|system@ovs-system: Datapath supports check_pkt_len action
2026-10-01T21:34:33.012Z|06883|ofproto_dpif|INFO|system@ovs-system: Datapath supports timeout policy in conntrack action
2026-10-01T21:34:33.012Z|06884|ofproto_dpif|INFO|system@ovs-system: Datapath supports explicit drop action
2026-10-01T21:34:33.012Z|06885|ofproto_dpif|INFO|system@ovs-system: Datapath supports ct_zero_snat
2026-10-01T21:34:33.012Z|06886|ofproto_dpif|INFO|system@ovs-system: Datapath supports add_mpls action
2026-10-01T21:34:33.012Z|06887|dpif|WARN|system@ovs-system: psample flow probe failed (Operation not supported)
2026-10-01T21:34:33.012Z|06888|ofproto_dpif|INFO|system@ovs-system: Datapath does not support psample action
2026-10-01T21:34:33.012Z|06889|ofproto_dpif|INFO|system@ovs-system: Datapath supports ct_state
2026-10-01T21:34:33.012Z|06890|ofproto_dpif|INFO|system@ovs-system: Datapath supports ct_zone
2026-10-01T21:34:33.012Z|06891|ofproto_dpif|INFO|system@ovs-system: Datapath supports ct_mark
2026-10-01T21:34:33.012Z|06892|ofproto_dpif|INFO|system@ovs-system: Datapath supports ct_label
2026-10-01T21:34:33.012Z|06893|ofproto_dpif|INFO|system@ovs-system: Datapath supports ct_state_nat
2026-10-01T21:34:33.012Z|06894|ofproto_dpif|INFO|system@ovs-system: Datapath supports ct_orig_tuple
2026-10-01T21:34:33.012Z|06895|ofproto_dpif|INFO|system@ovs-system: Datapath supports ct_orig_tuple6
2026-10-01T21:34:33.012Z|06896|ofproto_dpif|INFO|system@ovs-system: Datapath does not support IPv6 ND Extensions
2026-10-01T21:34:33.013Z|06897|ofproto_dpif_upcall|INFO|Overriding n-handler-threads to 16, setting n-revalidator-threads to 5
2026-10-01T21:34:33.013Z|06898|ofproto_dpif_upcall|INFO|Starting 21 threads
2026-10-01T21:34:33.021Z|06899|bridge|INFO|bridge s1: added interface s1-eth2 on port 2
2026-10-01T21:34:33.021Z|06900|bridge|INFO|bridge s1: added interface s1-eth1 on port 1
2026-10-01T21:34:33.021Z|06901|bridge|INFO|bridge s1: added interface s1-eth4 on port 4
2026-10-01T21:34:33.022Z|06902|bridge|INFO|bridge s1: added interface s1-eth3 on port 3
2026-10-01T21:34:33.029Z|00001|ofproto_dpif_upcall(handler1519)|INFO|received packet on unassociated datapath port 3 (no OpenFlow port for datapath port 3)
2026-10-01T21:34:33.029Z|00001|ofproto_dpif_upcall(handler1527)|INFO|received packet on unassociated datapath port 4 (no OpenFlow port for datapath port 4)
2026-10-01T21:34:33.036Z|06903|bridge|INFO|bridge s1: added interface s1 on port 65534
2026-10-01T21:34:33.036Z|06904|bridge|INFO|bridge s1: using datapath ID 0000000000000001
2026-10-01T21:34:33.037Z|06905|rconn|INFO|s1<->tcp:127.0.0.1:6653: connecting...
2026-10-01T21:34:33.037Z|06906|connmgr|INFO|s1: added primary controller "tcp:127.0.0.1:6653"
2026-10-01T21:34:33.037Z|06907|connmgr|INFO|s1: added service controller "punix:/var/run/openvswitch/s1.mgmt"
2026-10-01T21:34:33.045Z|06908|rconn|INFO|s1<->tcp:127.0.0.1:6653: connected
2026-10-01T21:34:33.055Z|06909|bridge|INFO|bridge s2: added interface s2-eth4 on port 4
2026-10-01T21:34:33.056Z|06910|bridge|INFO|bridge s2: added interface s2-eth5 on port 5
2026-10-01T21:34:33.056Z|06911|bridge|INFO|bridge s2: added interface s2-eth2 on port 2
2026-10-01T21:34:33.056Z|06912|bridge|INFO|bridge s2: added interface s2-eth3 on port 3
2026-10-01T21:34:33.057Z|06913|bridge|INFO|bridge s2: added interface s2-eth1 on port 1
2026-10-01T21:34:33.062Z|06914|bridge|INFO|bridge s2: added interface s2 on port 65534
2026-10-01T21:34:33.062Z|06915|bridge|INFO|bridge s2: using datapath ID 0000000000000002
2026-10-01T21:34:33.062Z|06916|rconn|INFO|s2<->tcp:127.0.0.1:6653: connecting...
2026-10-01T21:34:33.063Z|06917|connmgr|INFO|s2: added primary controller "tcp:127.0.0.1:6653"
2026-10-01T21:34:33.063Z|06918|connmgr|INFO|s2: added service controller "punix:/var/run/openvswitch/s2.mgmt"
2026-10-01T21:34:33.070Z|06919|rconn|INFO|s2<->tcp:127.0.0.1:6653: connected
2026-10-01T21:34:33.081Z|06920|bridge|INFO|bridge s3: added interface s3-eth5 on port 5
2026-10-01T21:34:33.081Z|06921|bridge|INFO|bridge s3: added interface s3-eth1 on port 1
2026-10-01T21:34:33.082Z|06922|bridge|INFO|bridge s3: added interface s3-eth3 on port 3
2026-10-01T21:34:33.082Z|06923|bridge|INFO|bridge s3: added interface s3-eth2 on port 2
2026-10-01T21:34:33.082Z|06924|bridge|INFO|bridge s3: added interface s3-eth4 on port 4
2026-10-01T21:34:33.087Z|06925|bridge|INFO|bridge s3: added interface s3 on port 65534
2026-10-01T21:34:33.087Z|06926|bridge|INFO|bridge s3: using datapath ID 0000000000000003
2026-10-01T21:34:33.088Z|06927|rconn|INFO|s3<->tcp:127.0.0.1:6653: connecting...
2026-10-01T21:34:33.088Z|06928|connmgr|INFO|s3: added primary controller "tcp:127.0.0.1:6653"
2026-10-01T21:34:33.088Z|06929|connmgr|INFO|s3: added service controller "punix:/var/run/openvswitch/s3.mgmt"
2026-10-01T21:34:33.088Z|06930|rconn|INFO|s3<->tcp:127.0.0.1:6653: connected
2026-10-01T21:34:33.108Z|06931|bridge|INFO|bridge s4: added interface s4-eth3 on port 3
2026-10-01T21:34:33.108Z|06932|bridge|INFO|bridge s4: added interface s4-eth4 on port 4
2026-10-01T21:34:33.108Z|06933|bridge|INFO|bridge s4: added interface s4-eth5 on port 5
2026-10-01T21:34:33.108Z|06934|bridge|INFO|bridge s4: added interface s4-eth1 on port 1
2026-10-01T21:34:33.109Z|06935|bridge|INFO|bridge s4: added interface s4-eth2 on port 2
2026-10-01T21:34:33.114Z|06936|bridge|INFO|bridge s4: added interface s4 on port 65534
2026-10-01T21:34:33.114Z|06937|bridge|INFO|bridge s4: using datapath ID 0000000000000004
2026-10-01T21:34:33.114Z|06938|rconn|INFO|s4<->tcp:127.0.0.1:6653: connecting...
2026-10-01T21:34:33.114Z|06939|connmgr|INFO|s4: added primary controller "tcp:127.0.0.1:6653"
2026-10-01T21:34:33.115Z|06940|connmgr|INFO|s4: added service controller "punix:/var/run/openvswitch/s4.mgmt"
2026-10-01T21:34:33.123Z|06941|rconn|INFO|s4<->tcp:127.0.0.1:6653: connected
2026-10-01T21:34:33.140Z|06942|bridge|INFO|bridge s5: added interface s5-eth5 on port 5
2026-10-01T21:34:33.141Z|06943|bridge|INFO|bridge s5: added interface s5-eth1 on port 1
2026-10-01T21:34:33.141Z|06944|bridge|INFO|bridge s5: added interface s5-eth2 on port 2
2026-10-01T21:34:33.142Z|06945|bridge|INFO|bridge s5: added interface s5-eth4 on port 4
2026-10-01T21:34:33.142Z|06946|bridge|INFO|bridge s5: added interface s5-eth3 on port 3
2026-10-01T21:34:33.147Z|06947|bridge|INFO|bridge s5: added interface s5 on port 65534
2026-10-01T21:34:33.147Z|06948|bridge|INFO|bridge s5: using datapath ID 0000000000000005
2026-10-01T21:34:33.147Z|06949|connmgr|INFO|s5: added service controller "punix:/var/run/openvswitch/s5.mgmt"
2026-10-01T21:34:33.147Z|06950|rconn|INFO|s5<->tcp:127.0.0.1:6653: connecting...
2026-10-01T21:34:33.147Z|06951|connmgr|INFO|s5: added primary controller "tcp:127.0.0.1:6653"
2026-10-01T21:34:33.156Z|06952|rconn|INFO|s5<->tcp:127.0.0.1:6653: connected
