=== Controlador SDN Didático v2 (OpenFlow 1.0 / Hub) ===
Iniciando servidor socket TCP em 0.0.0.0:6653...
Aguardando conexões dos switches (porta 6653)...

[18:18:08.679] [+] Conexão TCP estabelecida com o switch: 127.0.0.1:43202
[18:18:08.679] [ERRO] Handshake falhou com ('127.0.0.1', 43202): Conexão encerrada pelo switch/cliente.
[18:18:09.477] [STATS] switches=0 packet_in/s=0 msgs/s=0
[18:18:10.477] [STATS] switches=0 packet_in/s=0 msgs/s=0
[18:18:11.478] [STATS] switches=0 packet_in/s=0 msgs/s=0
[18:18:12.478] [STATS] switches=0 packet_in/s=0 msgs/s=0
[18:18:12.484] [+] Conexão TCP estabelecida com o switch: 127.0.0.1:43206
[18:18:12.484]     <<< HELLO de 127.0.0.1:43206 (xid=822)
[18:18:12.484]     >>> FEATURES_REQUEST para 127.0.0.1:43206
[18:18:12.487]     <<< FEATURES_REPLY: DPID=0000000000000001 buffers=0 tabelas=254 portas=5 (2.80 ms)
[18:18:12.487] [OK] Handshake concluído com DPID 1 (1 switch(es) conectado(s))
[18:18:12.498] [+] Conexão TCP estabelecida com o switch: 127.0.0.1:43218
[18:18:12.499]     <<< HELLO de 127.0.0.1:43218 (xid=823)
[18:18:12.499]     >>> FEATURES_REQUEST para 127.0.0.1:43218
[18:18:12.503]     <<< PORT_STATUS ignorada durante o handshake
[18:18:12.503]     <<< FEATURES_REPLY: DPID=0000000000000002 buffers=0 tabelas=254 portas=6 (4.16 ms)
[18:18:12.503] [OK] Handshake concluído com DPID 2 (2 switch(es) conectado(s))
[18:18:12.513] [+] Conexão TCP estabelecida com o switch: 127.0.0.1:43224
[18:18:12.513]     <<< HELLO de 127.0.0.1:43224 (xid=824)
[18:18:12.513]     >>> FEATURES_REQUEST para 127.0.0.1:43224
[18:18:12.516]     <<< PORT_STATUS ignorada durante o handshake
[18:18:12.516]     <<< FEATURES_REPLY: DPID=0000000000000003 buffers=0 tabelas=254 portas=6 (3.06 ms)
[18:18:12.516] [OK] Handshake concluído com DPID 3 (3 switch(es) conectado(s))
[18:18:12.528] [+] Conexão TCP estabelecida com o switch: 127.0.0.1:43230
[18:18:12.529]     <<< HELLO de 127.0.0.1:43230 (xid=825)
[18:18:12.529]     >>> FEATURES_REQUEST para 127.0.0.1:43230
[18:18:12.531]     <<< FEATURES_REPLY: DPID=0000000000000004 buffers=0 tabelas=254 portas=6 (2.52 ms)
[18:18:12.531] [OK] Handshake concluído com DPID 4 (4 switch(es) conectado(s))
[18:18:12.544] [+] Conexão TCP estabelecida com o switch: 127.0.0.1:43234
[18:18:12.544]     <<< HELLO de 127.0.0.1:43234 (xid=826)
[18:18:12.544]     >>> FEATURES_REQUEST para 127.0.0.1:43234
[18:18:12.547]     <<< FEATURES_REPLY: DPID=0000000000000005 buffers=0 tabelas=254 portas=6 (3.60 ms)
[18:18:12.548] [OK] Handshake concluído com DPID 5 (5 switch(es) conectado(s))
[18:18:12.551] PACKET_IN dpid=2 in_port=1 00:00:00:00:00:01 -> 33:33:00:00:00:16 eth_type=0x86dd len=110
[18:18:12.551] PACKET_IN dpid=5 in_port=2 00:00:00:00:00:0e -> 33:33:00:00:00:16 eth_type=0x86dd len=110
[18:18:12.553] PACKET_IN dpid=1 in_port=4 00:00:00:00:00:0e -> 33:33:00:00:00:16 eth_type=0x86dd len=110
[18:18:12.553] PACKET_IN dpid=1 in_port=1 00:00:00:00:00:01 -> 33:33:00:00:00:16 eth_type=0x86dd len=110
[18:18:12.554] PACKET_IN dpid=2 in_port=5 00:00:00:00:00:0e -> 33:33:00:00:00:16 eth_type=0x86dd len=110
[18:18:12.554] PACKET_IN dpid=3 in_port=5 00:00:00:00:00:0e -> 33:33:00:00:00:16 eth_type=0x86dd len=110
[18:18:12.554] PACKET_IN dpid=4 in_port=5 00:00:00:00:00:0e -> 33:33:00:00:00:16 eth_type=0x86dd len=110
[18:18:12.554] PACKET_IN dpid=5 in_port=5 00:00:00:00:00:01 -> 33:33:00:00:00:16 eth_type=0x86dd len=110
[18:18:12.554] PACKET_IN dpid=3 in_port=5 00:00:00:00:00:01 -> 33:33:00:00:00:16 eth_type=0x86dd len=110
[18:18:12.554] PACKET_IN dpid=4 in_port=5 00:00:00:00:00:01 -> 33:33:00:00:00:16 eth_type=0x86dd len=110
[18:18:12.566] PACKET_IN dpid=2 in_port=1 00:00:00:00:00:01 -> 33:33:ff:00:00:01 eth_type=0x86dd len=86
[18:18:12.567] PACKET_IN dpid=1 in_port=1 00:00:00:00:00:01 -> 33:33:ff:00:00:01 eth_type=0x86dd len=86
[18:18:12.568] PACKET_IN dpid=3 in_port=5 00:00:00:00:00:01 -> 33:33:ff:00:00:01 eth_type=0x86dd len=86
[18:18:12.568] PACKET_IN dpid=4 in_port=5 00:00:00:00:00:01 -> 33:33:ff:00:00:01 eth_type=0x86dd len=86
[18:18:12.568] PACKET_IN dpid=5 in_port=5 00:00:00:00:00:01 -> 33:33:ff:00:00:01 eth_type=0x86dd len=86
[18:18:12.570] PACKET_IN dpid=5 in_port=1 00:00:00:00:00:0d -> 33:33:00:00:00:16 eth_type=0x86dd len=110
[18:18:12.571] PACKET_IN dpid=1 in_port=4 00:00:00:00:00:0d -> 33:33:00:00:00:16 eth_type=0x86dd len=110
[18:18:12.572] PACKET_IN dpid=2 in_port=5 00:00:00:00:00:0d -> 33:33:00:00:00:16 eth_type=0x86dd len=110
[18:18:12.572] PACKET_IN dpid=3 in_port=5 00:00:00:00:00:0d -> 33:33:00:00:00:16 eth_type=0x86dd len=110
[18:18:12.572] PACKET_IN dpid=4 in_port=5 00:00:00:00:00:0d -> 33:33:00:00:00:16 eth_type=0x86dd len=110
[18:18:12.594] PACKET_IN dpid=4 in_port=1 00:00:00:00:00:09 -> 33:33:00:00:00:16 eth_type=0x86dd len=110
[18:18:12.595] PACKET_IN dpid=1 in_port=3 00:00:00:00:00:09 -> 33:33:00:00:00:16 eth_type=0x86dd len=110
[18:18:12.597] PACKET_IN dpid=2 in_port=5 00:00:00:00:00:09 -> 33:33:00:00:00:16 eth_type=0x86dd len=110
[18:18:12.597] PACKET_IN dpid=3 in_port=5 00:00:00:00:00:09 -> 33:33:00:00:00:16 eth_type=0x86dd len=110
[18:18:12.597] PACKET_IN dpid=5 in_port=5 00:00:00:00:00:09 -> 33:33:00:00:00:16 eth_type=0x86dd len=110
[18:18:12.665] PACKET_IN dpid=3 in_port=3 00:00:00:00:00:07 -> 33:33:00:00:00:16 eth_type=0x86dd len=110
[18:18:12.667] PACKET_IN dpid=1 in_port=2 00:00:00:00:00:07 -> 33:33:00:00:00:16 eth_type=0x86dd len=110
[18:18:12.668] PACKET_IN dpid=2 in_port=5 00:00:00:00:00:07 -> 33:33:00:00:00:16 eth_type=0x86dd len=110
[18:18:12.668] PACKET_IN dpid=4 in_port=5 00:00:00:00:00:07 -> 33:33:00:00:00:16 eth_type=0x86dd len=110
[18:18:12.668] PACKET_IN dpid=5 in_port=5 00:00:00:00:00:07 -> 33:33:00:00:00:16 eth_type=0x86dd len=110
[18:18:12.706] PACKET_IN dpid=2 in_port=5 7e:45:eb:69:fa:1f -> 33:33:ff:69:fa:1f eth_type=0x86dd len=86
[18:18:12.710] PACKET_IN dpid=3 in_port=5 b6:1f:6e:e8:5e:cd -> 33:33:ff:e8:5e:cd eth_type=0x86dd len=86
[18:18:12.726] PACKET_IN dpid=5 in_port=3 00:00:00:00:00:0f -> 33:33:00:00:00:16 eth_type=0x86dd len=110
[18:18:12.728] PACKET_IN dpid=1 in_port=4 00:00:00:00:00:0f -> 33:33:00:00:00:16 eth_type=0x86dd len=110
[18:18:12.729] PACKET_IN dpid=2 in_port=5 00:00:00:00:00:0f -> 33:33:00:00:00:16 eth_type=0x86dd len=110
[18:18:12.729] PACKET_IN dpid=3 in_port=5 00:00:00:00:00:0f -> 33:33:00:00:00:16 eth_type=0x86dd len=110
[18:18:12.729] PACKET_IN dpid=4 in_port=5 00:00:00:00:00:0f -> 33:33:00:00:00:16 eth_type=0x86dd len=110
[18:18:12.738] PACKET_IN dpid=3 in_port=4 00:00:00:00:00:08 -> 33:33:ff:00:00:08 eth_type=0x86dd len=86
[18:18:12.738] PACKET_IN dpid=4 in_port=5 d2:a2:63:ed:5d:e9 -> 33:33:ff:ed:5d:e9 eth_type=0x86dd len=86
[18:18:12.740] PACKET_IN dpid=1 in_port=2 00:00:00:00:00:08 -> 33:33:ff:00:00:08 eth_type=0x86dd len=86
[18:18:12.741] PACKET_IN dpid=2 in_port=5 00:00:00:00:00:08 -> 33:33:ff:00:00:08 eth_type=0x86dd len=86
[18:18:12.741] PACKET_IN dpid=4 in_port=5 00:00:00:00:00:08 -> 33:33:ff:00:00:08 eth_type=0x86dd len=86
[18:18:12.741] PACKET_IN dpid=5 in_port=5 00:00:00:00:00:08 -> 33:33:ff:00:00:08 eth_type=0x86dd len=86
[18:18:12.770] PACKET_IN dpid=2 in_port=4 00:00:00:00:00:04 -> 33:33:00:00:00:16 eth_type=0x86dd len=110
[18:18:12.770] PACKET_IN dpid=3 in_port=5 b6:1f:6e:e8:5e:cd -> 33:33:00:00:00:16 eth_type=0x86dd len=90
[18:18:12.770] PACKET_IN dpid=5 in_port=4 00:00:00:00:00:10 -> 33:33:00:00:00:16 eth_type=0x86dd len=110
[18:18:12.771] PACKET_IN dpid=1 in_port=4 00:00:00:00:00:10 -> 33:33:00:00:00:16 eth_type=0x86dd len=110
[18:18:12.771] PACKET_IN dpid=1 in_port=1 00:00:00:00:00:04 -> 33:33:00:00:00:16 eth_type=0x86dd len=110
[18:18:12.772] PACKET_IN dpid=2 in_port=5 00:00:00:00:00:10 -> 33:33:00:00:00:16 eth_type=0x86dd len=110
[18:18:12.772] PACKET_IN dpid=3 in_port=5 00:00:00:00:00:10 -> 33:33:00:00:00:16 eth_type=0x86dd len=110
[18:18:12.772] PACKET_IN dpid=4 in_port=5 00:00:00:00:00:10 -> 33:33:00:00:00:16 eth_type=0x86dd len=110
[18:18:12.772] PACKET_IN dpid=5 in_port=5 00:00:00:00:00:04 -> 33:33:00:00:00:16 eth_type=0x86dd len=110
[18:18:12.773] PACKET_IN dpid=3 in_port=5 00:00:00:00:00:04 -> 33:33:00:00:00:16 eth_type=0x86dd len=110
[18:18:12.773] PACKET_IN dpid=4 in_port=5 00:00:00:00:00:04 -> 33:33:00:00:00:16 eth_type=0x86dd len=110
[18:18:12.834] PACKET_IN dpid=3 in_port=2 00:00:00:00:00:06 -> 33:33:00:00:00:16 eth_type=0x86dd len=110
[18:18:12.834] PACKET_IN dpid=4 in_port=2 00:00:00:00:00:0a -> 33:33:ff:00:00:0a eth_type=0x86dd len=86
[18:18:12.834] PACKET_IN dpid=3 in_port=1 00:00:00:00:00:05 -> 33:33:00:00:00:16 eth_type=0x86dd len=110
[18:18:12.835] PACKET_IN dpid=1 in_port=2 00:00:00:00:00:06 -> 33:33:00:00:00:16 eth_type=0x86dd len=110
[18:18:12.835] PACKET_IN dpid=1 in_port=2 00:00:00:00:00:05 -> 33:33:00:00:00:16 eth_type=0x86dd len=110
[18:18:12.835] PACKET_IN dpid=1 in_port=3 00:00:00:00:00:0a -> 33:33:ff:00:00:0a eth_type=0x86dd len=86
[18:18:12.837] PACKET_IN dpid=2 in_port=5 00:00:00:00:00:06 -> 33:33:00:00:00:16 eth_type=0x86dd len=110
[18:18:12.837] PACKET_IN dpid=3 in_port=5 00:00:00:00:00:0a -> 33:33:ff:00:00:0a eth_type=0x86dd len=86
[18:18:12.837] PACKET_IN dpid=4 in_port=5 00:00:00:00:00:06 -> 33:33:00:00:00:16 eth_type=0x86dd len=110
[18:18:12.837] PACKET_IN dpid=5 in_port=5 00:00:00:00:00:06 -> 33:33:00:00:00:16 eth_type=0x86dd len=110
[18:18:12.837] PACKET_IN dpid=2 in_port=5 00:00:00:00:00:05 -> 33:33:00:00:00:16 eth_type=0x86dd len=110
[18:18:12.837] PACKET_IN dpid=4 in_port=5 00:00:00:00:00:05 -> 33:33:00:00:00:16 eth_type=0x86dd len=110
[18:18:12.837] PACKET_IN dpid=5 in_port=5 00:00:00:00:00:05 -> 33:33:00:00:00:16 eth_type=0x86dd len=110
[18:18:12.837] PACKET_IN dpid=2 in_port=5 00:00:00:00:00:0a -> 33:33:ff:00:00:0a eth_type=0x86dd len=86
[18:18:12.837] PACKET_IN dpid=5 in_port=5 00:00:00:00:00:0a -> 33:33:ff:00:00:0a eth_type=0x86dd len=86
[18:18:12.866] PACKET_IN dpid=1 in_port=4 d6:0d:db:1a:d1:00 -> 33:33:00:00:00:16 eth_type=0x86dd len=90
[18:18:12.866] PACKET_IN dpid=1 in_port=3 e6:fd:21:69:c5:e9 -> 33:33:00:00:00:16 eth_type=0x86dd len=90
[18:18:12.867] PACKET_IN dpid=2 in_port=5 d6:0d:db:1a:d1:00 -> 33:33:00:00:00:16 eth_type=0x86dd len=90
[18:18:12.867] PACKET_IN dpid=3 in_port=5 d6:0d:db:1a:d1:00 -> 33:33:00:00:00:16 eth_type=0x86dd len=90
[18:18:12.867] PACKET_IN dpid=4 in_port=5 d6:0d:db:1a:d1:00 -> 33:33:00:00:00:16 eth_type=0x86dd len=90
[18:18:12.867] PACKET_IN dpid=5 in_port=5 e6:fd:21:69:c5:e9 -> 33:33:00:00:00:16 eth_type=0x86dd len=90
[18:18:12.867] PACKET_IN dpid=2 in_port=5 e6:fd:21:69:c5:e9 -> 33:33:00:00:00:16 eth_type=0x86dd len=90
[18:18:12.867] PACKET_IN dpid=3 in_port=5 e6:fd:21:69:c5:e9 -> 33:33:00:00:00:16 eth_type=0x86dd len=90
[18:18:12.870] PACKET_IN dpid=3 in_port=4 00:00:00:00:00:08 -> 33:33:00:00:00:16 eth_type=0x86dd len=110
[18:18:12.871] PACKET_IN dpid=1 in_port=2 00:00:00:00:00:08 -> 33:33:00:00:00:16 eth_type=0x86dd len=110
[18:18:12.872] PACKET_IN dpid=2 in_port=5 00:00:00:00:00:08 -> 33:33:00:00:00:16 eth_type=0x86dd len=110
[18:18:12.872] PACKET_IN dpid=4 in_port=5 00:00:00:00:00:08 -> 33:33:00:00:00:16 eth_type=0x86dd len=110
[18:18:12.872] PACKET_IN dpid=5 in_port=5 00:00:00:00:00:08 -> 33:33:00:00:00:16 eth_type=0x86dd len=110
[18:18:12.897] PACKET_IN dpid=3 in_port=1 00:00:00:00:00:05 -> 33:33:ff:00:00:05 eth_type=0x86dd len=86
[18:18:12.897] PACKET_IN dpid=4 in_port=4 00:00:00:00:00:0c -> 33:33:ff:00:00:0c eth_type=0x86dd len=86
[18:18:12.897] PACKET_IN dpid=5 in_port=4 00:00:00:00:00:10 -> 33:33:ff:00:00:10 eth_type=0x86dd len=86
[18:18:12.899] PACKET_IN dpid=1 in_port=2 00:00:00:00:00:05 -> 33:33:ff:00:00:05 eth_type=0x86dd len=86
[18:18:12.899] PACKET_IN dpid=1 in_port=3 00:00:00:00:00:0c -> 33:33:ff:00:00:0c eth_type=0x86dd len=86
[18:18:12.899] PACKET_IN dpid=1 in_port=4 00:00:00:00:00:10 -> 33:33:ff:00:00:10 eth_type=0x86dd len=86
[18:18:12.900] PACKET_IN dpid=2 in_port=5 00:00:00:00:00:05 -> 33:33:ff:00:00:05 eth_type=0x86dd len=86
[18:18:12.900] PACKET_IN dpid=3 in_port=5 00:00:00:00:00:0c -> 33:33:ff:00:00:0c eth_type=0x86dd len=86
[18:18:12.900] PACKET_IN dpid=4 in_port=5 00:00:00:00:00:05 -> 33:33:ff:00:00:05 eth_type=0x86dd len=86
[18:18:12.900] PACKET_IN dpid=5 in_port=5 00:00:00:00:00:05 -> 33:33:ff:00:00:05 eth_type=0x86dd len=86
[18:18:12.900] PACKET_IN dpid=2 in_port=5 00:00:00:00:00:0c -> 33:33:ff:00:00:0c eth_type=0x86dd len=86
[18:18:12.900] PACKET_IN dpid=3 in_port=5 00:00:00:00:00:10 -> 33:33:ff:00:00:10 eth_type=0x86dd len=86
[18:18:12.900] PACKET_IN dpid=4 in_port=5 00:00:00:00:00:10 -> 33:33:ff:00:00:10 eth_type=0x86dd len=86
[18:18:12.900] PACKET_IN dpid=5 in_port=5 00:00:00:00:00:0c -> 33:33:ff:00:00:0c eth_type=0x86dd len=86
[18:18:12.900] PACKET_IN dpid=2 in_port=5 00:00:00:00:00:10 -> 33:33:ff:00:00:10 eth_type=0x86dd len=86
[18:18:12.929] PACKET_IN dpid=2 in_port=2 00:00:00:00:00:02 -> 33:33:ff:00:00:02 eth_type=0x86dd len=86
[18:18:12.931] PACKET_IN dpid=1 in_port=1 00:00:00:00:00:02 -> 33:33:ff:00:00:02 eth_type=0x86dd len=86
[18:18:12.932] PACKET_IN dpid=3 in_port=5 00:00:00:00:00:02 -> 33:33:ff:00:00:02 eth_type=0x86dd len=86
[18:18:12.932] PACKET_IN dpid=4 in_port=5 00:00:00:00:00:02 -> 33:33:ff:00:00:02 eth_type=0x86dd len=86
[18:18:12.932] PACKET_IN dpid=5 in_port=5 00:00:00:00:00:02 -> 33:33:ff:00:00:02 eth_type=0x86dd len=86
[18:18:12.962] PACKET_IN dpid=1 in_port=4 d6:0d:db:1a:d1:00 -> 33:33:ff:1a:d1:00 eth_type=0x86dd len=86
[18:18:12.963] PACKET_IN dpid=2 in_port=5 d6:0d:db:1a:d1:00 -> 33:33:ff:1a:d1:00 eth_type=0x86dd len=86
[18:18:12.963] PACKET_IN dpid=3 in_port=5 d6:0d:db:1a:d1:00 -> 33:33:ff:1a:d1:00 eth_type=0x86dd len=86
[18:18:12.963] PACKET_IN dpid=4 in_port=5 d6:0d:db:1a:d1:00 -> 33:33:ff:1a:d1:00 eth_type=0x86dd len=86
[18:18:12.993] PACKET_IN dpid=1 in_port=1 82:35:ab:38:db:bd -> 33:33:ff:38:db:bd eth_type=0x86dd len=86
[18:18:12.993] PACKET_IN dpid=4 in_port=4 00:00:00:00:00:0c -> 33:33:00:00:00:16 eth_type=0x86dd len=110
[18:18:12.993] PACKET_IN dpid=4 in_port=5 d2:a2:63:ed:5d:e9 -> 33:33:00:00:00:16 eth_type=0x86dd len=90
[18:18:12.993] PACKET_IN dpid=4 in_port=3 00:00:00:00:00:0b -> 33:33:ff:00:00:0b eth_type=0x86dd len=86
[18:18:12.995] PACKET_IN dpid=1 in_port=3 00:00:00:00:00:0c -> 33:33:00:00:00:16 eth_type=0x86dd len=110
[18:18:12.995] PACKET_IN dpid=3 in_port=5 82:35:ab:38:db:bd -> 33:33:ff:38:db:bd eth_type=0x86dd len=86
[18:18:12.995] PACKET_IN dpid=4 in_port=5 82:35:ab:38:db:bd -> 33:33:ff:38:db:bd eth_type=0x86dd len=86
[18:18:12.995] PACKET_IN dpid=5 in_port=5 82:35:ab:38:db:bd -> 33:33:ff:38:db:bd eth_type=0x86dd len=86
[18:18:12.995] PACKET_IN dpid=1 in_port=3 00:00:00:00:00:0b -> 33:33:ff:00:00:0b eth_type=0x86dd len=86
[18:18:12.996] PACKET_IN dpid=2 in_port=5 00:00:00:00:00:0c -> 33:33:00:00:00:16 eth_type=0x86dd len=110
[18:18:12.996] PACKET_IN dpid=3 in_port=5 00:00:00:00:00:0c -> 33:33:00:00:00:16 eth_type=0x86dd len=110
[18:18:12.996] PACKET_IN dpid=5 in_port=5 00:00:00:00:00:0c -> 33:33:00:00:00:16 eth_type=0x86dd len=110
[18:18:12.996] PACKET_IN dpid=2 in_port=5 00:00:00:00:00:0b -> 33:33:ff:00:00:0b eth_type=0x86dd len=86
[18:18:12.996] PACKET_IN dpid=3 in_port=5 00:00:00:00:00:0b -> 33:33:ff:00:00:0b eth_type=0x86dd len=86
[18:18:12.996] PACKET_IN dpid=5 in_port=5 00:00:00:00:00:0b -> 33:33:ff:00:00:0b eth_type=0x86dd len=86
[18:18:12.998] PACKET_IN dpid=4 in_port=1 00:00:00:00:00:09 -> 33:33:ff:00:00:09 eth_type=0x86dd len=86
[18:18:12.998] PACKET_IN dpid=5 in_port=3 00:00:00:00:00:0f -> 33:33:ff:00:00:0f eth_type=0x86dd len=86
[18:18:12.999] PACKET_IN dpid=1 in_port=3 00:00:00:00:00:09 -> 33:33:ff:00:00:09 eth_type=0x86dd len=86
[18:18:12.999] PACKET_IN dpid=1 in_port=4 00:00:00:00:00:0f -> 33:33:ff:00:00:0f eth_type=0x86dd len=86
[18:18:12.000] PACKET_IN dpid=2 in_port=5 00:00:00:00:00:09 -> 33:33:ff:00:00:09 eth_type=0x86dd len=86
[18:18:12.001] PACKET_IN dpid=3 in_port=5 00:00:00:00:00:09 -> 33:33:ff:00:00:09 eth_type=0x86dd len=86
[18:18:12.001] PACKET_IN dpid=4 in_port=5 00:00:00:00:00:0f -> 33:33:ff:00:00:0f eth_type=0x86dd len=86
[18:18:12.001] PACKET_IN dpid=5 in_port=5 00:00:00:00:00:09 -> 33:33:ff:00:00:09 eth_type=0x86dd len=86
[18:18:12.001] PACKET_IN dpid=2 in_port=5 00:00:00:00:00:0f -> 33:33:ff:00:00:0f eth_type=0x86dd len=86
[18:18:12.001] PACKET_IN dpid=3 in_port=5 00:00:00:00:00:0f -> 33:33:ff:00:00:0f eth_type=0x86dd len=86
[18:18:13.026] PACKET_IN dpid=4 in_port=2 00:00:00:00:00:0a -> 33:33:00:00:00:16 eth_type=0x86dd len=110
[18:18:13.026] PACKET_IN dpid=5 in_port=5 66:5a:27:72:e3:a5 -> 33:33:ff:72:e3:a5 eth_type=0x86dd len=86
[18:18:13.027] PACKET_IN dpid=1 in_port=3 00:00:00:00:00:0a -> 33:33:00:00:00:16 eth_type=0x86dd len=110
[18:18:13.028] PACKET_IN dpid=2 in_port=5 00:00:00:00:00:0a -> 33:33:00:00:00:16 eth_type=0x86dd len=110
[18:18:13.028] PACKET_IN dpid=3 in_port=5 00:00:00:00:00:0a -> 33:33:00:00:00:16 eth_type=0x86dd len=110
[18:18:13.028] PACKET_IN dpid=5 in_port=5 00:00:00:00:00:0a -> 33:33:00:00:00:16 eth_type=0x86dd len=110
[18:18:13.062] PACKET_IN dpid=2 in_port=2 00:00:00:00:00:02 -> 33:33:00:00:00:16 eth_type=0x86dd len=110
[18:18:13.062] PACKET_IN dpid=2 in_port=3 00:00:00:00:00:03 -> 33:33:00:00:00:16 eth_type=0x86dd len=110
[18:18:13.063] PACKET_IN dpid=1 in_port=1 00:00:00:00:00:02 -> 33:33:00:00:00:16 eth_type=0x86dd len=110
[18:18:13.064] PACKET_IN dpid=1 in_port=1 00:00:00:00:00:03 -> 33:33:00:00:00:16 eth_type=0x86dd len=110
[18:18:13.065] PACKET_IN dpid=3 in_port=5 00:00:00:00:00:02 -> 33:33:00:00:00:16 eth_type=0x86dd len=110
[18:18:13.065] PACKET_IN dpid=4 in_port=5 00:00:00:00:00:02 -> 33:33:00:00:00:16 eth_type=0x86dd len=110
[18:18:13.065] PACKET_IN dpid=5 in_port=5 00:00:00:00:00:02 -> 33:33:00:00:00:16 eth_type=0x86dd len=110
[18:18:13.065] PACKET_IN dpid=3 in_port=5 00:00:00:00:00:03 -> 33:33:00:00:00:16 eth_type=0x86dd len=110
[18:18:13.065] PACKET_IN dpid=4 in_port=5 00:00:00:00:00:03 -> 33:33:00:00:00:16 eth_type=0x86dd len=110
[18:18:13.065] PACKET_IN dpid=5 in_port=5 00:00:00:00:00:03 -> 33:33:00:00:00:16 eth_type=0x86dd len=110
[18:18:13.089] PACKET_IN dpid=1 in_port=3 e6:fd:21:69:c5:e9 -> 33:33:ff:69:c5:e9 eth_type=0x86dd len=86
[18:18:13.091] PACKET_IN dpid=2 in_port=5 e6:fd:21:69:c5:e9 -> 33:33:ff:69:c5:e9 eth_type=0x86dd len=86
[18:18:13.091] PACKET_IN dpid=3 in_port=5 e6:fd:21:69:c5:e9 -> 33:33:ff:69:c5:e9 eth_type=0x86dd len=86
[18:18:13.091] PACKET_IN dpid=5 in_port=5 e6:fd:21:69:c5:e9 -> 33:33:ff:69:c5:e9 eth_type=0x86dd len=86
[18:18:13.153] PACKET_IN dpid=2 in_port=3 00:00:00:00:00:03 -> 33:33:ff:00:00:03 eth_type=0x86dd len=86
[18:18:13.155] PACKET_IN dpid=1 in_port=1 00:00:00:00:00:03 -> 33:33:ff:00:00:03 eth_type=0x86dd len=86
[18:18:13.156] PACKET_IN dpid=3 in_port=5 00:00:00:00:00:03 -> 33:33:ff:00:00:03 eth_type=0x86dd len=86
[18:18:13.156] PACKET_IN dpid=4 in_port=5 00:00:00:00:00:03 -> 33:33:ff:00:00:03 eth_type=0x86dd len=86
[18:18:13.156] PACKET_IN dpid=5 in_port=5 00:00:00:00:00:03 -> 33:33:ff:00:00:03 eth_type=0x86dd len=86
[18:18:13.186] PACKET_IN dpid=5 in_port=2 00:00:00:00:00:0e -> 33:33:ff:00:00:0e eth_type=0x86dd len=86
[18:18:13.187] PACKET_IN dpid=1 in_port=4 00:00:00:00:00:0e -> 33:33:ff:00:00:0e eth_type=0x86dd len=86
[18:18:13.189] PACKET_IN dpid=2 in_port=5 00:00:00:00:00:0e -> 33:33:ff:00:00:0e eth_type=0x86dd len=86
[18:18:13.189] PACKET_IN dpid=3 in_port=5 00:00:00:00:00:0e -> 33:33:ff:00:00:0e eth_type=0x86dd len=86
[18:18:13.189] PACKET_IN dpid=4 in_port=5 00:00:00:00:00:0e -> 33:33:ff:00:00:0e eth_type=0x86dd len=86
[18:18:13.217] PACKET_IN dpid=3 in_port=3 00:00:00:00:00:07 -> 33:33:ff:00:00:07 eth_type=0x86dd len=86
[18:18:13.219] PACKET_IN dpid=1 in_port=2 00:00:00:00:00:07 -> 33:33:ff:00:00:07 eth_type=0x86dd len=86
[18:18:13.220] PACKET_IN dpid=2 in_port=5 00:00:00:00:00:07 -> 33:33:ff:00:00:07 eth_type=0x86dd len=86
[18:18:13.220] PACKET_IN dpid=4 in_port=5 00:00:00:00:00:07 -> 33:33:ff:00:00:07 eth_type=0x86dd len=86
[18:18:13.220] PACKET_IN dpid=5 in_port=5 00:00:00:00:00:07 -> 33:33:ff:00:00:07 eth_type=0x86dd len=86
[18:18:13.379] PACKET_IN dpid=1 in_port=2 46:03:b3:42:07:e9 -> 33:33:00:00:00:16 eth_type=0x86dd len=90
[18:18:13.379] PACKET_IN dpid=1 in_port=2 46:03:b3:42:07:e9 -> 33:33:00:00:00:02 eth_type=0x86dd len=70
[18:18:13.381] PACKET_IN dpid=2 in_port=5 46:03:b3:42:07:e9 -> 33:33:00:00:00:16 eth_type=0x86dd len=90
[18:18:13.381] PACKET_IN dpid=4 in_port=5 46:03:b3:42:07:e9 -> 33:33:00:00:00:16 eth_type=0x86dd len=90
[18:18:13.381] PACKET_IN dpid=5 in_port=5 46:03:b3:42:07:e9 -> 33:33:00:00:00:16 eth_type=0x86dd len=90
[18:18:13.381] PACKET_IN dpid=2 in_port=5 46:03:b3:42:07:e9 -> 33:33:00:00:00:02 eth_type=0x86dd len=70
[18:18:13.381] PACKET_IN dpid=4 in_port=5 46:03:b3:42:07:e9 -> 33:33:00:00:00:02 eth_type=0x86dd len=70
[18:18:13.381] PACKET_IN dpid=5 in_port=5 46:03:b3:42:07:e9 -> 33:33:00:00:00:02 eth_type=0x86dd len=70
[18:18:13.474] PACKET_IN dpid=5 in_port=1 00:00:00:00:00:0d -> 33:33:00:00:00:16 eth_type=0x86dd len=90
[18:18:13.474] PACKET_IN dpid=5 in_port=1 00:00:00:00:00:0d -> 33:33:00:00:00:02 eth_type=0x86dd len=70
[18:18:13.475] PACKET_IN dpid=1 in_port=4 00:00:00:00:00:0d -> 33:33:00:00:00:16 eth_type=0x86dd len=90
[18:18:13.475] PACKET_IN dpid=1 in_port=4 00:00:00:00:00:0d -> 33:33:00:00:00:02 eth_type=0x86dd len=70
[18:18:13.476] PACKET_IN dpid=2 in_port=5 00:00:00:00:00:0d -> 33:33:00:00:00:16 eth_type=0x86dd len=90
[18:18:13.477] PACKET_IN dpid=3 in_port=5 00:00:00:00:00:0d -> 33:33:00:00:00:16 eth_type=0x86dd len=90
[18:18:13.477] PACKET_IN dpid=4 in_port=5 00:00:00:00:00:0d -> 33:33:00:00:00:16 eth_type=0x86dd len=90
[18:18:13.477] PACKET_IN dpid=2 in_port=5 00:00:00:00:00:0d -> 33:33:00:00:00:02 eth_type=0x86dd len=70
[18:18:13.477] PACKET_IN dpid=3 in_port=5 00:00:00:00:00:0d -> 33:33:00:00:00:02 eth_type=0x86dd len=70
[18:18:13.477] PACKET_IN dpid=4 in_port=5 00:00:00:00:00:0d -> 33:33:00:00:00:02 eth_type=0x86dd len=70
[18:18:13.479] [STATS] switches=5 packet_in/s=184 msgs/s=184
[18:18:13.506] PACKET_IN dpid=2 in_port=4 00:00:00:00:00:04 -> 33:33:00:00:00:16 eth_type=0x86dd len=90
[18:18:13.506] PACKET_IN dpid=2 in_port=4 00:00:00:00:00:04 -> 33:33:00:00:00:02 eth_type=0x86dd len=70
[18:18:13.507] PACKET_IN dpid=1 in_port=1 00:00:00:00:00:04 -> 33:33:00:00:00:16 eth_type=0x86dd len=90
[18:18:13.507] PACKET_IN dpid=1 in_port=1 00:00:00:00:00:04 -> 33:33:00:00:00:02 eth_type=0x86dd len=70
[18:18:13.509] PACKET_IN dpid=3 in_port=5 00:00:00:00:00:04 -> 33:33:00:00:00:16 eth_type=0x86dd len=90
[18:18:13.509] PACKET_IN dpid=4 in_port=5 00:00:00:00:00:04 -> 33:33:00:00:00:16 eth_type=0x86dd len=90
[18:18:13.509] PACKET_IN dpid=5 in_port=5 00:00:00:00:00:04 -> 33:33:00:00:00:16 eth_type=0x86dd len=90
[18:18:13.509] PACKET_IN dpid=3 in_port=5 00:00:00:00:00:04 -> 33:33:00:00:00:02 eth_type=0x86dd len=70
[18:18:13.509] PACKET_IN dpid=4 in_port=5 00:00:00:00:00:04 -> 33:33:00:00:00:02 eth_type=0x86dd len=70
[18:18:13.509] PACKET_IN dpid=5 in_port=5 00:00:00:00:00:04 -> 33:33:00:00:00:02 eth_type=0x86dd len=70
[18:18:13.538] PACKET_IN dpid=3 in_port=2 00:00:00:00:00:06 -> 33:33:00:00:00:16 eth_type=0x86dd len=90
[18:18:13.539] PACKET_IN dpid=3 in_port=2 00:00:00:00:00:06 -> 33:33:00:00:00:02 eth_type=0x86dd len=70
[18:18:13.540] PACKET_IN dpid=1 in_port=2 00:00:00:00:00:06 -> 33:33:00:00:00:16 eth_type=0x86dd len=90
[18:18:13.540] PACKET_IN dpid=1 in_port=2 00:00:00:00:00:06 -> 33:33:00:00:00:02 eth_type=0x86dd len=70
[18:18:13.541] PACKET_IN dpid=2 in_port=5 00:00:00:00:00:06 -> 33:33:00:00:00:16 eth_type=0x86dd len=90
[18:18:13.541] PACKET_IN dpid=4 in_port=5 00:00:00:00:00:06 -> 33:33:00:00:00:16 eth_type=0x86dd len=90
[18:18:13.541] PACKET_IN dpid=5 in_port=5 00:00:00:00:00:06 -> 33:33:00:00:00:16 eth_type=0x86dd len=90
[18:18:13.541] PACKET_IN dpid=2 in_port=5 00:00:00:00:00:06 -> 33:33:00:00:00:02 eth_type=0x86dd len=70
[18:18:13.541] PACKET_IN dpid=4 in_port=5 00:00:00:00:00:06 -> 33:33:00:00:00:02 eth_type=0x86dd len=70
[18:18:13.541] PACKET_IN dpid=5 in_port=5 00:00:00:00:00:06 -> 33:33:00:00:00:02 eth_type=0x86dd len=70
[18:18:13.569] PACKET_IN dpid=2 in_port=1 00:00:00:00:00:01 -> 33:33:00:00:00:16 eth_type=0x86dd len=90
[18:18:13.569] PACKET_IN dpid=2 in_port=1 00:00:00:00:00:01 -> 33:33:00:00:00:02 eth_type=0x86dd len=70
[18:18:13.572] PACKET_IN dpid=1 in_port=1 00:00:00:00:00:01 -> 33:33:00:00:00:16 eth_type=0x86dd len=90
[18:18:13.572] PACKET_IN dpid=1 in_port=1 00:00:00:00:00:01 -> 33:33:00:00:00:02 eth_type=0x86dd len=70
[18:18:13.573] PACKET_IN dpid=3 in_port=5 00:00:00:00:00:01 -> 33:33:00:00:00:16 eth_type=0x86dd len=90
[18:18:13.573] PACKET_IN dpid=4 in_port=5 00:00:00:00:00:01 -> 33:33:00:00:00:16 eth_type=0x86dd len=90
[18:18:13.573] PACKET_IN dpid=5 in_port=5 00:00:00:00:00:01 -> 33:33:00:00:00:16 eth_type=0x86dd len=90
[18:18:13.573] PACKET_IN dpid=3 in_port=5 00:00:00:00:00:01 -> 33:33:00:00:00:02 eth_type=0x86dd len=70
[18:18:13.573] PACKET_IN dpid=4 in_port=5 00:00:00:00:00:01 -> 33:33:00:00:00:02 eth_type=0x86dd len=70
[18:18:13.573] PACKET_IN dpid=5 in_port=5 00:00:00:00:00:01 -> 33:33:00:00:00:02 eth_type=0x86dd len=70
[18:18:13.602] PACKET_IN dpid=1 in_port=2 46:03:b3:42:07:e9 -> 33:33:00:00:00:16 eth_type=0x86dd len=90
[18:18:13.603] PACKET_IN dpid=2 in_port=5 46:03:b3:42:07:e9 -> 33:33:00:00:00:16 eth_type=0x86dd len=90
[18:18:13.603] PACKET_IN dpid=4 in_port=5 46:03:b3:42:07:e9 -> 33:33:00:00:00:16 eth_type=0x86dd len=90
[18:18:13.604] PACKET_IN dpid=5 in_port=5 46:03:b3:42:07:e9 -> 33:33:00:00:00:16 eth_type=0x86dd len=90
[18:18:13.698] PACKET_IN dpid=2 in_port=4 00:00:00:00:00:04 -> 33:33:00:00:00:16 eth_type=0x86dd len=90
[18:18:13.699] PACKET_IN dpid=1 in_port=1 00:00:00:00:00:04 -> 33:33:00:00:00:16 eth_type=0x86dd len=90
[18:18:13.700] PACKET_IN dpid=3 in_port=5 00:00:00:00:00:04 -> 33:33:00:00:00:16 eth_type=0x86dd len=90
[18:18:13.701] PACKET_IN dpid=4 in_port=5 00:00:00:00:00:04 -> 33:33:00:00:00:16 eth_type=0x86dd len=90
[18:18:13.701] PACKET_IN dpid=5 in_port=5 00:00:00:00:00:04 -> 33:33:00:00:00:16 eth_type=0x86dd len=90
[18:18:13.733] PACKET_IN dpid=2 in_port=5 7e:45:eb:69:fa:1f -> 33:33:00:00:00:16 eth_type=0x86dd len=90
[18:18:13.733] PACKET_IN dpid=3 in_port=5 b6:1f:6e:e8:5e:cd -> 33:33:00:00:00:16 eth_type=0x86dd len=90
[18:18:13.733] PACKET_IN dpid=2 in_port=5 7e:45:eb:69:fa:1f -> 33:33:00:00:00:02 eth_type=0x86dd len=70
[18:18:13.733] PACKET_IN dpid=3 in_port=5 b6:1f:6e:e8:5e:cd -> 33:33:00:00:00:02 eth_type=0x86dd len=70
[18:18:13.768] PACKET_IN dpid=3 in_port=4 00:00:00:00:00:08 -> 33:33:00:00:00:16 eth_type=0x86dd len=90
[18:18:13.768] PACKET_IN dpid=4 in_port=5 d2:a2:63:ed:5d:e9 -> 33:33:00:00:00:16 eth_type=0x86dd len=90
[18:18:13.768] PACKET_IN dpid=3 in_port=4 00:00:00:00:00:08 -> 33:33:00:00:00:02 eth_type=0x86dd len=70
[18:18:13.768] PACKET_IN dpid=4 in_port=5 d2:a2:63:ed:5d:e9 -> 33:33:00:00:00:02 eth_type=0x86dd len=70
[18:18:13.769] PACKET_IN dpid=1 in_port=2 00:00:00:00:00:08 -> 33:33:00:00:00:16 eth_type=0x86dd len=90
[18:18:13.770] PACKET_IN dpid=1 in_port=2 00:00:00:00:00:08 -> 33:33:00:00:00:02 eth_type=0x86dd len=70
[18:18:13.771] PACKET_IN dpid=2 in_port=5 00:00:00:00:00:08 -> 33:33:00:00:00:16 eth_type=0x86dd len=90
[18:18:13.771] PACKET_IN dpid=4 in_port=5 00:00:00:00:00:08 -> 33:33:00:00:00:16 eth_type=0x86dd len=90
[18:18:13.771] PACKET_IN dpid=5 in_port=5 00:00:00:00:00:08 -> 33:33:00:00:00:16 eth_type=0x86dd len=90
[18:18:13.771] PACKET_IN dpid=2 in_port=5 00:00:00:00:00:08 -> 33:33:00:00:00:02 eth_type=0x86dd len=70
[18:18:13.771] PACKET_IN dpid=4 in_port=5 00:00:00:00:00:08 -> 33:33:00:00:00:02 eth_type=0x86dd len=70
[18:18:13.771] PACKET_IN dpid=5 in_port=5 00:00:00:00:00:08 -> 33:33:00:00:00:02 eth_type=0x86dd len=70
[18:18:13.857] PACKET_IN dpid=4 in_port=2 00:00:00:00:00:0a -> 33:33:00:00:00:16 eth_type=0x86dd len=90
[18:18:13.858] PACKET_IN dpid=4 in_port=2 00:00:00:00:00:0a -> 33:33:00:00:00:02 eth_type=0x86dd len=70
[18:18:13.859] PACKET_IN dpid=1 in_port=3 00:00:00:00:00:0a -> 33:33:00:00:00:16 eth_type=0x86dd len=90
[18:18:13.859] PACKET_IN dpid=1 in_port=3 00:00:00:00:00:0a -> 33:33:00:00:00:02 eth_type=0x86dd len=70
[18:18:13.860] PACKET_IN dpid=2 in_port=5 00:00:00:00:00:0a -> 33:33:00:00:00:16 eth_type=0x86dd len=90
[18:18:13.860] PACKET_IN dpid=3 in_port=5 00:00:00:00:00:0a -> 33:33:00:00:00:16 eth_type=0x86dd len=90
[18:18:13.860] PACKET_IN dpid=5 in_port=5 00:00:00:00:00:0a -> 33:33:00:00:00:16 eth_type=0x86dd len=90
[18:18:13.860] PACKET_IN dpid=2 in_port=5 00:00:00:00:00:0a -> 33:33:00:00:00:02 eth_type=0x86dd len=70
[18:18:13.860] PACKET_IN dpid=3 in_port=5 00:00:00:00:00:0a -> 33:33:00:00:00:02 eth_type=0x86dd len=70
[18:18:13.860] PACKET_IN dpid=5 in_port=5 00:00:00:00:00:0a -> 33:33:00:00:00:02 eth_type=0x86dd len=70
[18:18:13.921] PACKET_IN dpid=3 in_port=1 00:00:00:00:00:05 -> 33:33:00:00:00:16 eth_type=0x86dd len=90
[18:18:13.921] PACKET_IN dpid=4 in_port=4 00:00:00:00:00:0c -> 33:33:00:00:00:16 eth_type=0x86dd len=90
[18:18:13.921] PACKET_IN dpid=5 in_port=4 00:00:00:00:00:10 -> 33:33:00:00:00:16 eth_type=0x86dd len=90
[18:18:13.921] PACKET_IN dpid=3 in_port=1 00:00:00:00:00:05 -> 33:33:00:00:00:02 eth_type=0x86dd len=70
[18:18:13.921] PACKET_IN dpid=4 in_port=4 00:00:00:00:00:0c -> 33:33:00:00:00:02 eth_type=0x86dd len=70
[18:18:13.921] PACKET_IN dpid=5 in_port=4 00:00:00:00:00:10 -> 33:33:00:00:00:02 eth_type=0x86dd len=70
[18:18:13.923] PACKET_IN dpid=1 in_port=2 00:00:00:00:00:05 -> 33:33:00:00:00:16 eth_type=0x86dd len=90
[18:18:13.923] PACKET_IN dpid=1 in_port=2 00:00:00:00:00:05 -> 33:33:00:00:00:02 eth_type=0x86dd len=70
[18:18:13.923] PACKET_IN dpid=1 in_port=3 00:00:00:00:00:0c -> 33:33:00:00:00:16 eth_type=0x86dd len=90
[18:18:13.923] PACKET_IN dpid=1 in_port=3 00:00:00:00:00:0c -> 33:33:00:00:00:02 eth_type=0x86dd len=70
[18:18:13.923] PACKET_IN dpid=1 in_port=4 00:00:00:00:00:10 -> 33:33:00:00:00:16 eth_type=0x86dd len=90
[18:18:13.923] PACKET_IN dpid=1 in_port=4 00:00:00:00:00:10 -> 33:33:00:00:00:02 eth_type=0x86dd len=70
[18:18:13.924] PACKET_IN dpid=2 in_port=5 00:00:00:00:00:05 -> 33:33:00:00:00:16 eth_type=0x86dd len=90
[18:18:13.924] PACKET_IN dpid=3 in_port=5 00:00:00:00:00:0c -> 33:33:00:00:00:16 eth_type=0x86dd len=90
[18:18:13.924] PACKET_IN dpid=4 in_port=5 00:00:00:00:00:05 -> 33:33:00:00:00:16 eth_type=0x86dd len=90
[18:18:13.924] PACKET_IN dpid=5 in_port=5 00:00:00:00:00:05 -> 33:33:00:00:00:16 eth_type=0x86dd len=90
[18:18:13.924] PACKET_IN dpid=2 in_port=5 00:00:00:00:00:05 -> 33:33:00:00:00:02 eth_type=0x86dd len=70
[18:18:13.924] PACKET_IN dpid=3 in_port=5 00:00:00:00:00:0c -> 33:33:00:00:00:02 eth_type=0x86dd len=70
[18:18:13.924] PACKET_IN dpid=4 in_port=5 00:00:00:00:00:05 -> 33:33:00:00:00:02 eth_type=0x86dd len=70
[18:18:13.924] PACKET_IN dpid=5 in_port=5 00:00:00:00:00:05 -> 33:33:00:00:00:02 eth_type=0x86dd len=70
[18:18:13.924] PACKET_IN dpid=2 in_port=5 00:00:00:00:00:0c -> 33:33:00:00:00:16 eth_type=0x86dd len=90
[18:18:13.924] PACKET_IN dpid=3 in_port=5 00:00:00:00:00:10 -> 33:33:00:00:00:16 eth_type=0x86dd len=90
[18:18:13.924] PACKET_IN dpid=4 in_port=5 00:00:00:00:00:10 -> 33:33:00:00:00:16 eth_type=0x86dd len=90
[18:18:13.924] PACKET_IN dpid=5 in_port=5 00:00:00:00:00:0c -> 33:33:00:00:00:16 eth_type=0x86dd len=90
[18:18:13.924] PACKET_IN dpid=2 in_port=5 00:00:00:00:00:0c -> 33:33:00:00:00:02 eth_type=0x86dd len=70
[18:18:13.924] PACKET_IN dpid=3 in_port=5 00:00:00:00:00:10 -> 33:33:00:00:00:02 eth_type=0x86dd len=70
[18:18:13.924] PACKET_IN dpid=4 in_port=5 00:00:00:00:00:10 -> 33:33:00:00:00:02 eth_type=0x86dd len=70
[18:18:13.924] PACKET_IN dpid=5 in_port=5 00:00:00:00:00:0c -> 33:33:00:00:00:02 eth_type=0x86dd len=70
[18:18:13.924] PACKET_IN dpid=2 in_port=5 00:00:00:00:00:10 -> 33:33:00:00:00:16 eth_type=0x86dd len=90
[18:18:13.924] PACKET_IN dpid=2 in_port=5 00:00:00:00:00:10 -> 33:33:00:00:00:02 eth_type=0x86dd len=70
[18:18:13.950] PACKET_IN dpid=2 in_port=5 7e:45:eb:69:fa:1f -> 33:33:00:00:00:16 eth_type=0x86dd len=90
[18:18:13.958] PACKET_IN dpid=2 in_port=2 00:00:00:00:00:02 -> 33:33:00:00:00:16 eth_type=0x86dd len=90
[18:18:13.958] PACKET_IN dpid=2 in_port=2 00:00:00:00:00:02 -> 33:33:00:00:00:02 eth_type=0x86dd len=70
[18:18:13.959] PACKET_IN dpid=1 in_port=1 00:00:00:00:00:02 -> 33:33:00:00:00:16 eth_type=0x86dd len=90
[18:18:13.960] PACKET_IN dpid=1 in_port=1 00:00:00:00:00:02 -> 33:33:00:00:00:02 eth_type=0x86dd len=70
[18:18:13.961] PACKET_IN dpid=3 in_port=5 00:00:00:00:00:02 -> 33:33:00:00:00:16 eth_type=0x86dd len=90
[18:18:13.961] PACKET_IN dpid=4 in_port=5 00:00:00:00:00:02 -> 33:33:00:00:00:16 eth_type=0x86dd len=90
[18:18:13.961] PACKET_IN dpid=5 in_port=5 00:00:00:00:00:02 -> 33:33:00:00:00:16 eth_type=0x86dd len=90
[18:18:13.961] PACKET_IN dpid=3 in_port=5 00:00:00:00:00:02 -> 33:33:00:00:00:02 eth_type=0x86dd len=70
[18:18:13.961] PACKET_IN dpid=4 in_port=5 00:00:00:00:00:02 -> 33:33:00:00:00:02 eth_type=0x86dd len=70
[18:18:13.961] PACKET_IN dpid=5 in_port=5 00:00:00:00:00:02 -> 33:33:00:00:00:02 eth_type=0x86dd len=70
[18:18:13.986] PACKET_IN dpid=2 in_port=1 00:00:00:00:00:01 -> 33:33:00:00:00:16 eth_type=0x86dd len=90
[18:18:13.986] PACKET_IN dpid=5 in_port=1 00:00:00:00:00:0d -> 33:33:00:00:00:16 eth_type=0x86dd len=90
[18:18:13.987] PACKET_IN dpid=1 in_port=4 00:00:00:00:00:0d -> 33:33:00:00:00:16 eth_type=0x86dd len=90
[18:18:13.987] PACKET_IN dpid=1 in_port=1 00:00:00:00:00:01 -> 33:33:00:00:00:16 eth_type=0x86dd len=90
[18:18:13.988] PACKET_IN dpid=2 in_port=5 00:00:00:00:00:0d -> 33:33:00:00:00:16 eth_type=0x86dd len=90
[18:18:13.988] PACKET_IN dpid=3 in_port=5 00:00:00:00:00:0d -> 33:33:00:00:00:16 eth_type=0x86dd len=90
[18:18:13.988] PACKET_IN dpid=4 in_port=5 00:00:00:00:00:0d -> 33:33:00:00:00:16 eth_type=0x86dd len=90
[18:18:13.988] PACKET_IN dpid=5 in_port=5 00:00:00:00:00:01 -> 33:33:00:00:00:16 eth_type=0x86dd len=90
[18:18:13.988] PACKET_IN dpid=3 in_port=5 00:00:00:00:00:01 -> 33:33:00:00:00:16 eth_type=0x86dd len=90
[18:18:13.988] PACKET_IN dpid=4 in_port=5 00:00:00:00:00:01 -> 33:33:00:00:00:16 eth_type=0x86dd len=90
[18:18:13.991] PACKET_IN dpid=1 in_port=4 d6:0d:db:1a:d1:00 -> 33:33:00:00:00:16 eth_type=0x86dd len=90
[18:18:13.991] PACKET_IN dpid=1 in_port=4 d6:0d:db:1a:d1:00 -> 33:33:00:00:00:02 eth_type=0x86dd len=70
[18:18:13.992] PACKET_IN dpid=2 in_port=5 d6:0d:db:1a:d1:00 -> 33:33:00:00:00:16 eth_type=0x86dd len=90
[18:18:13.992] PACKET_IN dpid=3 in_port=5 d6:0d:db:1a:d1:00 -> 33:33:00:00:00:16 eth_type=0x86dd len=90
[18:18:13.992] PACKET_IN dpid=4 in_port=5 d6:0d:db:1a:d1:00 -> 33:33:00:00:00:16 eth_type=0x86dd len=90
[18:18:13.992] PACKET_IN dpid=2 in_port=5 d6:0d:db:1a:d1:00 -> 33:33:00:00:00:02 eth_type=0x86dd len=70
[18:18:13.992] PACKET_IN dpid=3 in_port=5 d6:0d:db:1a:d1:00 -> 33:33:00:00:00:02 eth_type=0x86dd len=70
[18:18:13.992] PACKET_IN dpid=4 in_port=5 d6:0d:db:1a:d1:00 -> 33:33:00:00:00:02 eth_type=0x86dd len=70
[18:18:14.019] PACKET_IN dpid=1 in_port=1 82:35:ab:38:db:bd -> 33:33:00:00:00:16 eth_type=0x86dd len=90
[18:18:14.019] PACKET_IN dpid=4 in_port=3 00:00:00:00:00:0b -> 33:33:00:00:00:16 eth_type=0x86dd len=90
[18:18:14.019] PACKET_IN dpid=5 in_port=3 00:00:00:00:00:0f -> 33:33:00:00:00:16 eth_type=0x86dd len=90
[18:18:14.019] PACKET_IN dpid=1 in_port=1 82:35:ab:38:db:bd -> 33:33:00:00:00:02 eth_type=0x86dd len=70
[18:18:14.019] PACKET_IN dpid=4 in_port=3 00:00:00:00:00:0b -> 33:33:00:00:00:02 eth_type=0x86dd len=70
[18:18:14.019] PACKET_IN dpid=5 in_port=3 00:00:00:00:00:0f -> 33:33:00:00:00:02 eth_type=0x86dd len=70
[18:18:14.019] PACKET_IN dpid=4 in_port=1 00:00:00:00:00:09 -> 33:33:00:00:00:16 eth_type=0x86dd len=90
[18:18:14.019] PACKET_IN dpid=4 in_port=1 00:00:00:00:00:09 -> 33:33:00:00:00:02 eth_type=0x86dd len=70
[18:18:14.020] PACKET_IN dpid=1 in_port=3 00:00:00:00:00:0b -> 33:33:00:00:00:16 eth_type=0x86dd len=90
[18:18:14.020] PACKET_IN dpid=3 in_port=5 82:35:ab:38:db:bd -> 33:33:00:00:00:16 eth_type=0x86dd len=90
[18:18:14.020] PACKET_IN dpid=4 in_port=5 82:35:ab:38:db:bd -> 33:33:00:00:00:16 eth_type=0x86dd len=90
[18:18:14.020] PACKET_IN dpid=5 in_port=5 82:35:ab:38:db:bd -> 33:33:00:00:00:16 eth_type=0x86dd len=90
[18:18:14.020] PACKET_IN dpid=1 in_port=3 00:00:00:00:00:0b -> 33:33:00:00:00:02 eth_type=0x86dd len=70
[18:18:14.020] PACKET_IN dpid=3 in_port=5 82:35:ab:38:db:bd -> 33:33:00:00:00:02 eth_type=0x86dd len=70
[18:18:14.020] PACKET_IN dpid=4 in_port=5 82:35:ab:38:db:bd -> 33:33:00:00:00:02 eth_type=0x86dd len=70
[18:18:14.020] PACKET_IN dpid=5 in_port=5 82:35:ab:38:db:bd -> 33:33:00:00:00:02 eth_type=0x86dd len=70
[18:18:14.020] PACKET_IN dpid=1 in_port=3 00:00:00:00:00:09 -> 33:33:00:00:00:16 eth_type=0x86dd len=90
[18:18:14.020] PACKET_IN dpid=1 in_port=3 00:00:00:00:00:09 -> 33:33:00:00:00:02 eth_type=0x86dd len=70
[18:18:14.020] PACKET_IN dpid=1 in_port=4 00:00:00:00:00:0f -> 33:33:00:00:00:16 eth_type=0x86dd len=90
[18:18:14.020] PACKET_IN dpid=1 in_port=4 00:00:00:00:00:0f -> 33:33:00:00:00:02 eth_type=0x86dd len=70
[18:18:14.022] PACKET_IN dpid=2 in_port=5 00:00:00:00:00:0b -> 33:33:00:00:00:16 eth_type=0x86dd len=90
[18:18:14.022] PACKET_IN dpid=3 in_port=5 00:00:00:00:00:0b -> 33:33:00:00:00:16 eth_type=0x86dd len=90
[18:18:14.022] PACKET_IN dpid=4 in_port=5 00:00:00:00:00:0f -> 33:33:00:00:00:16 eth_type=0x86dd len=90
[18:18:14.022] PACKET_IN dpid=5 in_port=5 00:00:00:00:00:0b -> 33:33:00:00:00:16 eth_type=0x86dd len=90
[18:18:14.022] PACKET_IN dpid=2 in_port=5 00:00:00:00:00:0b -> 33:33:00:00:00:02 eth_type=0x86dd len=70
[18:18:14.022] PACKET_IN dpid=3 in_port=5 00:00:00:00:00:0b -> 33:33:00:00:00:02 eth_type=0x86dd len=70
[18:18:14.022] PACKET_IN dpid=4 in_port=5 00:00:00:00:00:0f -> 33:33:00:00:00:02 eth_type=0x86dd len=70
[18:18:14.022] PACKET_IN dpid=5 in_port=5 00:00:00:00:00:0b -> 33:33:00:00:00:02 eth_type=0x86dd len=70
[18:18:14.022] PACKET_IN dpid=2 in_port=5 00:00:00:00:00:09 -> 33:33:00:00:00:16 eth_type=0x86dd len=90
[18:18:14.022] PACKET_IN dpid=3 in_port=5 00:00:00:00:00:09 -> 33:33:00:00:00:16 eth_type=0x86dd len=90
[18:18:14.022] PACKET_IN dpid=5 in_port=5 00:00:00:00:00:09 -> 33:33:00:00:00:16 eth_type=0x86dd len=90
[18:18:14.022] PACKET_IN dpid=2 in_port=5 00:00:00:00:00:09 -> 33:33:00:00:00:02 eth_type=0x86dd len=70
[18:18:14.022] PACKET_IN dpid=3 in_port=5 00:00:00:00:00:09 -> 33:33:00:00:00:02 eth_type=0x86dd len=70
[18:18:14.022] PACKET_IN dpid=5 in_port=5 00:00:00:00:00:09 -> 33:33:00:00:00:02 eth_type=0x86dd len=70
[18:18:14.022] PACKET_IN dpid=2 in_port=5 00:00:00:00:00:0f -> 33:33:00:00:00:16 eth_type=0x86dd len=90
[18:18:14.022] PACKET_IN dpid=3 in_port=5 00:00:00:00:00:0f -> 33:33:00:00:00:16 eth_type=0x86dd len=90
[18:18:14.022] PACKET_IN dpid=2 in_port=5 00:00:00:00:00:0f -> 33:33:00:00:00:02 eth_type=0x86dd len=70
[18:18:14.022] PACKET_IN dpid=3 in_port=5 00:00:00:00:00:0f -> 33:33:00:00:00:02 eth_type=0x86dd len=70
[18:18:14.054] PACKET_IN dpid=5 in_port=5 66:5a:27:72:e3:a5 -> 33:33:00:00:00:16 eth_type=0x86dd len=90
[18:18:14.054] PACKET_IN dpid=5 in_port=5 66:5a:27:72:e3:a5 -> 33:33:00:00:00:02 eth_type=0x86dd len=70
[18:18:14.117] PACKET_IN dpid=1 in_port=3 e6:fd:21:69:c5:e9 -> 33:33:00:00:00:16 eth_type=0x86dd len=90
[18:18:14.117] PACKET_IN dpid=1 in_port=3 e6:fd:21:69:c5:e9 -> 33:33:00:00:00:02 eth_type=0x86dd len=70
[18:18:14.121] PACKET_IN dpid=2 in_port=5 e6:fd:21:69:c5:e9 -> 33:33:00:00:00:16 eth_type=0x86dd len=90
[18:18:14.121] PACKET_IN dpid=3 in_port=5 e6:fd:21:69:c5:e9 -> 33:33:00:00:00:16 eth_type=0x86dd len=90
[18:18:14.121] PACKET_IN dpid=5 in_port=5 e6:fd:21:69:c5:e9 -> 33:33:00:00:00:16 eth_type=0x86dd len=90
[18:18:14.121] PACKET_IN dpid=2 in_port=5 e6:fd:21:69:c5:e9 -> 33:33:00:00:00:02 eth_type=0x86dd len=70
[18:18:14.121] PACKET_IN dpid=3 in_port=5 e6:fd:21:69:c5:e9 -> 33:33:00:00:00:02 eth_type=0x86dd len=70
[18:18:14.121] PACKET_IN dpid=5 in_port=5 e6:fd:21:69:c5:e9 -> 33:33:00:00:00:02 eth_type=0x86dd len=70
[18:18:14.149] PACKET_IN dpid=4 in_port=2 00:00:00:00:00:0a -> 33:33:00:00:00:16 eth_type=0x86dd len=90
[18:18:14.151] PACKET_IN dpid=1 in_port=3 00:00:00:00:00:0a -> 33:33:00:00:00:16 eth_type=0x86dd len=90
[18:18:14.152] PACKET_IN dpid=2 in_port=5 00:00:00:00:00:0a -> 33:33:00:00:00:16 eth_type=0x86dd len=90
[18:18:14.152] PACKET_IN dpid=3 in_port=5 00:00:00:00:00:0a -> 33:33:00:00:00:16 eth_type=0x86dd len=90
[18:18:14.152] PACKET_IN dpid=5 in_port=5 00:00:00:00:00:0a -> 33:33:00:00:00:16 eth_type=0x86dd len=90
[18:18:14.162] PACKET_IN dpid=1 in_port=3 e6:fd:21:69:c5:e9 -> 33:33:00:00:00:16 eth_type=0x86dd len=90
[18:18:14.163] PACKET_IN dpid=2 in_port=5 e6:fd:21:69:c5:e9 -> 33:33:00:00:00:16 eth_type=0x86dd len=90
[18:18:14.163] PACKET_IN dpid=3 in_port=5 e6:fd:21:69:c5:e9 -> 33:33:00:00:00:16 eth_type=0x86dd len=90
[18:18:14.164] PACKET_IN dpid=5 in_port=5 e6:fd:21:69:c5:e9 -> 33:33:00:00:00:16 eth_type=0x86dd len=90
[18:18:14.178] PACKET_IN dpid=2 in_port=3 00:00:00:00:00:03 -> 33:33:00:00:00:16 eth_type=0x86dd len=90
[18:18:14.178] PACKET_IN dpid=2 in_port=3 00:00:00:00:00:03 -> 33:33:00:00:00:02 eth_type=0x86dd len=70
[18:18:14.180] PACKET_IN dpid=1 in_port=1 00:00:00:00:00:03 -> 33:33:00:00:00:16 eth_type=0x86dd len=90
[18:18:14.180] PACKET_IN dpid=1 in_port=1 00:00:00:00:00:03 -> 33:33:00:00:00:02 eth_type=0x86dd len=70
[18:18:14.181] PACKET_IN dpid=3 in_port=5 00:00:00:00:00:03 -> 33:33:00:00:00:16 eth_type=0x86dd len=90
[18:18:14.181] PACKET_IN dpid=4 in_port=5 00:00:00:00:00:03 -> 33:33:00:00:00:16 eth_type=0x86dd len=90
[18:18:14.181] PACKET_IN dpid=5 in_port=5 00:00:00:00:00:03 -> 33:33:00:00:00:16 eth_type=0x86dd len=90
[18:18:14.181] PACKET_IN dpid=3 in_port=5 00:00:00:00:00:03 -> 33:33:00:00:00:02 eth_type=0x86dd len=70
[18:18:14.181] PACKET_IN dpid=4 in_port=5 00:00:00:00:00:03 -> 33:33:00:00:00:02 eth_type=0x86dd len=70
[18:18:14.181] PACKET_IN dpid=5 in_port=5 00:00:00:00:00:03 -> 33:33:00:00:00:02 eth_type=0x86dd len=70
[18:18:14.193] PACKET_IN dpid=1 in_port=1 82:35:ab:38:db:bd -> 33:33:00:00:00:16 eth_type=0x86dd len=90
[18:18:14.194] PACKET_IN dpid=3 in_port=5 82:35:ab:38:db:bd -> 33:33:00:00:00:16 eth_type=0x86dd len=90
[18:18:14.195] PACKET_IN dpid=4 in_port=5 82:35:ab:38:db:bd -> 33:33:00:00:00:16 eth_type=0x86dd len=90
[18:18:14.195] PACKET_IN dpid=5 in_port=5 82:35:ab:38:db:bd -> 33:33:00:00:00:16 eth_type=0x86dd len=90
[18:18:14.211] PACKET_IN dpid=5 in_port=2 00:00:00:00:00:0e -> 33:33:00:00:00:16 eth_type=0x86dd len=90
[18:18:14.211] PACKET_IN dpid=5 in_port=2 00:00:00:00:00:0e -> 33:33:00:00:00:02 eth_type=0x86dd len=70
[18:18:14.213] PACKET_IN dpid=1 in_port=4 00:00:00:00:00:0e -> 33:33:00:00:00:16 eth_type=0x86dd len=90
[18:18:14.213] PACKET_IN dpid=1 in_port=4 00:00:00:00:00:0e -> 33:33:00:00:00:02 eth_type=0x86dd len=70
[18:18:14.214] PACKET_IN dpid=2 in_port=5 00:00:00:00:00:0e -> 33:33:00:00:00:16 eth_type=0x86dd len=90
[18:18:14.214] PACKET_IN dpid=3 in_port=5 b6:1f:6e:e8:5e:cd -> 33:33:00:00:00:16 eth_type=0x86dd len=90
[18:18:14.214] PACKET_IN dpid=4 in_port=5 00:00:00:00:00:0e -> 33:33:00:00:00:16 eth_type=0x86dd len=90
[18:18:14.214] PACKET_IN dpid=2 in_port=5 00:00:00:00:00:0e -> 33:33:00:00:00:02 eth_type=0x86dd len=70
[18:18:14.214] PACKET_IN dpid=3 in_port=5 00:00:00:00:00:0e -> 33:33:00:00:00:16 eth_type=0x86dd len=90
[18:18:14.214] PACKET_IN dpid=4 in_port=5 00:00:00:00:00:0e -> 33:33:00:00:00:02 eth_type=0x86dd len=70
[18:18:14.214] PACKET_IN dpid=3 in_port=5 00:00:00:00:00:0e -> 33:33:00:00:00:02 eth_type=0x86dd len=70
[18:18:14.245] PACKET_IN dpid=3 in_port=3 00:00:00:00:00:07 -> 33:33:00:00:00:16 eth_type=0x86dd len=90
[18:18:14.245] PACKET_IN dpid=3 in_port=3 00:00:00:00:00:07 -> 33:33:00:00:00:02 eth_type=0x86dd len=70
[18:18:14.248] PACKET_IN dpid=1 in_port=2 00:00:00:00:00:07 -> 33:33:00:00:00:16 eth_type=0x86dd len=90
[18:18:14.248] PACKET_IN dpid=1 in_port=2 00:00:00:00:00:07 -> 33:33:00:00:00:02 eth_type=0x86dd len=70
[18:18:14.249] PACKET_IN dpid=2 in_port=5 00:00:00:00:00:07 -> 33:33:00:00:00:16 eth_type=0x86dd len=90
[18:18:14.249] PACKET_IN dpid=4 in_port=5 00:00:00:00:00:07 -> 33:33:00:00:00:16 eth_type=0x86dd len=90
[18:18:14.249] PACKET_IN dpid=5 in_port=5 00:00:00:00:00:07 -> 33:33:00:00:00:16 eth_type=0x86dd len=90
[18:18:14.249] PACKET_IN dpid=2 in_port=5 00:00:00:00:00:07 -> 33:33:00:00:00:02 eth_type=0x86dd len=70
[18:18:14.249] PACKET_IN dpid=4 in_port=5 00:00:00:00:00:07 -> 33:33:00:00:00:02 eth_type=0x86dd len=70
[18:18:14.249] PACKET_IN dpid=5 in_port=5 00:00:00:00:00:07 -> 33:33:00:00:00:02 eth_type=0x86dd len=70
[18:18:14.274] PACKET_IN dpid=3 in_port=2 00:00:00:00:00:06 -> 33:33:00:00:00:16 eth_type=0x86dd len=90
[18:18:14.275] PACKET_IN dpid=1 in_port=2 00:00:00:00:00:06 -> 33:33:00:00:00:16 eth_type=0x86dd len=90
[18:18:14.277] PACKET_IN dpid=2 in_port=5 00:00:00:00:00:06 -> 33:33:00:00:00:16 eth_type=0x86dd len=90
[18:18:14.277] PACKET_IN dpid=4 in_port=5 00:00:00:00:00:06 -> 33:33:00:00:00:16 eth_type=0x86dd len=90
[18:18:14.277] PACKET_IN dpid=5 in_port=5 00:00:00:00:00:06 -> 33:33:00:00:00:16 eth_type=0x86dd len=90
[18:18:14.341] PACKET_IN dpid=3 in_port=4 00:00:00:00:00:08 -> 33:33:00:00:00:16 eth_type=0x86dd len=90
[18:18:14.343] PACKET_IN dpid=1 in_port=2 00:00:00:00:00:08 -> 33:33:00:00:00:16 eth_type=0x86dd len=90
[18:18:14.344] PACKET_IN dpid=2 in_port=5 00:00:00:00:00:08 -> 33:33:00:00:00:16 eth_type=0x86dd len=90
[18:18:14.344] PACKET_IN dpid=4 in_port=5 00:00:00:00:00:08 -> 33:33:00:00:00:16 eth_type=0x86dd len=90
[18:18:14.344] PACKET_IN dpid=5 in_port=5 00:00:00:00:00:08 -> 33:33:00:00:00:16 eth_type=0x86dd len=90
[18:18:14.370] PACKET_IN dpid=3 in_port=1 00:00:00:00:00:05 -> 33:33:00:00:00:16 eth_type=0x86dd len=90
[18:18:14.371] PACKET_IN dpid=1 in_port=2 00:00:00:00:00:05 -> 33:33:00:00:00:16 eth_type=0x86dd len=90
[18:18:14.373] PACKET_IN dpid=2 in_port=5 00:00:00:00:00:05 -> 33:33:00:00:00:16 eth_type=0x86dd len=90
[18:18:14.373] PACKET_IN dpid=4 in_port=5 00:00:00:00:00:05 -> 33:33:00:00:00:16 eth_type=0x86dd len=90
[18:18:14.373] PACKET_IN dpid=5 in_port=5 00:00:00:00:00:05 -> 33:33:00:00:00:16 eth_type=0x86dd len=90
[18:18:14.402] PACKET_IN dpid=4 in_port=1 00:00:00:00:00:09 -> 33:33:00:00:00:16 eth_type=0x86dd len=90
[18:18:14.403] PACKET_IN dpid=1 in_port=3 00:00:00:00:00:09 -> 33:33:00:00:00:16 eth_type=0x86dd len=90
[18:18:14.404] PACKET_IN dpid=2 in_port=5 00:00:00:00:00:09 -> 33:33:00:00:00:16 eth_type=0x86dd len=90
[18:18:14.404] PACKET_IN dpid=3 in_port=5 00:00:00:00:00:09 -> 33:33:00:00:00:16 eth_type=0x86dd len=90
[18:18:14.404] PACKET_IN dpid=5 in_port=5 00:00:00:00:00:09 -> 33:33:00:00:00:16 eth_type=0x86dd len=90
[18:18:14.465] PACKET_IN dpid=4 in_port=5 d2:a2:63:ed:5d:e9 -> 33:33:00:00:00:16 eth_type=0x86dd len=90
[18:18:14.479] [STATS] switches=5 packet_in/s=237 msgs/s=237
[18:18:14.626] PACKET_IN dpid=5 in_port=5 66:5a:27:72:e3:a5 -> 33:33:00:00:00:16 eth_type=0x86dd len=90
[18:18:14.630] PACKET_IN dpid=2 in_port=2 00:00:00:00:00:02 -> 33:33:00:00:00:16 eth_type=0x86dd len=90
[18:18:14.632] PACKET_IN dpid=1 in_port=1 00:00:00:00:00:02 -> 33:33:00:00:00:16 eth_type=0x86dd len=90
[18:18:14.633] PACKET_IN dpid=3 in_port=5 00:00:00:00:00:02 -> 33:33:00:00:00:16 eth_type=0x86dd len=90
[18:18:14.633] PACKET_IN dpid=4 in_port=5 00:00:00:00:00:02 -> 33:33:00:00:00:16 eth_type=0x86dd len=90
[18:18:14.633] PACKET_IN dpid=5 in_port=5 00:00:00:00:00:02 -> 33:33:00:00:00:16 eth_type=0x86dd len=90
[18:18:14.822] PACKET_IN dpid=3 in_port=3 00:00:00:00:00:07 -> 33:33:00:00:00:16 eth_type=0x86dd len=90
[18:18:14.822] PACKET_IN dpid=5 in_port=4 00:00:00:00:00:10 -> 33:33:00:00:00:16 eth_type=0x86dd len=90
[18:18:14.823] PACKET_IN dpid=1 in_port=2 00:00:00:00:00:07 -> 33:33:00:00:00:16 eth_type=0x86dd len=90
[18:18:14.823] PACKET_IN dpid=1 in_port=4 00:00:00:00:00:10 -> 33:33:00:00:00:16 eth_type=0x86dd len=90
[18:18:14.825] PACKET_IN dpid=2 in_port=5 00:00:00:00:00:07 -> 33:33:00:00:00:16 eth_type=0x86dd len=90
[18:18:14.825] PACKET_IN dpid=3 in_port=5 00:00:00:00:00:10 -> 33:33:00:00:00:16 eth_type=0x86dd len=90
[18:18:14.825] PACKET_IN dpid=4 in_port=5 00:00:00:00:00:07 -> 33:33:00:00:00:16 eth_type=0x86dd len=90
[18:18:14.825] PACKET_IN dpid=5 in_port=5 00:00:00:00:00:07 -> 33:33:00:00:00:16 eth_type=0x86dd len=90
[18:18:14.825] PACKET_IN dpid=2 in_port=5 00:00:00:00:00:10 -> 33:33:00:00:00:16 eth_type=0x86dd len=90
[18:18:14.825] PACKET_IN dpid=4 in_port=5 00:00:00:00:00:10 -> 33:33:00:00:00:16 eth_type=0x86dd len=90
[18:18:14.914] PACKET_IN dpid=1 in_port=4 d6:0d:db:1a:d1:00 -> 33:33:00:00:00:16 eth_type=0x86dd len=90
[18:18:14.914] PACKET_IN dpid=4 in_port=4 00:00:00:00:00:0c -> 33:33:00:00:00:16 eth_type=0x86dd len=90
[18:18:14.915] PACKET_IN dpid=1 in_port=3 00:00:00:00:00:0c -> 33:33:00:00:00:16 eth_type=0x86dd len=90
[18:18:14.916] PACKET_IN dpid=2 in_port=5 d6:0d:db:1a:d1:00 -> 33:33:00:00:00:16 eth_type=0x86dd len=90
[18:18:14.916] PACKET_IN dpid=3 in_port=5 d6:0d:db:1a:d1:00 -> 33:33:00:00:00:16 eth_type=0x86dd len=90
[18:18:14.916] PACKET_IN dpid=4 in_port=5 d6:0d:db:1a:d1:00 -> 33:33:00:00:00:16 eth_type=0x86dd len=90
[18:18:14.917] PACKET_IN dpid=2 in_port=5 00:00:00:00:00:0c -> 33:33:00:00:00:16 eth_type=0x86dd len=90
[18:18:14.917] PACKET_IN dpid=3 in_port=5 00:00:00:00:00:0c -> 33:33:00:00:00:16 eth_type=0x86dd len=90
[18:18:14.917] PACKET_IN dpid=5 in_port=5 00:00:00:00:00:0c -> 33:33:00:00:00:16 eth_type=0x86dd len=90
[18:18:15.013] PACKET_IN dpid=2 in_port=3 00:00:00:00:00:03 -> 33:33:00:00:00:16 eth_type=0x86dd len=90
[18:18:15.013] PACKET_IN dpid=5 in_port=3 00:00:00:00:00:0f -> 33:33:00:00:00:16 eth_type=0x86dd len=90
[18:18:15.014] PACKET_IN dpid=1 in_port=4 00:00:00:00:00:0f -> 33:33:00:00:00:16 eth_type=0x86dd len=90
[18:18:15.015] PACKET_IN dpid=1 in_port=1 00:00:00:00:00:03 -> 33:33:00:00:00:16 eth_type=0x86dd len=90
[18:18:15.016] PACKET_IN dpid=2 in_port=5 00:00:00:00:00:0f -> 33:33:00:00:00:16 eth_type=0x86dd len=90
[18:18:15.016] PACKET_IN dpid=3 in_port=5 00:00:00:00:00:0f -> 33:33:00:00:00:16 eth_type=0x86dd len=90
[18:18:15.016] PACKET_IN dpid=4 in_port=5 00:00:00:00:00:0f -> 33:33:00:00:00:16 eth_type=0x86dd len=90
[18:18:15.016] PACKET_IN dpid=5 in_port=5 00:00:00:00:00:03 -> 33:33:00:00:00:16 eth_type=0x86dd len=90
[18:18:15.016] PACKET_IN dpid=3 in_port=5 00:00:00:00:00:03 -> 33:33:00:00:00:16 eth_type=0x86dd len=90
[18:18:15.016] PACKET_IN dpid=4 in_port=5 00:00:00:00:00:03 -> 33:33:00:00:00:16 eth_type=0x86dd len=90
[18:18:15.046] PACKET_IN dpid=4 in_port=3 00:00:00:00:00:0b -> 33:33:00:00:00:16 eth_type=0x86dd len=90
[18:18:15.047] PACKET_IN dpid=1 in_port=3 00:00:00:00:00:0b -> 33:33:00:00:00:16 eth_type=0x86dd len=90
[18:18:15.048] PACKET_IN dpid=2 in_port=5 00:00:00:00:00:0b -> 33:33:00:00:00:16 eth_type=0x86dd len=90
[18:18:15.048] PACKET_IN dpid=3 in_port=5 00:00:00:00:00:0b -> 33:33:00:00:00:16 eth_type=0x86dd len=90
[18:18:15.049] PACKET_IN dpid=5 in_port=5 00:00:00:00:00:0b -> 33:33:00:00:00:16 eth_type=0x86dd len=90
[18:18:15.074] PACKET_IN dpid=5 in_port=2 00:00:00:00:00:0e -> 33:33:00:00:00:16 eth_type=0x86dd len=90
[18:18:15.076] PACKET_IN dpid=1 in_port=4 00:00:00:00:00:0e -> 33:33:00:00:00:16 eth_type=0x86dd len=90
[18:18:15.077] PACKET_IN dpid=2 in_port=5 00:00:00:00:00:0e -> 33:33:00:00:00:16 eth_type=0x86dd len=90
[18:18:15.077] PACKET_IN dpid=3 in_port=5 00:00:00:00:00:0e -> 33:33:00:00:00:16 eth_type=0x86dd len=90
[18:18:15.077] PACKET_IN dpid=4 in_port=5 00:00:00:00:00:0e -> 33:33:00:00:00:16 eth_type=0x86dd len=90
[18:18:15.480] [STATS] switches=5 packet_in/s=45 msgs/s=45
[18:18:16.481] [STATS] switches=5 packet_in/s=0 msgs/s=0
[18:18:17.482] [STATS] switches=5 packet_in/s=0 msgs/s=10
[18:18:17.592] PACKET_IN dpid=3 in_port=4 00:00:00:00:00:08 -> 33:33:00:00:00:02 eth_type=0x86dd len=70
[18:18:17.592] PACKET_IN dpid=5 in_port=1 00:00:00:00:00:0d -> 33:33:00:00:00:02 eth_type=0x86dd len=70
[18:18:18.137] [-] Switch DPID 1 desconectado: Conexão encerrada pelo switch.
[18:18:18.178] [-] Switch DPID 3 desconectado: Conexão encerrada pelo switch.
[18:18:18.226] [-] Switch DPID 4 desconectado: Conexão encerrada pelo switch.
[18:18:18.253] [-] Switch DPID 5 desconectado: Conexão encerrada pelo switch.
[18:18:18.322] [-] Switch DPID 2 desconectado: Conexão encerrada pelo switch.
