=== Controlador SDN Didático v2 (OpenFlow 1.0 / Hub) ===
Iniciando servidor socket TCP em 0.0.0.0:6653...
Aguardando conexões dos switches (porta 6653)...

[18:17:58.196] [+] Conexão TCP estabelecida com o switch: 127.0.0.1:54226
[18:17:58.196] [ERRO] Handshake falhou com ('127.0.0.1', 54226): Conexão encerrada pelo switch/cliente.
[18:17:59.006] [STATS] switches=0 packet_in/s=0 msgs/s=0
[18:18:00.007] [STATS] switches=0 packet_in/s=0 msgs/s=0
[18:18:01.007] [STATS] switches=0 packet_in/s=0 msgs/s=0
[18:18:01.738] [+] Conexão TCP estabelecida com o switch: 127.0.0.1:54232
[18:18:01.738]     <<< HELLO de 127.0.0.1:54232 (xid=817)
[18:18:01.738]     >>> FEATURES_REQUEST para 127.0.0.1:54232
[18:18:01.742]     <<< PORT_STATUS ignorada durante o handshake
[18:18:01.742]     <<< FEATURES_REPLY: DPID=0000000000000001 buffers=0 tabelas=254 portas=5 (3.84 ms)
[18:18:01.742] [OK] Handshake concluído com DPID 1 (1 switch(es) conectado(s))
[18:18:01.758] [+] Conexão TCP estabelecida com o switch: 127.0.0.1:54234
[18:18:01.758]     <<< HELLO de 127.0.0.1:54234 (xid=818)
[18:18:01.758]     >>> FEATURES_REQUEST para 127.0.0.1:54234
[18:18:01.762]     <<< FEATURES_REPLY: DPID=0000000000000002 buffers=0 tabelas=254 portas=6 (3.54 ms)
[18:18:01.762] [OK] Handshake concluído com DPID 2 (2 switch(es) conectado(s))
[18:18:01.776] [+] Conexão TCP estabelecida com o switch: 127.0.0.1:54246
[18:18:01.776]     <<< HELLO de 127.0.0.1:54246 (xid=819)
[18:18:01.776]     >>> FEATURES_REQUEST para 127.0.0.1:54246
[18:18:01.779]     <<< FEATURES_REPLY: DPID=0000000000000003 buffers=0 tabelas=254 portas=6 (2.77 ms)
[18:18:01.779] [OK] Handshake concluído com DPID 3 (3 switch(es) conectado(s))
[18:18:01.791] [+] Conexão TCP estabelecida com o switch: 127.0.0.1:54262
[18:18:01.792]     <<< HELLO de 127.0.0.1:54262 (xid=820)
[18:18:01.792]     >>> FEATURES_REQUEST para 127.0.0.1:54262
[18:18:01.795]     <<< PORT_STATUS ignorada durante o handshake
[18:18:01.795]     <<< FEATURES_REPLY: DPID=0000000000000004 buffers=0 tabelas=254 portas=6 (3.18 ms)
[18:18:01.795] [OK] Handshake concluído com DPID 4 (4 switch(es) conectado(s))
[18:18:01.806] [+] Conexão TCP estabelecida com o switch: 127.0.0.1:54266
[18:18:01.806]     <<< HELLO de 127.0.0.1:54266 (xid=821)
[18:18:01.806]     >>> FEATURES_REQUEST para 127.0.0.1:54266
[18:18:01.809]     <<< FEATURES_REPLY: DPID=0000000000000005 buffers=0 tabelas=254 portas=6 (2.72 ms)
[18:18:01.809] [OK] Handshake concluído com DPID 5 (5 switch(es) conectado(s))
[18:18:01.818] PACKET_IN dpid=5 in_port=2 00:00:00:00:00:0e -> 33:33:00:00:00:16 eth_type=0x86dd len=110
[18:18:01.820] PACKET_IN dpid=1 in_port=4 00:00:00:00:00:0e -> 33:33:00:00:00:16 eth_type=0x86dd len=110
[18:18:01.821] PACKET_IN dpid=2 in_port=5 00:00:00:00:00:0e -> 33:33:00:00:00:16 eth_type=0x86dd len=110
[18:18:01.822] PACKET_IN dpid=3 in_port=5 00:00:00:00:00:0e -> 33:33:00:00:00:16 eth_type=0x86dd len=110
[18:18:01.822] PACKET_IN dpid=4 in_port=5 00:00:00:00:00:0e -> 33:33:00:00:00:16 eth_type=0x86dd len=110
[18:18:01.830] PACKET_IN dpid=1 in_port=1 ee:c9:19:2d:53:c7 -> 33:33:ff:2d:53:c7 eth_type=0x86dd len=86
[18:18:01.830] PACKET_IN dpid=4 in_port=5 32:07:4b:7e:ca:1e -> 33:33:00:00:00:16 eth_type=0x86dd len=90
[18:18:01.831] PACKET_IN dpid=3 in_port=5 ee:c9:19:2d:53:c7 -> 33:33:ff:2d:53:c7 eth_type=0x86dd len=86
[18:18:01.831] PACKET_IN dpid=4 in_port=5 ee:c9:19:2d:53:c7 -> 33:33:ff:2d:53:c7 eth_type=0x86dd len=86
[18:18:01.831] PACKET_IN dpid=5 in_port=5 ee:c9:19:2d:53:c7 -> 33:33:ff:2d:53:c7 eth_type=0x86dd len=86
[18:18:01.838] PACKET_IN dpid=5 in_port=4 00:00:00:00:00:10 -> 33:33:ff:00:00:10 eth_type=0x86dd len=86
[18:18:01.840] PACKET_IN dpid=1 in_port=4 00:00:00:00:00:10 -> 33:33:ff:00:00:10 eth_type=0x86dd len=86
[18:18:01.841] PACKET_IN dpid=2 in_port=5 00:00:00:00:00:10 -> 33:33:ff:00:00:10 eth_type=0x86dd len=86
[18:18:01.841] PACKET_IN dpid=3 in_port=5 00:00:00:00:00:10 -> 33:33:ff:00:00:10 eth_type=0x86dd len=86
[18:18:01.841] PACKET_IN dpid=4 in_port=5 00:00:00:00:00:10 -> 33:33:ff:00:00:10 eth_type=0x86dd len=86
[18:18:01.846] PACKET_IN dpid=4 in_port=3 00:00:00:00:00:0b -> 33:33:00:00:00:16 eth_type=0x86dd len=110
[18:18:01.847] PACKET_IN dpid=1 in_port=3 00:00:00:00:00:0b -> 33:33:00:00:00:16 eth_type=0x86dd len=110
[18:18:01.848] PACKET_IN dpid=2 in_port=5 00:00:00:00:00:0b -> 33:33:00:00:00:16 eth_type=0x86dd len=110
[18:18:01.848] PACKET_IN dpid=3 in_port=5 00:00:00:00:00:0b -> 33:33:00:00:00:16 eth_type=0x86dd len=110
[18:18:01.848] PACKET_IN dpid=5 in_port=5 00:00:00:00:00:0b -> 33:33:00:00:00:16 eth_type=0x86dd len=110
[18:18:01.862] PACKET_IN dpid=3 in_port=4 00:00:00:00:00:08 -> 33:33:00:00:00:16 eth_type=0x86dd len=110
[18:18:01.863] PACKET_IN dpid=1 in_port=2 00:00:00:00:00:08 -> 33:33:00:00:00:16 eth_type=0x86dd len=110
[18:18:01.864] PACKET_IN dpid=2 in_port=5 00:00:00:00:00:08 -> 33:33:00:00:00:16 eth_type=0x86dd len=110
[18:18:01.864] PACKET_IN dpid=4 in_port=5 00:00:00:00:00:08 -> 33:33:00:00:00:16 eth_type=0x86dd len=110
[18:18:01.864] PACKET_IN dpid=5 in_port=5 00:00:00:00:00:08 -> 33:33:00:00:00:16 eth_type=0x86dd len=110
[18:18:01.885] PACKET_IN dpid=3 in_port=2 00:00:00:00:00:06 -> 33:33:ff:00:00:06 eth_type=0x86dd len=86
[18:18:01.887] PACKET_IN dpid=1 in_port=2 00:00:00:00:00:06 -> 33:33:ff:00:00:06 eth_type=0x86dd len=86
[18:18:01.888] PACKET_IN dpid=2 in_port=5 00:00:00:00:00:06 -> 33:33:ff:00:00:06 eth_type=0x86dd len=86
[18:18:01.888] PACKET_IN dpid=4 in_port=5 00:00:00:00:00:06 -> 33:33:ff:00:00:06 eth_type=0x86dd len=86
[18:18:01.888] PACKET_IN dpid=5 in_port=5 00:00:00:00:00:06 -> 33:33:ff:00:00:06 eth_type=0x86dd len=86
[18:18:01.925] PACKET_IN dpid=2 in_port=3 00:00:00:00:00:03 -> 33:33:00:00:00:16 eth_type=0x86dd len=110
[18:18:01.927] PACKET_IN dpid=1 in_port=1 00:00:00:00:00:03 -> 33:33:00:00:00:16 eth_type=0x86dd len=110
[18:18:01.928] PACKET_IN dpid=3 in_port=5 00:00:00:00:00:03 -> 33:33:00:00:00:16 eth_type=0x86dd len=110
[18:18:01.928] PACKET_IN dpid=4 in_port=5 00:00:00:00:00:03 -> 33:33:00:00:00:16 eth_type=0x86dd len=110
[18:18:01.928] PACKET_IN dpid=5 in_port=5 00:00:00:00:00:03 -> 33:33:00:00:00:16 eth_type=0x86dd len=110
[18:18:01.990] PACKET_IN dpid=1 in_port=2 c2:36:d5:11:72:0d -> 33:33:00:00:00:16 eth_type=0x86dd len=90
[18:18:01.991] PACKET_IN dpid=2 in_port=5 c2:36:d5:11:72:0d -> 33:33:00:00:00:16 eth_type=0x86dd len=90
[18:18:01.991] PACKET_IN dpid=4 in_port=5 c2:36:d5:11:72:0d -> 33:33:00:00:00:16 eth_type=0x86dd len=90
[18:18:01.992] PACKET_IN dpid=5 in_port=5 c2:36:d5:11:72:0d -> 33:33:00:00:00:16 eth_type=0x86dd len=90
[18:18:02.007] [STATS] switches=5 packet_in/s=39 msgs/s=39
[18:18:02.053] PACKET_IN dpid=3 in_port=5 66:4e:48:4e:90:35 -> 33:33:ff:4e:90:35 eth_type=0x86dd len=86
[18:18:02.054] PACKET_IN dpid=4 in_port=2 00:00:00:00:00:0a -> 33:33:00:00:00:16 eth_type=0x86dd len=110
[18:18:02.055] PACKET_IN dpid=1 in_port=3 00:00:00:00:00:0a -> 33:33:00:00:00:16 eth_type=0x86dd len=110
[18:18:02.056] PACKET_IN dpid=2 in_port=5 00:00:00:00:00:0a -> 33:33:00:00:00:16 eth_type=0x86dd len=110
[18:18:02.056] PACKET_IN dpid=3 in_port=5 00:00:00:00:00:0a -> 33:33:00:00:00:16 eth_type=0x86dd len=110
[18:18:02.056] PACKET_IN dpid=5 in_port=5 00:00:00:00:00:0a -> 33:33:00:00:00:16 eth_type=0x86dd len=110
[18:18:02.082] PACKET_IN dpid=3 in_port=1 00:00:00:00:00:05 -> 33:33:00:00:00:16 eth_type=0x86dd len=110
[18:18:02.084] PACKET_IN dpid=1 in_port=2 00:00:00:00:00:05 -> 33:33:00:00:00:16 eth_type=0x86dd len=110
[18:18:02.085] PACKET_IN dpid=2 in_port=5 00:00:00:00:00:05 -> 33:33:00:00:00:16 eth_type=0x86dd len=110
[18:18:02.085] PACKET_IN dpid=4 in_port=5 00:00:00:00:00:05 -> 33:33:00:00:00:16 eth_type=0x86dd len=110
[18:18:02.085] PACKET_IN dpid=5 in_port=5 00:00:00:00:00:05 -> 33:33:00:00:00:16 eth_type=0x86dd len=110
[18:18:02.121] PACKET_IN dpid=5 in_port=4 00:00:00:00:00:10 -> 33:33:00:00:00:16 eth_type=0x86dd len=110
[18:18:02.123] PACKET_IN dpid=1 in_port=4 00:00:00:00:00:10 -> 33:33:00:00:00:16 eth_type=0x86dd len=110
[18:18:02.124] PACKET_IN dpid=2 in_port=5 00:00:00:00:00:10 -> 33:33:00:00:00:16 eth_type=0x86dd len=110
[18:18:02.124] PACKET_IN dpid=3 in_port=5 00:00:00:00:00:10 -> 33:33:00:00:00:16 eth_type=0x86dd len=110
[18:18:02.124] PACKET_IN dpid=4 in_port=5 00:00:00:00:00:10 -> 33:33:00:00:00:16 eth_type=0x86dd len=110
[18:18:02.150] PACKET_IN dpid=5 in_port=2 00:00:00:00:00:0e -> 33:33:ff:00:00:0e eth_type=0x86dd len=86
[18:18:02.150] PACKET_IN dpid=5 in_port=1 00:00:00:00:00:0d -> 33:33:ff:00:00:0d eth_type=0x86dd len=86
[18:18:02.151] PACKET_IN dpid=1 in_port=4 00:00:00:00:00:0e -> 33:33:ff:00:00:0e eth_type=0x86dd len=86
[18:18:02.151] PACKET_IN dpid=1 in_port=4 00:00:00:00:00:0d -> 33:33:ff:00:00:0d eth_type=0x86dd len=86
[18:18:02.152] PACKET_IN dpid=2 in_port=5 00:00:00:00:00:0e -> 33:33:ff:00:00:0e eth_type=0x86dd len=86
[18:18:02.152] PACKET_IN dpid=3 in_port=5 00:00:00:00:00:0e -> 33:33:ff:00:00:0e eth_type=0x86dd len=86
[18:18:02.152] PACKET_IN dpid=4 in_port=5 00:00:00:00:00:0e -> 33:33:ff:00:00:0e eth_type=0x86dd len=86
[18:18:02.152] PACKET_IN dpid=2 in_port=5 00:00:00:00:00:0d -> 33:33:ff:00:00:0d eth_type=0x86dd len=86
[18:18:02.152] PACKET_IN dpid=3 in_port=5 00:00:00:00:00:0d -> 33:33:ff:00:00:0d eth_type=0x86dd len=86
[18:18:02.152] PACKET_IN dpid=4 in_port=5 00:00:00:00:00:0d -> 33:33:ff:00:00:0d eth_type=0x86dd len=86
[18:18:02.177] PACKET_IN dpid=1 in_port=2 c2:36:d5:11:72:0d -> 33:33:ff:11:72:0d eth_type=0x86dd len=86
[18:18:02.178] PACKET_IN dpid=2 in_port=5 c2:36:d5:11:72:0d -> 33:33:ff:11:72:0d eth_type=0x86dd len=86
[18:18:02.179] PACKET_IN dpid=4 in_port=5 c2:36:d5:11:72:0d -> 33:33:ff:11:72:0d eth_type=0x86dd len=86
[18:18:02.179] PACKET_IN dpid=5 in_port=5 c2:36:d5:11:72:0d -> 33:33:ff:11:72:0d eth_type=0x86dd len=86
[18:18:02.210] PACKET_IN dpid=4 in_port=3 00:00:00:00:00:0b -> 33:33:ff:00:00:0b eth_type=0x86dd len=86
[18:18:02.212] PACKET_IN dpid=1 in_port=3 00:00:00:00:00:0b -> 33:33:ff:00:00:0b eth_type=0x86dd len=86
[18:18:02.213] PACKET_IN dpid=2 in_port=5 00:00:00:00:00:0b -> 33:33:ff:00:00:0b eth_type=0x86dd len=86
[18:18:02.213] PACKET_IN dpid=3 in_port=5 00:00:00:00:00:0b -> 33:33:ff:00:00:0b eth_type=0x86dd len=86
[18:18:02.213] PACKET_IN dpid=5 in_port=5 00:00:00:00:00:0b -> 33:33:ff:00:00:0b eth_type=0x86dd len=86
[18:18:02.245] PACKET_IN dpid=2 in_port=5 a6:30:8a:5d:36:7e -> 33:33:ff:5d:36:7e eth_type=0x86dd len=86
[18:18:02.274] PACKET_IN dpid=2 in_port=4 00:00:00:00:00:04 -> 33:33:ff:00:00:04 eth_type=0x86dd len=86
[18:18:02.274] PACKET_IN dpid=3 in_port=2 00:00:00:00:00:06 -> 33:33:00:00:00:16 eth_type=0x86dd len=110
[18:18:02.274] PACKET_IN dpid=3 in_port=3 00:00:00:00:00:07 -> 33:33:00:00:00:16 eth_type=0x86dd len=110
[18:18:02.275] PACKET_IN dpid=1 in_port=2 00:00:00:00:00:06 -> 33:33:00:00:00:16 eth_type=0x86dd len=110
[18:18:02.276] PACKET_IN dpid=1 in_port=2 00:00:00:00:00:07 -> 33:33:00:00:00:16 eth_type=0x86dd len=110
[18:18:02.276] PACKET_IN dpid=1 in_port=1 00:00:00:00:00:04 -> 33:33:ff:00:00:04 eth_type=0x86dd len=86
[18:18:02.277] PACKET_IN dpid=2 in_port=5 00:00:00:00:00:06 -> 33:33:00:00:00:16 eth_type=0x86dd len=110
[18:18:02.277] PACKET_IN dpid=3 in_port=5 00:00:00:00:00:04 -> 33:33:ff:00:00:04 eth_type=0x86dd len=86
[18:18:02.277] PACKET_IN dpid=4 in_port=5 00:00:00:00:00:06 -> 33:33:00:00:00:16 eth_type=0x86dd len=110
[18:18:02.277] PACKET_IN dpid=5 in_port=5 00:00:00:00:00:06 -> 33:33:00:00:00:16 eth_type=0x86dd len=110
[18:18:02.277] PACKET_IN dpid=2 in_port=5 00:00:00:00:00:07 -> 33:33:00:00:00:16 eth_type=0x86dd len=110
[18:18:02.277] PACKET_IN dpid=4 in_port=5 00:00:00:00:00:07 -> 33:33:00:00:00:16 eth_type=0x86dd len=110
[18:18:02.277] PACKET_IN dpid=5 in_port=5 00:00:00:00:00:07 -> 33:33:00:00:00:16 eth_type=0x86dd len=110
[18:18:02.277] PACKET_IN dpid=4 in_port=5 00:00:00:00:00:04 -> 33:33:ff:00:00:04 eth_type=0x86dd len=86
[18:18:02.277] PACKET_IN dpid=5 in_port=5 00:00:00:00:00:04 -> 33:33:ff:00:00:04 eth_type=0x86dd len=86
[18:18:02.305] PACKET_IN dpid=1 in_port=3 4a:6d:67:af:7f:31 -> 33:33:00:00:00:16 eth_type=0x86dd len=90
[18:18:02.305] PACKET_IN dpid=3 in_port=3 00:00:00:00:00:07 -> 33:33:ff:00:00:07 eth_type=0x86dd len=86
[18:18:02.307] PACKET_IN dpid=1 in_port=2 00:00:00:00:00:07 -> 33:33:ff:00:00:07 eth_type=0x86dd len=86
[18:18:02.307] PACKET_IN dpid=2 in_port=5 4a:6d:67:af:7f:31 -> 33:33:00:00:00:16 eth_type=0x86dd len=90
[18:18:02.307] PACKET_IN dpid=3 in_port=5 4a:6d:67:af:7f:31 -> 33:33:00:00:00:16 eth_type=0x86dd len=90
[18:18:02.307] PACKET_IN dpid=5 in_port=5 4a:6d:67:af:7f:31 -> 33:33:00:00:00:16 eth_type=0x86dd len=90
[18:18:02.308] PACKET_IN dpid=2 in_port=5 00:00:00:00:00:07 -> 33:33:ff:00:00:07 eth_type=0x86dd len=86
[18:18:02.308] PACKET_IN dpid=4 in_port=5 00:00:00:00:00:07 -> 33:33:ff:00:00:07 eth_type=0x86dd len=86
[18:18:02.308] PACKET_IN dpid=5 in_port=5 00:00:00:00:00:07 -> 33:33:ff:00:00:07 eth_type=0x86dd len=86
[18:18:02.309] PACKET_IN dpid=1 in_port=4 8a:98:40:61:dc:3a -> 33:33:ff:61:dc:3a eth_type=0x86dd len=86
[18:18:02.311] PACKET_IN dpid=2 in_port=5 8a:98:40:61:dc:3a -> 33:33:ff:61:dc:3a eth_type=0x86dd len=86
[18:18:02.311] PACKET_IN dpid=3 in_port=5 8a:98:40:61:dc:3a -> 33:33:ff:61:dc:3a eth_type=0x86dd len=86
[18:18:02.311] PACKET_IN dpid=4 in_port=5 8a:98:40:61:dc:3a -> 33:33:ff:61:dc:3a eth_type=0x86dd len=86
[18:18:02.434] PACKET_IN dpid=4 in_port=2 00:00:00:00:00:0a -> 33:33:ff:00:00:0a eth_type=0x86dd len=86
[18:18:02.434] PACKET_IN dpid=4 in_port=4 00:00:00:00:00:0c -> 33:33:ff:00:00:0c eth_type=0x86dd len=86
[18:18:02.435] PACKET_IN dpid=1 in_port=3 00:00:00:00:00:0a -> 33:33:ff:00:00:0a eth_type=0x86dd len=86
[18:18:02.435] PACKET_IN dpid=1 in_port=3 00:00:00:00:00:0c -> 33:33:ff:00:00:0c eth_type=0x86dd len=86
[18:18:02.437] PACKET_IN dpid=2 in_port=5 00:00:00:00:00:0a -> 33:33:ff:00:00:0a eth_type=0x86dd len=86
[18:18:02.437] PACKET_IN dpid=3 in_port=5 00:00:00:00:00:0a -> 33:33:ff:00:00:0a eth_type=0x86dd len=86
[18:18:02.437] PACKET_IN dpid=5 in_port=5 00:00:00:00:00:0a -> 33:33:ff:00:00:0a eth_type=0x86dd len=86
[18:18:02.437] PACKET_IN dpid=2 in_port=5 00:00:00:00:00:0c -> 33:33:ff:00:00:0c eth_type=0x86dd len=86
[18:18:02.437] PACKET_IN dpid=3 in_port=5 00:00:00:00:00:0c -> 33:33:ff:00:00:0c eth_type=0x86dd len=86
[18:18:02.437] PACKET_IN dpid=5 in_port=5 00:00:00:00:00:0c -> 33:33:ff:00:00:0c eth_type=0x86dd len=86
[18:18:02.466] PACKET_IN dpid=4 in_port=1 00:00:00:00:00:09 -> 33:33:ff:00:00:09 eth_type=0x86dd len=86
[18:18:02.467] PACKET_IN dpid=1 in_port=3 00:00:00:00:00:09 -> 33:33:ff:00:00:09 eth_type=0x86dd len=86
[18:18:02.468] PACKET_IN dpid=2 in_port=5 00:00:00:00:00:09 -> 33:33:ff:00:00:09 eth_type=0x86dd len=86
[18:18:02.468] PACKET_IN dpid=3 in_port=5 00:00:00:00:00:09 -> 33:33:ff:00:00:09 eth_type=0x86dd len=86
[18:18:02.468] PACKET_IN dpid=5 in_port=5 00:00:00:00:00:09 -> 33:33:ff:00:00:09 eth_type=0x86dd len=86
[18:18:02.471] PACKET_IN dpid=5 in_port=5 06:ec:97:64:ec:02 -> 33:33:00:00:00:16 eth_type=0x86dd len=90
[18:18:02.471] PACKET_IN dpid=5 in_port=5 06:ec:97:64:ec:02 -> 33:33:00:00:00:02 eth_type=0x86dd len=70
[18:18:02.498] PACKET_IN dpid=2 in_port=3 00:00:00:00:00:03 -> 33:33:ff:00:00:03 eth_type=0x86dd len=86
[18:18:02.498] PACKET_IN dpid=2 in_port=2 00:00:00:00:00:02 -> 33:33:00:00:00:16 eth_type=0x86dd len=110
[18:18:02.499] PACKET_IN dpid=1 in_port=1 00:00:00:00:00:03 -> 33:33:ff:00:00:03 eth_type=0x86dd len=86
[18:18:02.500] PACKET_IN dpid=1 in_port=1 00:00:00:00:00:02 -> 33:33:00:00:00:16 eth_type=0x86dd len=110
[18:18:02.501] PACKET_IN dpid=3 in_port=5 00:00:00:00:00:03 -> 33:33:ff:00:00:03 eth_type=0x86dd len=86
[18:18:02.501] PACKET_IN dpid=4 in_port=5 00:00:00:00:00:03 -> 33:33:ff:00:00:03 eth_type=0x86dd len=86
[18:18:02.501] PACKET_IN dpid=5 in_port=5 00:00:00:00:00:03 -> 33:33:ff:00:00:03 eth_type=0x86dd len=86
[18:18:02.501] PACKET_IN dpid=3 in_port=5 00:00:00:00:00:02 -> 33:33:00:00:00:16 eth_type=0x86dd len=110
[18:18:02.501] PACKET_IN dpid=4 in_port=5 00:00:00:00:00:02 -> 33:33:00:00:00:16 eth_type=0x86dd len=110
[18:18:02.501] PACKET_IN dpid=5 in_port=5 00:00:00:00:00:02 -> 33:33:00:00:00:16 eth_type=0x86dd len=110
[18:18:02.530] PACKET_IN dpid=5 in_port=3 00:00:00:00:00:0f -> 33:33:ff:00:00:0f eth_type=0x86dd len=86
[18:18:02.532] PACKET_IN dpid=1 in_port=4 00:00:00:00:00:0f -> 33:33:ff:00:00:0f eth_type=0x86dd len=86
[18:18:02.533] PACKET_IN dpid=2 in_port=5 00:00:00:00:00:0f -> 33:33:ff:00:00:0f eth_type=0x86dd len=86
[18:18:02.533] PACKET_IN dpid=3 in_port=5 00:00:00:00:00:0f -> 33:33:ff:00:00:0f eth_type=0x86dd len=86
[18:18:02.533] PACKET_IN dpid=4 in_port=5 00:00:00:00:00:0f -> 33:33:ff:00:00:0f eth_type=0x86dd len=86
[18:18:02.534] PACKET_IN dpid=1 in_port=3 4a:6d:67:af:7f:31 -> 33:33:00:00:00:16 eth_type=0x86dd len=90
[18:18:02.534] PACKET_IN dpid=1 in_port=3 4a:6d:67:af:7f:31 -> 33:33:00:00:00:02 eth_type=0x86dd len=70
[18:18:02.536] PACKET_IN dpid=2 in_port=5 4a:6d:67:af:7f:31 -> 33:33:00:00:00:16 eth_type=0x86dd len=90
[18:18:02.536] PACKET_IN dpid=3 in_port=5 4a:6d:67:af:7f:31 -> 33:33:00:00:00:16 eth_type=0x86dd len=90
[18:18:02.536] PACKET_IN dpid=5 in_port=5 4a:6d:67:af:7f:31 -> 33:33:00:00:00:16 eth_type=0x86dd len=90
[18:18:02.536] PACKET_IN dpid=2 in_port=5 4a:6d:67:af:7f:31 -> 33:33:00:00:00:02 eth_type=0x86dd len=70
[18:18:02.536] PACKET_IN dpid=3 in_port=5 4a:6d:67:af:7f:31 -> 33:33:00:00:00:02 eth_type=0x86dd len=70
[18:18:02.536] PACKET_IN dpid=5 in_port=5 4a:6d:67:af:7f:31 -> 33:33:00:00:00:02 eth_type=0x86dd len=70
[18:18:02.563] PACKET_IN dpid=1 in_port=3 4a:6d:67:af:7f:31 -> 33:33:00:00:00:16 eth_type=0x86dd len=90
[18:18:02.563] PACKET_IN dpid=2 in_port=4 00:00:00:00:00:04 -> 33:33:00:00:00:16 eth_type=0x86dd len=110
[18:18:02.564] PACKET_IN dpid=1 in_port=1 00:00:00:00:00:04 -> 33:33:00:00:00:16 eth_type=0x86dd len=110
[18:18:02.564] PACKET_IN dpid=2 in_port=5 4a:6d:67:af:7f:31 -> 33:33:00:00:00:16 eth_type=0x86dd len=90
[18:18:02.564] PACKET_IN dpid=3 in_port=5 4a:6d:67:af:7f:31 -> 33:33:00:00:00:16 eth_type=0x86dd len=90
[18:18:02.564] PACKET_IN dpid=5 in_port=5 4a:6d:67:af:7f:31 -> 33:33:00:00:00:16 eth_type=0x86dd len=90
[18:18:02.566] PACKET_IN dpid=3 in_port=5 00:00:00:00:00:04 -> 33:33:00:00:00:16 eth_type=0x86dd len=110
[18:18:02.566] PACKET_IN dpid=4 in_port=5 00:00:00:00:00:04 -> 33:33:00:00:00:16 eth_type=0x86dd len=110
[18:18:02.566] PACKET_IN dpid=5 in_port=5 00:00:00:00:00:04 -> 33:33:00:00:00:16 eth_type=0x86dd len=110
[18:18:02.598] PACKET_IN dpid=2 in_port=2 00:00:00:00:00:02 -> 33:33:ff:00:00:02 eth_type=0x86dd len=86
[18:18:02.599] PACKET_IN dpid=1 in_port=1 00:00:00:00:00:02 -> 33:33:ff:00:00:02 eth_type=0x86dd len=86
[18:18:02.600] PACKET_IN dpid=3 in_port=5 00:00:00:00:00:02 -> 33:33:ff:00:00:02 eth_type=0x86dd len=86
[18:18:02.600] PACKET_IN dpid=4 in_port=5 00:00:00:00:00:02 -> 33:33:ff:00:00:02 eth_type=0x86dd len=86
[18:18:02.600] PACKET_IN dpid=5 in_port=5 00:00:00:00:00:02 -> 33:33:ff:00:00:02 eth_type=0x86dd len=86
[18:18:02.626] PACKET_IN dpid=2 in_port=1 00:00:00:00:00:01 -> 33:33:00:00:00:16 eth_type=0x86dd len=110
[18:18:02.626] PACKET_IN dpid=5 in_port=3 00:00:00:00:00:0f -> 33:33:00:00:00:16 eth_type=0x86dd len=110
[18:18:02.628] PACKET_IN dpid=1 in_port=4 00:00:00:00:00:0f -> 33:33:00:00:00:16 eth_type=0x86dd len=110
[18:18:02.628] PACKET_IN dpid=1 in_port=1 00:00:00:00:00:01 -> 33:33:00:00:00:16 eth_type=0x86dd len=110
[18:18:02.629] PACKET_IN dpid=2 in_port=5 00:00:00:00:00:0f -> 33:33:00:00:00:16 eth_type=0x86dd len=110
[18:18:02.629] PACKET_IN dpid=3 in_port=5 00:00:00:00:00:0f -> 33:33:00:00:00:16 eth_type=0x86dd len=110
[18:18:02.629] PACKET_IN dpid=4 in_port=5 00:00:00:00:00:0f -> 33:33:00:00:00:16 eth_type=0x86dd len=110
[18:18:02.629] PACKET_IN dpid=5 in_port=5 00:00:00:00:00:01 -> 33:33:00:00:00:16 eth_type=0x86dd len=110
[18:18:02.629] PACKET_IN dpid=3 in_port=5 00:00:00:00:00:01 -> 33:33:00:00:00:16 eth_type=0x86dd len=110
[18:18:02.629] PACKET_IN dpid=4 in_port=5 00:00:00:00:00:01 -> 33:33:00:00:00:16 eth_type=0x86dd len=110
[18:18:02.722] PACKET_IN dpid=4 in_port=1 00:00:00:00:00:09 -> 33:33:00:00:00:16 eth_type=0x86dd len=110
[18:18:02.723] PACKET_IN dpid=1 in_port=3 00:00:00:00:00:09 -> 33:33:00:00:00:16 eth_type=0x86dd len=110
[18:18:02.724] PACKET_IN dpid=2 in_port=5 00:00:00:00:00:09 -> 33:33:00:00:00:16 eth_type=0x86dd len=110
[18:18:02.724] PACKET_IN dpid=3 in_port=5 00:00:00:00:00:09 -> 33:33:00:00:00:16 eth_type=0x86dd len=110
[18:18:02.724] PACKET_IN dpid=5 in_port=5 00:00:00:00:00:09 -> 33:33:00:00:00:16 eth_type=0x86dd len=110
[18:18:02.726] PACKET_IN dpid=2 in_port=1 00:00:00:00:00:01 -> 33:33:00:00:00:16 eth_type=0x86dd len=90
[18:18:02.726] PACKET_IN dpid=3 in_port=4 00:00:00:00:00:08 -> 33:33:00:00:00:16 eth_type=0x86dd len=90
[18:18:02.726] PACKET_IN dpid=2 in_port=1 00:00:00:00:00:01 -> 33:33:00:00:00:02 eth_type=0x86dd len=70
[18:18:02.726] PACKET_IN dpid=3 in_port=4 00:00:00:00:00:08 -> 33:33:00:00:00:02 eth_type=0x86dd len=70
[18:18:02.727] PACKET_IN dpid=1 in_port=2 00:00:00:00:00:08 -> 33:33:00:00:00:16 eth_type=0x86dd len=90
[18:18:02.727] PACKET_IN dpid=1 in_port=2 00:00:00:00:00:08 -> 33:33:00:00:00:02 eth_type=0x86dd len=70
[18:18:02.727] PACKET_IN dpid=1 in_port=1 00:00:00:00:00:01 -> 33:33:00:00:00:16 eth_type=0x86dd len=90
[18:18:02.727] PACKET_IN dpid=1 in_port=1 00:00:00:00:00:01 -> 33:33:00:00:00:02 eth_type=0x86dd len=70
[18:18:02.729] PACKET_IN dpid=2 in_port=5 00:00:00:00:00:08 -> 33:33:00:00:00:16 eth_type=0x86dd len=90
[18:18:02.729] PACKET_IN dpid=3 in_port=5 00:00:00:00:00:01 -> 33:33:00:00:00:16 eth_type=0x86dd len=90
[18:18:02.729] PACKET_IN dpid=4 in_port=5 00:00:00:00:00:08 -> 33:33:00:00:00:16 eth_type=0x86dd len=90
[18:18:02.729] PACKET_IN dpid=5 in_port=5 00:00:00:00:00:08 -> 33:33:00:00:00:16 eth_type=0x86dd len=90
[18:18:02.729] PACKET_IN dpid=2 in_port=5 00:00:00:00:00:08 -> 33:33:00:00:00:02 eth_type=0x86dd len=70
[18:18:02.729] PACKET_IN dpid=3 in_port=5 00:00:00:00:00:01 -> 33:33:00:00:00:02 eth_type=0x86dd len=70
[18:18:02.729] PACKET_IN dpid=4 in_port=5 00:00:00:00:00:08 -> 33:33:00:00:00:02 eth_type=0x86dd len=70
[18:18:02.729] PACKET_IN dpid=5 in_port=5 00:00:00:00:00:08 -> 33:33:00:00:00:02 eth_type=0x86dd len=70
[18:18:02.729] PACKET_IN dpid=4 in_port=5 00:00:00:00:00:01 -> 33:33:00:00:00:16 eth_type=0x86dd len=90
[18:18:02.729] PACKET_IN dpid=5 in_port=5 00:00:00:00:00:01 -> 33:33:00:00:00:16 eth_type=0x86dd len=90
[18:18:02.729] PACKET_IN dpid=4 in_port=5 00:00:00:00:00:01 -> 33:33:00:00:00:02 eth_type=0x86dd len=70
[18:18:02.729] PACKET_IN dpid=5 in_port=5 00:00:00:00:00:01 -> 33:33:00:00:00:02 eth_type=0x86dd len=70
[18:18:02.754] PACKET_IN dpid=3 in_port=1 00:00:00:00:00:05 -> 33:33:00:00:00:16 eth_type=0x86dd len=90
[18:18:02.754] PACKET_IN dpid=3 in_port=1 00:00:00:00:00:05 -> 33:33:00:00:00:02 eth_type=0x86dd len=70
[18:18:02.755] PACKET_IN dpid=1 in_port=2 00:00:00:00:00:05 -> 33:33:00:00:00:16 eth_type=0x86dd len=90
[18:18:02.755] PACKET_IN dpid=1 in_port=2 00:00:00:00:00:05 -> 33:33:00:00:00:02 eth_type=0x86dd len=70
[18:18:02.756] PACKET_IN dpid=2 in_port=5 00:00:00:00:00:05 -> 33:33:00:00:00:16 eth_type=0x86dd len=90
[18:18:02.756] PACKET_IN dpid=4 in_port=5 00:00:00:00:00:05 -> 33:33:00:00:00:16 eth_type=0x86dd len=90
[18:18:02.757] PACKET_IN dpid=5 in_port=5 00:00:00:00:00:05 -> 33:33:00:00:00:16 eth_type=0x86dd len=90
[18:18:02.757] PACKET_IN dpid=2 in_port=5 00:00:00:00:00:05 -> 33:33:00:00:00:02 eth_type=0x86dd len=70
[18:18:02.757] PACKET_IN dpid=4 in_port=5 00:00:00:00:00:05 -> 33:33:00:00:00:02 eth_type=0x86dd len=70
[18:18:02.757] PACKET_IN dpid=5 in_port=5 00:00:00:00:00:05 -> 33:33:00:00:00:02 eth_type=0x86dd len=70
[18:18:02.787] PACKET_IN dpid=4 in_port=5 32:07:4b:7e:ca:1e -> 33:33:00:00:00:16 eth_type=0x86dd len=90
[18:18:02.787] PACKET_IN dpid=4 in_port=5 32:07:4b:7e:ca:1e -> 33:33:00:00:00:02 eth_type=0x86dd len=70
[18:18:02.851] PACKET_IN dpid=1 in_port=1 ee:c9:19:2d:53:c7 -> 33:33:00:00:00:16 eth_type=0x86dd len=90
[18:18:02.851] PACKET_IN dpid=5 in_port=4 00:00:00:00:00:10 -> 33:33:00:00:00:16 eth_type=0x86dd len=90
[18:18:02.851] PACKET_IN dpid=1 in_port=1 ee:c9:19:2d:53:c7 -> 33:33:00:00:00:02 eth_type=0x86dd len=70
[18:18:02.852] PACKET_IN dpid=5 in_port=4 00:00:00:00:00:10 -> 33:33:00:00:00:02 eth_type=0x86dd len=70
[18:18:02.853] PACKET_IN dpid=1 in_port=4 00:00:00:00:00:10 -> 33:33:00:00:00:16 eth_type=0x86dd len=90
[18:18:02.853] PACKET_IN dpid=3 in_port=5 ee:c9:19:2d:53:c7 -> 33:33:00:00:00:16 eth_type=0x86dd len=90
[18:18:02.853] PACKET_IN dpid=4 in_port=5 ee:c9:19:2d:53:c7 -> 33:33:00:00:00:16 eth_type=0x86dd len=90
[18:18:02.853] PACKET_IN dpid=5 in_port=5 ee:c9:19:2d:53:c7 -> 33:33:00:00:00:16 eth_type=0x86dd len=90
[18:18:02.853] PACKET_IN dpid=1 in_port=4 00:00:00:00:00:10 -> 33:33:00:00:00:02 eth_type=0x86dd len=70
[18:18:02.853] PACKET_IN dpid=3 in_port=5 ee:c9:19:2d:53:c7 -> 33:33:00:00:00:02 eth_type=0x86dd len=70
[18:18:02.853] PACKET_IN dpid=4 in_port=5 ee:c9:19:2d:53:c7 -> 33:33:00:00:00:02 eth_type=0x86dd len=70
[18:18:02.853] PACKET_IN dpid=5 in_port=5 ee:c9:19:2d:53:c7 -> 33:33:00:00:00:02 eth_type=0x86dd len=70
[18:18:02.854] PACKET_IN dpid=2 in_port=5 00:00:00:00:00:10 -> 33:33:00:00:00:16 eth_type=0x86dd len=90
[18:18:02.854] PACKET_IN dpid=3 in_port=5 00:00:00:00:00:10 -> 33:33:00:00:00:16 eth_type=0x86dd len=90
[18:18:02.854] PACKET_IN dpid=4 in_port=5 00:00:00:00:00:10 -> 33:33:00:00:00:16 eth_type=0x86dd len=90
[18:18:02.854] PACKET_IN dpid=2 in_port=5 00:00:00:00:00:10 -> 33:33:00:00:00:02 eth_type=0x86dd len=70
[18:18:02.854] PACKET_IN dpid=3 in_port=5 00:00:00:00:00:10 -> 33:33:00:00:00:02 eth_type=0x86dd len=70
[18:18:02.854] PACKET_IN dpid=4 in_port=5 00:00:00:00:00:10 -> 33:33:00:00:00:02 eth_type=0x86dd len=70
[18:18:02.913] PACKET_IN dpid=3 in_port=2 00:00:00:00:00:06 -> 33:33:00:00:00:16 eth_type=0x86dd len=90
[18:18:02.914] PACKET_IN dpid=3 in_port=2 00:00:00:00:00:06 -> 33:33:00:00:00:02 eth_type=0x86dd len=70
[18:18:02.915] PACKET_IN dpid=1 in_port=2 00:00:00:00:00:06 -> 33:33:00:00:00:16 eth_type=0x86dd len=90
[18:18:02.915] PACKET_IN dpid=1 in_port=2 00:00:00:00:00:06 -> 33:33:00:00:00:02 eth_type=0x86dd len=70
[18:18:02.916] PACKET_IN dpid=2 in_port=5 00:00:00:00:00:06 -> 33:33:00:00:00:16 eth_type=0x86dd len=90
[18:18:02.916] PACKET_IN dpid=4 in_port=5 00:00:00:00:00:06 -> 33:33:00:00:00:16 eth_type=0x86dd len=90
[18:18:02.916] PACKET_IN dpid=5 in_port=5 00:00:00:00:00:06 -> 33:33:00:00:00:16 eth_type=0x86dd len=90
[18:18:02.916] PACKET_IN dpid=2 in_port=5 00:00:00:00:00:06 -> 33:33:00:00:00:02 eth_type=0x86dd len=70
[18:18:02.916] PACKET_IN dpid=4 in_port=5 00:00:00:00:00:06 -> 33:33:00:00:00:02 eth_type=0x86dd len=70
[18:18:02.916] PACKET_IN dpid=5 in_port=5 00:00:00:00:00:06 -> 33:33:00:00:00:02 eth_type=0x86dd len=70
[18:18:02.994] PACKET_IN dpid=3 in_port=2 00:00:00:00:00:06 -> 33:33:00:00:00:16 eth_type=0x86dd len=90
[18:18:02.995] PACKET_IN dpid=1 in_port=2 00:00:00:00:00:06 -> 33:33:00:00:00:16 eth_type=0x86dd len=90
[18:18:02.997] PACKET_IN dpid=2 in_port=5 00:00:00:00:00:06 -> 33:33:00:00:00:16 eth_type=0x86dd len=90
[18:18:02.997] PACKET_IN dpid=4 in_port=5 00:00:00:00:00:06 -> 33:33:00:00:00:16 eth_type=0x86dd len=90
[18:18:02.997] PACKET_IN dpid=5 in_port=5 00:00:00:00:00:06 -> 33:33:00:00:00:16 eth_type=0x86dd len=90
[18:18:03.008] [STATS] switches=5 packet_in/s=198 msgs/s=198
[18:18:03.010] PACKET_IN dpid=2 in_port=1 00:00:00:00:00:01 -> 33:33:00:00:00:16 eth_type=0x86dd len=90
[18:18:03.012] PACKET_IN dpid=1 in_port=1 00:00:00:00:00:01 -> 33:33:00:00:00:16 eth_type=0x86dd len=90
[18:18:03.013] PACKET_IN dpid=3 in_port=5 00:00:00:00:00:01 -> 33:33:00:00:00:16 eth_type=0x86dd len=90
[18:18:03.013] PACKET_IN dpid=4 in_port=5 00:00:00:00:00:01 -> 33:33:00:00:00:16 eth_type=0x86dd len=90
[18:18:03.013] PACKET_IN dpid=5 in_port=5 00:00:00:00:00:01 -> 33:33:00:00:00:16 eth_type=0x86dd len=90
[18:18:03.079] PACKET_IN dpid=3 in_port=5 66:4e:48:4e:90:35 -> 33:33:00:00:00:16 eth_type=0x86dd len=90
[18:18:03.079] PACKET_IN dpid=3 in_port=5 66:4e:48:4e:90:35 -> 33:33:00:00:00:02 eth_type=0x86dd len=70
[18:18:03.110] PACKET_IN dpid=3 in_port=5 66:4e:48:4e:90:35 -> 33:33:00:00:00:16 eth_type=0x86dd len=90
[18:18:03.174] PACKET_IN dpid=5 in_port=1 00:00:00:00:00:0d -> 33:33:00:00:00:16 eth_type=0x86dd len=90
[18:18:03.174] PACKET_IN dpid=5 in_port=1 00:00:00:00:00:0d -> 33:33:00:00:00:02 eth_type=0x86dd len=70
[18:18:03.174] PACKET_IN dpid=5 in_port=2 00:00:00:00:00:0e -> 33:33:00:00:00:16 eth_type=0x86dd len=90
[18:18:03.174] PACKET_IN dpid=5 in_port=2 00:00:00:00:00:0e -> 33:33:00:00:00:02 eth_type=0x86dd len=70
[18:18:03.175] PACKET_IN dpid=1 in_port=4 00:00:00:00:00:0d -> 33:33:00:00:00:16 eth_type=0x86dd len=90
[18:18:03.175] PACKET_IN dpid=1 in_port=4 00:00:00:00:00:0d -> 33:33:00:00:00:02 eth_type=0x86dd len=70
[18:18:03.175] PACKET_IN dpid=1 in_port=4 00:00:00:00:00:0e -> 33:33:00:00:00:16 eth_type=0x86dd len=90
[18:18:03.175] PACKET_IN dpid=1 in_port=4 00:00:00:00:00:0e -> 33:33:00:00:00:02 eth_type=0x86dd len=70
[18:18:03.176] PACKET_IN dpid=2 in_port=5 00:00:00:00:00:0d -> 33:33:00:00:00:16 eth_type=0x86dd len=90
[18:18:03.177] PACKET_IN dpid=3 in_port=5 00:00:00:00:00:0d -> 33:33:00:00:00:16 eth_type=0x86dd len=90
[18:18:03.177] PACKET_IN dpid=4 in_port=5 00:00:00:00:00:0d -> 33:33:00:00:00:16 eth_type=0x86dd len=90
[18:18:03.177] PACKET_IN dpid=2 in_port=5 00:00:00:00:00:0d -> 33:33:00:00:00:02 eth_type=0x86dd len=70
[18:18:03.177] PACKET_IN dpid=3 in_port=5 00:00:00:00:00:0d -> 33:33:00:00:00:02 eth_type=0x86dd len=70
[18:18:03.177] PACKET_IN dpid=4 in_port=5 00:00:00:00:00:0d -> 33:33:00:00:00:02 eth_type=0x86dd len=70
[18:18:03.177] PACKET_IN dpid=2 in_port=5 00:00:00:00:00:0e -> 33:33:00:00:00:16 eth_type=0x86dd len=90
[18:18:03.177] PACKET_IN dpid=3 in_port=5 00:00:00:00:00:0e -> 33:33:00:00:00:16 eth_type=0x86dd len=90
[18:18:03.177] PACKET_IN dpid=4 in_port=5 00:00:00:00:00:0e -> 33:33:00:00:00:16 eth_type=0x86dd len=90
[18:18:03.177] PACKET_IN dpid=2 in_port=5 00:00:00:00:00:0e -> 33:33:00:00:00:02 eth_type=0x86dd len=70
[18:18:03.177] PACKET_IN dpid=3 in_port=5 00:00:00:00:00:0e -> 33:33:00:00:00:02 eth_type=0x86dd len=70
[18:18:03.177] PACKET_IN dpid=4 in_port=5 00:00:00:00:00:0e -> 33:33:00:00:00:02 eth_type=0x86dd len=70
[18:18:03.205] PACKET_IN dpid=1 in_port=2 c2:36:d5:11:72:0d -> 33:33:00:00:00:16 eth_type=0x86dd len=90
[18:18:03.205] PACKET_IN dpid=1 in_port=2 c2:36:d5:11:72:0d -> 33:33:00:00:00:02 eth_type=0x86dd len=70
[18:18:03.208] PACKET_IN dpid=2 in_port=5 c2:36:d5:11:72:0d -> 33:33:00:00:00:16 eth_type=0x86dd len=90
[18:18:03.208] PACKET_IN dpid=4 in_port=5 c2:36:d5:11:72:0d -> 33:33:00:00:00:16 eth_type=0x86dd len=90
[18:18:03.208] PACKET_IN dpid=5 in_port=5 c2:36:d5:11:72:0d -> 33:33:00:00:00:16 eth_type=0x86dd len=90
[18:18:03.208] PACKET_IN dpid=2 in_port=5 c2:36:d5:11:72:0d -> 33:33:00:00:00:02 eth_type=0x86dd len=70
[18:18:03.208] PACKET_IN dpid=4 in_port=5 c2:36:d5:11:72:0d -> 33:33:00:00:00:02 eth_type=0x86dd len=70
[18:18:03.208] PACKET_IN dpid=5 in_port=5 c2:36:d5:11:72:0d -> 33:33:00:00:00:02 eth_type=0x86dd len=70
[18:18:03.234] PACKET_IN dpid=4 in_port=3 00:00:00:00:00:0b -> 33:33:00:00:00:16 eth_type=0x86dd len=90
[18:18:03.234] PACKET_IN dpid=4 in_port=3 00:00:00:00:00:0b -> 33:33:00:00:00:02 eth_type=0x86dd len=70
[18:18:03.235] PACKET_IN dpid=1 in_port=3 00:00:00:00:00:0b -> 33:33:00:00:00:16 eth_type=0x86dd len=90
[18:18:03.235] PACKET_IN dpid=1 in_port=3 00:00:00:00:00:0b -> 33:33:00:00:00:02 eth_type=0x86dd len=70
[18:18:03.236] PACKET_IN dpid=2 in_port=5 00:00:00:00:00:0b -> 33:33:00:00:00:16 eth_type=0x86dd len=90
[18:18:03.236] PACKET_IN dpid=3 in_port=5 00:00:00:00:00:0b -> 33:33:00:00:00:16 eth_type=0x86dd len=90
[18:18:03.236] PACKET_IN dpid=5 in_port=5 00:00:00:00:00:0b -> 33:33:00:00:00:16 eth_type=0x86dd len=90
[18:18:03.236] PACKET_IN dpid=2 in_port=5 00:00:00:00:00:0b -> 33:33:00:00:00:02 eth_type=0x86dd len=70
[18:18:03.236] PACKET_IN dpid=3 in_port=5 00:00:00:00:00:0b -> 33:33:00:00:00:02 eth_type=0x86dd len=70
[18:18:03.236] PACKET_IN dpid=5 in_port=5 00:00:00:00:00:0b -> 33:33:00:00:00:02 eth_type=0x86dd len=70
[18:18:03.270] PACKET_IN dpid=2 in_port=5 a6:30:8a:5d:36:7e -> 33:33:00:00:00:16 eth_type=0x86dd len=90
[18:18:03.270] PACKET_IN dpid=2 in_port=5 a6:30:8a:5d:36:7e -> 33:33:00:00:00:02 eth_type=0x86dd len=70
[18:18:03.286] PACKET_IN dpid=5 in_port=2 00:00:00:00:00:0e -> 33:33:00:00:00:16 eth_type=0x86dd len=90
[18:18:03.287] PACKET_IN dpid=1 in_port=4 00:00:00:00:00:0e -> 33:33:00:00:00:16 eth_type=0x86dd len=90
[18:18:03.289] PACKET_IN dpid=2 in_port=5 00:00:00:00:00:0e -> 33:33:00:00:00:16 eth_type=0x86dd len=90
[18:18:03.289] PACKET_IN dpid=3 in_port=5 00:00:00:00:00:0e -> 33:33:00:00:00:16 eth_type=0x86dd len=90
[18:18:03.289] PACKET_IN dpid=4 in_port=5 00:00:00:00:00:0e -> 33:33:00:00:00:16 eth_type=0x86dd len=90
[18:18:03.302] PACKET_IN dpid=2 in_port=4 00:00:00:00:00:04 -> 33:33:00:00:00:16 eth_type=0x86dd len=90
[18:18:03.302] PACKET_IN dpid=5 in_port=5 06:ec:97:64:ec:02 -> 33:33:00:00:00:16 eth_type=0x86dd len=90
[18:18:03.302] PACKET_IN dpid=2 in_port=4 00:00:00:00:00:04 -> 33:33:00:00:00:02 eth_type=0x86dd len=70
[18:18:03.303] PACKET_IN dpid=1 in_port=1 00:00:00:00:00:04 -> 33:33:00:00:00:16 eth_type=0x86dd len=90
[18:18:03.304] PACKET_IN dpid=1 in_port=1 00:00:00:00:00:04 -> 33:33:00:00:00:02 eth_type=0x86dd len=70
[18:18:03.305] PACKET_IN dpid=3 in_port=5 00:00:00:00:00:04 -> 33:33:00:00:00:16 eth_type=0x86dd len=90
[18:18:03.305] PACKET_IN dpid=4 in_port=5 00:00:00:00:00:04 -> 33:33:00:00:00:16 eth_type=0x86dd len=90
[18:18:03.305] PACKET_IN dpid=5 in_port=5 00:00:00:00:00:04 -> 33:33:00:00:00:16 eth_type=0x86dd len=90
[18:18:03.305] PACKET_IN dpid=3 in_port=5 00:00:00:00:00:04 -> 33:33:00:00:00:02 eth_type=0x86dd len=70
[18:18:03.305] PACKET_IN dpid=4 in_port=5 00:00:00:00:00:04 -> 33:33:00:00:00:02 eth_type=0x86dd len=70
[18:18:03.305] PACKET_IN dpid=5 in_port=5 00:00:00:00:00:04 -> 33:33:00:00:00:02 eth_type=0x86dd len=70
[18:18:03.336] PACKET_IN dpid=1 in_port=4 8a:98:40:61:dc:3a -> 33:33:00:00:00:16 eth_type=0x86dd len=90
[18:18:03.337] PACKET_IN dpid=3 in_port=3 00:00:00:00:00:07 -> 33:33:00:00:00:16 eth_type=0x86dd len=90
[18:18:03.337] PACKET_IN dpid=1 in_port=4 8a:98:40:61:dc:3a -> 33:33:00:00:00:02 eth_type=0x86dd len=70
[18:18:03.337] PACKET_IN dpid=3 in_port=3 00:00:00:00:00:07 -> 33:33:00:00:00:02 eth_type=0x86dd len=70
[18:18:03.338] PACKET_IN dpid=1 in_port=2 00:00:00:00:00:07 -> 33:33:00:00:00:16 eth_type=0x86dd len=90
[18:18:03.338] PACKET_IN dpid=2 in_port=5 8a:98:40:61:dc:3a -> 33:33:00:00:00:16 eth_type=0x86dd len=90
[18:18:03.338] PACKET_IN dpid=3 in_port=5 8a:98:40:61:dc:3a -> 33:33:00:00:00:16 eth_type=0x86dd len=90
[18:18:03.338] PACKET_IN dpid=4 in_port=5 8a:98:40:61:dc:3a -> 33:33:00:00:00:16 eth_type=0x86dd len=90
[18:18:03.338] PACKET_IN dpid=1 in_port=2 00:00:00:00:00:07 -> 33:33:00:00:00:02 eth_type=0x86dd len=70
[18:18:03.338] PACKET_IN dpid=2 in_port=5 8a:98:40:61:dc:3a -> 33:33:00:00:00:02 eth_type=0x86dd len=70
[18:18:03.338] PACKET_IN dpid=3 in_port=5 8a:98:40:61:dc:3a -> 33:33:00:00:00:02 eth_type=0x86dd len=70
[18:18:03.338] PACKET_IN dpid=4 in_port=5 8a:98:40:61:dc:3a -> 33:33:00:00:00:02 eth_type=0x86dd len=70
[18:18:03.339] PACKET_IN dpid=2 in_port=5 00:00:00:00:00:07 -> 33:33:00:00:00:16 eth_type=0x86dd len=90
[18:18:03.339] PACKET_IN dpid=4 in_port=5 00:00:00:00:00:07 -> 33:33:00:00:00:16 eth_type=0x86dd len=90
[18:18:03.340] PACKET_IN dpid=5 in_port=5 00:00:00:00:00:07 -> 33:33:00:00:00:16 eth_type=0x86dd len=90
[18:18:03.340] PACKET_IN dpid=2 in_port=5 00:00:00:00:00:07 -> 33:33:00:00:00:02 eth_type=0x86dd len=70
[18:18:03.340] PACKET_IN dpid=4 in_port=5 00:00:00:00:00:07 -> 33:33:00:00:00:02 eth_type=0x86dd len=70
[18:18:03.340] PACKET_IN dpid=5 in_port=5 00:00:00:00:00:07 -> 33:33:00:00:00:02 eth_type=0x86dd len=70
[18:18:03.385] PACKET_IN dpid=1 in_port=4 8a:98:40:61:dc:3a -> 33:33:00:00:00:16 eth_type=0x86dd len=90
[18:18:03.386] PACKET_IN dpid=2 in_port=5 8a:98:40:61:dc:3a -> 33:33:00:00:00:16 eth_type=0x86dd len=90
[18:18:03.387] PACKET_IN dpid=3 in_port=5 8a:98:40:61:dc:3a -> 33:33:00:00:00:16 eth_type=0x86dd len=90
[18:18:03.387] PACKET_IN dpid=4 in_port=5 8a:98:40:61:dc:3a -> 33:33:00:00:00:16 eth_type=0x86dd len=90
[18:18:03.398] PACKET_IN dpid=3 in_port=1 00:00:00:00:00:05 -> 33:33:00:00:00:16 eth_type=0x86dd len=90
[18:18:03.399] PACKET_IN dpid=1 in_port=2 00:00:00:00:00:05 -> 33:33:00:00:00:16 eth_type=0x86dd len=90
[18:18:03.400] PACKET_IN dpid=2 in_port=5 00:00:00:00:00:05 -> 33:33:00:00:00:16 eth_type=0x86dd len=90
[18:18:03.400] PACKET_IN dpid=4 in_port=5 00:00:00:00:00:05 -> 33:33:00:00:00:16 eth_type=0x86dd len=90
[18:18:03.401] PACKET_IN dpid=5 in_port=5 00:00:00:00:00:05 -> 33:33:00:00:00:16 eth_type=0x86dd len=90
[18:18:03.461] PACKET_IN dpid=4 in_port=2 00:00:00:00:00:0a -> 33:33:00:00:00:16 eth_type=0x86dd len=90
[18:18:03.462] PACKET_IN dpid=4 in_port=2 00:00:00:00:00:0a -> 33:33:00:00:00:02 eth_type=0x86dd len=70
[18:18:03.462] PACKET_IN dpid=4 in_port=4 00:00:00:00:00:0c -> 33:33:00:00:00:16 eth_type=0x86dd len=90
[18:18:03.462] PACKET_IN dpid=4 in_port=4 00:00:00:00:00:0c -> 33:33:00:00:00:02 eth_type=0x86dd len=70
[18:18:03.463] PACKET_IN dpid=1 in_port=3 00:00:00:00:00:0a -> 33:33:00:00:00:16 eth_type=0x86dd len=90
[18:18:03.463] PACKET_IN dpid=1 in_port=3 00:00:00:00:00:0a -> 33:33:00:00:00:02 eth_type=0x86dd len=70
[18:18:03.463] PACKET_IN dpid=1 in_port=3 00:00:00:00:00:0c -> 33:33:00:00:00:16 eth_type=0x86dd len=90
[18:18:03.463] PACKET_IN dpid=1 in_port=3 00:00:00:00:00:0c -> 33:33:00:00:00:02 eth_type=0x86dd len=70
[18:18:03.465] PACKET_IN dpid=2 in_port=5 00:00:00:00:00:0a -> 33:33:00:00:00:16 eth_type=0x86dd len=90
[18:18:03.465] PACKET_IN dpid=3 in_port=5 00:00:00:00:00:0a -> 33:33:00:00:00:16 eth_type=0x86dd len=90
[18:18:03.465] PACKET_IN dpid=5 in_port=5 00:00:00:00:00:0a -> 33:33:00:00:00:16 eth_type=0x86dd len=90
[18:18:03.465] PACKET_IN dpid=2 in_port=5 00:00:00:00:00:0a -> 33:33:00:00:00:02 eth_type=0x86dd len=70
[18:18:03.465] PACKET_IN dpid=3 in_port=5 00:00:00:00:00:0a -> 33:33:00:00:00:02 eth_type=0x86dd len=70
[18:18:03.465] PACKET_IN dpid=5 in_port=5 00:00:00:00:00:0a -> 33:33:00:00:00:02 eth_type=0x86dd len=70
[18:18:03.465] PACKET_IN dpid=2 in_port=5 00:00:00:00:00:0c -> 33:33:00:00:00:16 eth_type=0x86dd len=90
[18:18:03.465] PACKET_IN dpid=3 in_port=5 00:00:00:00:00:0c -> 33:33:00:00:00:16 eth_type=0x86dd len=90
[18:18:03.465] PACKET_IN dpid=5 in_port=5 00:00:00:00:00:0c -> 33:33:00:00:00:16 eth_type=0x86dd len=90
[18:18:03.465] PACKET_IN dpid=2 in_port=5 00:00:00:00:00:0c -> 33:33:00:00:00:02 eth_type=0x86dd len=70
[18:18:03.465] PACKET_IN dpid=3 in_port=5 00:00:00:00:00:0c -> 33:33:00:00:00:02 eth_type=0x86dd len=70
[18:18:03.465] PACKET_IN dpid=5 in_port=5 00:00:00:00:00:0c -> 33:33:00:00:00:02 eth_type=0x86dd len=70
[18:18:03.495] PACKET_IN dpid=4 in_port=1 00:00:00:00:00:09 -> 33:33:00:00:00:16 eth_type=0x86dd len=90
[18:18:03.496] PACKET_IN dpid=4 in_port=1 00:00:00:00:00:09 -> 33:33:00:00:00:02 eth_type=0x86dd len=70
[18:18:03.497] PACKET_IN dpid=1 in_port=3 00:00:00:00:00:09 -> 33:33:00:00:00:16 eth_type=0x86dd len=90
[18:18:03.497] PACKET_IN dpid=1 in_port=3 00:00:00:00:00:09 -> 33:33:00:00:00:02 eth_type=0x86dd len=70
[18:18:03.498] PACKET_IN dpid=2 in_port=5 00:00:00:00:00:09 -> 33:33:00:00:00:16 eth_type=0x86dd len=90
[18:18:03.498] PACKET_IN dpid=3 in_port=5 00:00:00:00:00:09 -> 33:33:00:00:00:16 eth_type=0x86dd len=90
[18:18:03.498] PACKET_IN dpid=5 in_port=5 00:00:00:00:00:09 -> 33:33:00:00:00:16 eth_type=0x86dd len=90
[18:18:03.498] PACKET_IN dpid=2 in_port=5 00:00:00:00:00:09 -> 33:33:00:00:00:02 eth_type=0x86dd len=70
[18:18:03.498] PACKET_IN dpid=3 in_port=5 00:00:00:00:00:09 -> 33:33:00:00:00:02 eth_type=0x86dd len=70
[18:18:03.498] PACKET_IN dpid=5 in_port=5 00:00:00:00:00:09 -> 33:33:00:00:00:02 eth_type=0x86dd len=70
[18:18:03.522] PACKET_IN dpid=2 in_port=3 00:00:00:00:00:03 -> 33:33:00:00:00:16 eth_type=0x86dd len=90
[18:18:03.522] PACKET_IN dpid=4 in_port=5 32:07:4b:7e:ca:1e -> 33:33:00:00:00:16 eth_type=0x86dd len=90
[18:18:03.522] PACKET_IN dpid=2 in_port=3 00:00:00:00:00:03 -> 33:33:00:00:00:02 eth_type=0x86dd len=70
[18:18:03.523] PACKET_IN dpid=1 in_port=1 00:00:00:00:00:03 -> 33:33:00:00:00:16 eth_type=0x86dd len=90
[18:18:03.523] PACKET_IN dpid=1 in_port=1 00:00:00:00:00:03 -> 33:33:00:00:00:02 eth_type=0x86dd len=70
[18:18:03.524] PACKET_IN dpid=3 in_port=5 00:00:00:00:00:03 -> 33:33:00:00:00:16 eth_type=0x86dd len=90
[18:18:03.524] PACKET_IN dpid=4 in_port=5 00:00:00:00:00:03 -> 33:33:00:00:00:16 eth_type=0x86dd len=90
[18:18:03.524] PACKET_IN dpid=5 in_port=5 00:00:00:00:00:03 -> 33:33:00:00:00:16 eth_type=0x86dd len=90
[18:18:03.524] PACKET_IN dpid=3 in_port=5 00:00:00:00:00:03 -> 33:33:00:00:00:02 eth_type=0x86dd len=70
[18:18:03.524] PACKET_IN dpid=4 in_port=5 00:00:00:00:00:03 -> 33:33:00:00:00:02 eth_type=0x86dd len=70
[18:18:03.524] PACKET_IN dpid=5 in_port=5 00:00:00:00:00:03 -> 33:33:00:00:00:02 eth_type=0x86dd len=70
[18:18:03.557] PACKET_IN dpid=5 in_port=3 00:00:00:00:00:0f -> 33:33:00:00:00:16 eth_type=0x86dd len=90
[18:18:03.557] PACKET_IN dpid=5 in_port=3 00:00:00:00:00:0f -> 33:33:00:00:00:02 eth_type=0x86dd len=70
[18:18:03.558] PACKET_IN dpid=1 in_port=4 00:00:00:00:00:0f -> 33:33:00:00:00:16 eth_type=0x86dd len=90
[18:18:03.559] PACKET_IN dpid=1 in_port=4 00:00:00:00:00:0f -> 33:33:00:00:00:02 eth_type=0x86dd len=70
[18:18:03.560] PACKET_IN dpid=2 in_port=5 00:00:00:00:00:0f -> 33:33:00:00:00:16 eth_type=0x86dd len=90
[18:18:03.560] PACKET_IN dpid=3 in_port=5 00:00:00:00:00:0f -> 33:33:00:00:00:16 eth_type=0x86dd len=90
[18:18:03.560] PACKET_IN dpid=4 in_port=5 00:00:00:00:00:0f -> 33:33:00:00:00:16 eth_type=0x86dd len=90
[18:18:03.560] PACKET_IN dpid=2 in_port=5 00:00:00:00:00:0f -> 33:33:00:00:00:02 eth_type=0x86dd len=70
[18:18:03.560] PACKET_IN dpid=3 in_port=5 00:00:00:00:00:0f -> 33:33:00:00:00:02 eth_type=0x86dd len=70
[18:18:03.560] PACKET_IN dpid=4 in_port=5 00:00:00:00:00:0f -> 33:33:00:00:00:02 eth_type=0x86dd len=70
[18:18:03.590] PACKET_IN dpid=1 in_port=2 c2:36:d5:11:72:0d -> 33:33:00:00:00:16 eth_type=0x86dd len=90
[18:18:03.591] PACKET_IN dpid=2 in_port=5 c2:36:d5:11:72:0d -> 33:33:00:00:00:16 eth_type=0x86dd len=90
[18:18:03.591] PACKET_IN dpid=4 in_port=5 c2:36:d5:11:72:0d -> 33:33:00:00:00:16 eth_type=0x86dd len=90
[18:18:03.591] PACKET_IN dpid=5 in_port=5 c2:36:d5:11:72:0d -> 33:33:00:00:00:16 eth_type=0x86dd len=90
[18:18:03.624] PACKET_IN dpid=2 in_port=2 00:00:00:00:00:02 -> 33:33:00:00:00:16 eth_type=0x86dd len=90
[18:18:03.624] PACKET_IN dpid=2 in_port=2 00:00:00:00:00:02 -> 33:33:00:00:00:02 eth_type=0x86dd len=70
[18:18:03.625] PACKET_IN dpid=1 in_port=1 00:00:00:00:00:02 -> 33:33:00:00:00:16 eth_type=0x86dd len=90
[18:18:03.625] PACKET_IN dpid=1 in_port=1 00:00:00:00:00:02 -> 33:33:00:00:00:02 eth_type=0x86dd len=70
[18:18:03.627] PACKET_IN dpid=3 in_port=5 00:00:00:00:00:02 -> 33:33:00:00:00:16 eth_type=0x86dd len=90
[18:18:03.627] PACKET_IN dpid=4 in_port=5 00:00:00:00:00:02 -> 33:33:00:00:00:16 eth_type=0x86dd len=90
[18:18:03.627] PACKET_IN dpid=5 in_port=5 00:00:00:00:00:02 -> 33:33:00:00:00:16 eth_type=0x86dd len=90
[18:18:03.627] PACKET_IN dpid=3 in_port=5 00:00:00:00:00:02 -> 33:33:00:00:00:02 eth_type=0x86dd len=70
[18:18:03.627] PACKET_IN dpid=4 in_port=5 00:00:00:00:00:02 -> 33:33:00:00:00:02 eth_type=0x86dd len=70
[18:18:03.627] PACKET_IN dpid=5 in_port=5 00:00:00:00:00:02 -> 33:33:00:00:00:02 eth_type=0x86dd len=70
[18:18:03.649] PACKET_IN dpid=3 in_port=4 00:00:00:00:00:08 -> 33:33:00:00:00:16 eth_type=0x86dd len=90
[18:18:03.651] PACKET_IN dpid=1 in_port=2 00:00:00:00:00:08 -> 33:33:00:00:00:16 eth_type=0x86dd len=90
[18:18:03.652] PACKET_IN dpid=2 in_port=5 00:00:00:00:00:08 -> 33:33:00:00:00:16 eth_type=0x86dd len=90
[18:18:03.652] PACKET_IN dpid=4 in_port=5 00:00:00:00:00:08 -> 33:33:00:00:00:16 eth_type=0x86dd len=90
[18:18:03.652] PACKET_IN dpid=5 in_port=5 00:00:00:00:00:08 -> 33:33:00:00:00:16 eth_type=0x86dd len=90
[18:18:03.718] PACKET_IN dpid=5 in_port=3 00:00:00:00:00:0f -> 33:33:00:00:00:16 eth_type=0x86dd len=90
[18:18:03.718] PACKET_IN dpid=5 in_port=4 00:00:00:00:00:10 -> 33:33:00:00:00:16 eth_type=0x86dd len=90
[18:18:03.719] PACKET_IN dpid=1 in_port=4 00:00:00:00:00:0f -> 33:33:00:00:00:16 eth_type=0x86dd len=90
[18:18:03.719] PACKET_IN dpid=1 in_port=4 00:00:00:00:00:10 -> 33:33:00:00:00:16 eth_type=0x86dd len=90
[18:18:03.721] PACKET_IN dpid=2 in_port=5 00:00:00:00:00:0f -> 33:33:00:00:00:16 eth_type=0x86dd len=90
[18:18:03.721] PACKET_IN dpid=3 in_port=5 00:00:00:00:00:0f -> 33:33:00:00:00:16 eth_type=0x86dd len=90
[18:18:03.721] PACKET_IN dpid=4 in_port=5 00:00:00:00:00:0f -> 33:33:00:00:00:16 eth_type=0x86dd len=90
[18:18:03.721] PACKET_IN dpid=2 in_port=5 00:00:00:00:00:10 -> 33:33:00:00:00:16 eth_type=0x86dd len=90
[18:18:03.721] PACKET_IN dpid=3 in_port=5 00:00:00:00:00:10 -> 33:33:00:00:00:16 eth_type=0x86dd len=90
[18:18:03.721] PACKET_IN dpid=4 in_port=5 00:00:00:00:00:10 -> 33:33:00:00:00:16 eth_type=0x86dd len=90
[18:18:03.778] PACKET_IN dpid=5 in_port=1 00:00:00:00:00:0d -> 33:33:00:00:00:16 eth_type=0x86dd len=90
[18:18:03.779] PACKET_IN dpid=1 in_port=4 00:00:00:00:00:0d -> 33:33:00:00:00:16 eth_type=0x86dd len=90
[18:18:03.780] PACKET_IN dpid=2 in_port=5 00:00:00:00:00:0d -> 33:33:00:00:00:16 eth_type=0x86dd len=90
[18:18:03.780] PACKET_IN dpid=3 in_port=5 00:00:00:00:00:0d -> 33:33:00:00:00:16 eth_type=0x86dd len=90
[18:18:03.780] PACKET_IN dpid=4 in_port=5 00:00:00:00:00:0d -> 33:33:00:00:00:16 eth_type=0x86dd len=90
[18:18:03.842] PACKET_IN dpid=1 in_port=1 ee:c9:19:2d:53:c7 -> 33:33:00:00:00:16 eth_type=0x86dd len=90
[18:18:03.843] PACKET_IN dpid=3 in_port=5 ee:c9:19:2d:53:c7 -> 33:33:00:00:00:16 eth_type=0x86dd len=90
[18:18:03.843] PACKET_IN dpid=4 in_port=5 ee:c9:19:2d:53:c7 -> 33:33:00:00:00:16 eth_type=0x86dd len=90
[18:18:03.843] PACKET_IN dpid=5 in_port=5 ee:c9:19:2d:53:c7 -> 33:33:00:00:00:16 eth_type=0x86dd len=90
[18:18:03.938] PACKET_IN dpid=3 in_port=3 00:00:00:00:00:07 -> 33:33:00:00:00:16 eth_type=0x86dd len=90
[18:18:03.938] PACKET_IN dpid=4 in_port=2 00:00:00:00:00:0a -> 33:33:00:00:00:16 eth_type=0x86dd len=90
[18:18:03.939] PACKET_IN dpid=1 in_port=2 00:00:00:00:00:07 -> 33:33:00:00:00:16 eth_type=0x86dd len=90
[18:18:03.939] PACKET_IN dpid=1 in_port=3 00:00:00:00:00:0a -> 33:33:00:00:00:16 eth_type=0x86dd len=90
[18:18:03.941] PACKET_IN dpid=2 in_port=5 00:00:00:00:00:07 -> 33:33:00:00:00:16 eth_type=0x86dd len=90
[18:18:03.941] PACKET_IN dpid=3 in_port=5 00:00:00:00:00:0a -> 33:33:00:00:00:16 eth_type=0x86dd len=90
[18:18:03.941] PACKET_IN dpid=4 in_port=5 00:00:00:00:00:07 -> 33:33:00:00:00:16 eth_type=0x86dd len=90
[18:18:03.941] PACKET_IN dpid=5 in_port=5 00:00:00:00:00:07 -> 33:33:00:00:00:16 eth_type=0x86dd len=90
[18:18:03.941] PACKET_IN dpid=2 in_port=5 00:00:00:00:00:0a -> 33:33:00:00:00:16 eth_type=0x86dd len=90
[18:18:03.941] PACKET_IN dpid=5 in_port=5 00:00:00:00:00:0a -> 33:33:00:00:00:16 eth_type=0x86dd len=90
[18:18:03.974] PACKET_IN dpid=4 in_port=3 00:00:00:00:00:0b -> 33:33:00:00:00:16 eth_type=0x86dd len=90
[18:18:03.975] PACKET_IN dpid=1 in_port=3 00:00:00:00:00:0b -> 33:33:00:00:00:16 eth_type=0x86dd len=90
[18:18:03.977] PACKET_IN dpid=2 in_port=5 00:00:00:00:00:0b -> 33:33:00:00:00:16 eth_type=0x86dd len=90
[18:18:03.977] PACKET_IN dpid=3 in_port=5 00:00:00:00:00:0b -> 33:33:00:00:00:16 eth_type=0x86dd len=90
[18:18:03.977] PACKET_IN dpid=5 in_port=5 00:00:00:00:00:0b -> 33:33:00:00:00:16 eth_type=0x86dd len=90
[18:18:03.001] PACKET_IN dpid=4 in_port=4 00:00:00:00:00:0c -> 33:33:00:00:00:16 eth_type=0x86dd len=90
[18:18:03.003] PACKET_IN dpid=1 in_port=3 00:00:00:00:00:0c -> 33:33:00:00:00:16 eth_type=0x86dd len=90
[18:18:03.004] PACKET_IN dpid=2 in_port=5 00:00:00:00:00:0c -> 33:33:00:00:00:16 eth_type=0x86dd len=90
[18:18:03.004] PACKET_IN dpid=3 in_port=5 00:00:00:00:00:0c -> 33:33:00:00:00:16 eth_type=0x86dd len=90
[18:18:03.004] PACKET_IN dpid=5 in_port=5 00:00:00:00:00:0c -> 33:33:00:00:00:16 eth_type=0x86dd len=90
[18:18:04.009] [STATS] switches=5 packet_in/s=200 msgs/s=200
[18:18:04.038] PACKET_IN dpid=2 in_port=5 a6:30:8a:5d:36:7e -> 33:33:00:00:00:16 eth_type=0x86dd len=90
[18:18:04.065] PACKET_IN dpid=2 in_port=2 00:00:00:00:00:02 -> 33:33:00:00:00:16 eth_type=0x86dd len=90
[18:18:04.067] PACKET_IN dpid=1 in_port=1 00:00:00:00:00:02 -> 33:33:00:00:00:16 eth_type=0x86dd len=90
[18:18:04.068] PACKET_IN dpid=3 in_port=5 00:00:00:00:00:02 -> 33:33:00:00:00:16 eth_type=0x86dd len=90
[18:18:04.068] PACKET_IN dpid=4 in_port=5 00:00:00:00:00:02 -> 33:33:00:00:00:16 eth_type=0x86dd len=90
[18:18:04.068] PACKET_IN dpid=5 in_port=5 00:00:00:00:00:02 -> 33:33:00:00:00:16 eth_type=0x86dd len=90
[18:18:04.097] PACKET_IN dpid=2 in_port=4 00:00:00:00:00:04 -> 33:33:00:00:00:16 eth_type=0x86dd len=90
[18:18:04.099] PACKET_IN dpid=1 in_port=1 00:00:00:00:00:04 -> 33:33:00:00:00:16 eth_type=0x86dd len=90
[18:18:04.100] PACKET_IN dpid=3 in_port=5 00:00:00:00:00:04 -> 33:33:00:00:00:16 eth_type=0x86dd len=90
[18:18:04.100] PACKET_IN dpid=4 in_port=5 00:00:00:00:00:04 -> 33:33:00:00:00:16 eth_type=0x86dd len=90
[18:18:04.100] PACKET_IN dpid=5 in_port=5 00:00:00:00:00:04 -> 33:33:00:00:00:16 eth_type=0x86dd len=90
[18:18:04.197] PACKET_IN dpid=4 in_port=1 00:00:00:00:00:09 -> 33:33:00:00:00:16 eth_type=0x86dd len=90
[18:18:04.199] PACKET_IN dpid=1 in_port=3 00:00:00:00:00:09 -> 33:33:00:00:00:16 eth_type=0x86dd len=90
[18:18:04.200] PACKET_IN dpid=2 in_port=5 00:00:00:00:00:09 -> 33:33:00:00:00:16 eth_type=0x86dd len=90
[18:18:04.200] PACKET_IN dpid=3 in_port=5 00:00:00:00:00:09 -> 33:33:00:00:00:16 eth_type=0x86dd len=90
[18:18:04.200] PACKET_IN dpid=5 in_port=5 00:00:00:00:00:09 -> 33:33:00:00:00:16 eth_type=0x86dd len=90
[18:18:04.390] PACKET_IN dpid=2 in_port=3 00:00:00:00:00:03 -> 33:33:00:00:00:16 eth_type=0x86dd len=90
[18:18:04.391] PACKET_IN dpid=1 in_port=1 00:00:00:00:00:03 -> 33:33:00:00:00:16 eth_type=0x86dd len=90
[18:18:04.392] PACKET_IN dpid=3 in_port=5 00:00:00:00:00:03 -> 33:33:00:00:00:16 eth_type=0x86dd len=90
[18:18:04.392] PACKET_IN dpid=4 in_port=5 00:00:00:00:00:03 -> 33:33:00:00:00:16 eth_type=0x86dd len=90
[18:18:04.392] PACKET_IN dpid=5 in_port=5 00:00:00:00:00:03 -> 33:33:00:00:00:16 eth_type=0x86dd len=90
[18:18:05.010] [STATS] switches=5 packet_in/s=21 msgs/s=21
[18:18:06.011] [STATS] switches=5 packet_in/s=0 msgs/s=0
[18:18:06.830] PACKET_IN dpid=5 in_port=4 00:00:00:00:00:10 -> 33:33:00:00:00:02 eth_type=0x86dd len=70
[18:18:07.011] [STATS] switches=5 packet_in/s=1 msgs/s=20
[18:18:07.206] [-] Switch DPID 1 desconectado: Conexão encerrada pelo switch.
[18:18:07.230] [-] Switch DPID 3 desconectado: Conexão encerrada pelo switch.
[18:18:07.274] [-] Switch DPID 4 desconectado: Conexão encerrada pelo switch.
[18:18:07.306] [-] Switch DPID 5 desconectado: Conexão encerrada pelo switch.
[18:18:07.373] [-] Switch DPID 2 desconectado: Conexão encerrada pelo switch.
