=== Controlador SDN Didático v2 (OpenFlow 1.0 / Hub) ===
Iniciando servidor socket TCP em 0.0.0.0:6653...
Aguardando conexões dos switches (porta 6653)...

[18:17:37.991] [+] Conexão TCP estabelecida com o switch: 127.0.0.1:60942
[18:17:37.991] [ERRO] Handshake falhou com ('127.0.0.1', 60942): Conexão encerrada pelo switch/cliente.
[18:17:38.828] [STATS] switches=0 packet_in/s=0 msgs/s=0
[18:17:39.829] [STATS] switches=0 packet_in/s=0 msgs/s=0
[18:17:40.829] [STATS] switches=0 packet_in/s=0 msgs/s=0
[18:17:40.902] [+] Conexão TCP estabelecida com o switch: 127.0.0.1:60952
[18:17:40.902]     <<< HELLO de 127.0.0.1:60952 (xid=807)
[18:17:40.902]     >>> FEATURES_REQUEST para 127.0.0.1:60952
[18:17:40.905]     <<< FEATURES_REPLY: DPID=0000000000000001 buffers=0 tabelas=254 portas=5 (3.90 ms)
[18:17:40.906] [OK] Handshake concluído com DPID 1 (1 switch(es) conectado(s))
[18:17:40.913] [+] Conexão TCP estabelecida com o switch: 127.0.0.1:60964
[18:17:40.914]     <<< HELLO de 127.0.0.1:60964 (xid=808)
[18:17:40.914]     >>> FEATURES_REQUEST para 127.0.0.1:60964
[18:17:40.915]     <<< FEATURES_REPLY: DPID=0000000000000002 buffers=0 tabelas=254 portas=6 (1.89 ms)
[18:17:40.916] [OK] Handshake concluído com DPID 2 (2 switch(es) conectado(s))
[18:17:40.925] [+] Conexão TCP estabelecida com o switch: 127.0.0.1:60974
[18:17:40.925]     <<< HELLO de 127.0.0.1:60974 (xid=809)
[18:17:40.925]     >>> FEATURES_REQUEST para 127.0.0.1:60974
[18:17:40.927]     <<< FEATURES_REPLY: DPID=0000000000000003 buffers=0 tabelas=254 portas=6 (2.25 ms)
[18:17:40.927] [OK] Handshake concluído com DPID 3 (3 switch(es) conectado(s))
[18:17:40.937] [+] Conexão TCP estabelecida com o switch: 127.0.0.1:60982
[18:17:40.938]     <<< HELLO de 127.0.0.1:60982 (xid=810)
[18:17:40.938]     >>> FEATURES_REQUEST para 127.0.0.1:60982
[18:17:40.940]     <<< FEATURES_REPLY: DPID=0000000000000004 buffers=0 tabelas=254 portas=6 (2.78 ms)
[18:17:40.940] [OK] Handshake concluído com DPID 4 (4 switch(es) conectado(s))
[18:17:40.948] [+] Conexão TCP estabelecida com o switch: 127.0.0.1:60984
[18:17:40.949]     <<< HELLO de 127.0.0.1:60984 (xid=811)
[18:17:40.949]     >>> FEATURES_REQUEST para 127.0.0.1:60984
[18:17:40.952]     <<< PORT_STATUS ignorada durante o handshake
[18:17:40.952]     <<< FEATURES_REPLY: DPID=0000000000000005 buffers=0 tabelas=254 portas=6 (3.45 ms)
[18:17:40.952] [OK] Handshake concluído com DPID 5 (5 switch(es) conectado(s))
[18:17:40.962] PACKET_IN dpid=3 in_port=5 9a:40:f7:52:78:bb -> 33:33:ff:52:78:bb eth_type=0x86dd len=86
[18:17:41.030] PACKET_IN dpid=2 in_port=1 00:00:00:00:00:01 -> 33:33:00:00:00:16 eth_type=0x86dd len=110
[18:17:41.031] PACKET_IN dpid=1 in_port=1 00:00:00:00:00:01 -> 33:33:00:00:00:16 eth_type=0x86dd len=110
[18:17:41.033] PACKET_IN dpid=3 in_port=5 00:00:00:00:00:01 -> 33:33:00:00:00:16 eth_type=0x86dd len=110
[18:17:41.033] PACKET_IN dpid=4 in_port=5 00:00:00:00:00:01 -> 33:33:00:00:00:16 eth_type=0x86dd len=110
[18:17:41.033] PACKET_IN dpid=5 in_port=5 00:00:00:00:00:01 -> 33:33:00:00:00:16 eth_type=0x86dd len=110
[18:17:41.061] PACKET_IN dpid=5 in_port=3 00:00:00:00:00:0f -> 33:33:ff:00:00:0f eth_type=0x86dd len=86
[18:17:41.062] PACKET_IN dpid=1 in_port=4 00:00:00:00:00:0f -> 33:33:ff:00:00:0f eth_type=0x86dd len=86
[18:17:41.064] PACKET_IN dpid=2 in_port=5 00:00:00:00:00:0f -> 33:33:ff:00:00:0f eth_type=0x86dd len=86
[18:17:41.064] PACKET_IN dpid=3 in_port=5 00:00:00:00:00:0f -> 33:33:ff:00:00:0f eth_type=0x86dd len=86
[18:17:41.064] PACKET_IN dpid=4 in_port=5 00:00:00:00:00:0f -> 33:33:ff:00:00:0f eth_type=0x86dd len=86
[18:17:41.070] PACKET_IN dpid=3 in_port=4 00:00:00:00:00:08 -> 33:33:00:00:00:16 eth_type=0x86dd len=110
[18:17:41.071] PACKET_IN dpid=1 in_port=2 00:00:00:00:00:08 -> 33:33:00:00:00:16 eth_type=0x86dd len=110
[18:17:41.072] PACKET_IN dpid=2 in_port=5 00:00:00:00:00:08 -> 33:33:00:00:00:16 eth_type=0x86dd len=110
[18:17:41.072] PACKET_IN dpid=4 in_port=5 00:00:00:00:00:08 -> 33:33:00:00:00:16 eth_type=0x86dd len=110
[18:17:41.072] PACKET_IN dpid=5 in_port=5 00:00:00:00:00:08 -> 33:33:00:00:00:16 eth_type=0x86dd len=110
[18:17:41.094] PACKET_IN dpid=3 in_port=5 9a:40:f7:52:78:bb -> 33:33:00:00:00:16 eth_type=0x86dd len=90
[18:17:41.154] PACKET_IN dpid=2 in_port=2 00:00:00:00:00:02 -> 33:33:ff:00:00:02 eth_type=0x86dd len=86
[18:17:41.155] PACKET_IN dpid=1 in_port=1 00:00:00:00:00:02 -> 33:33:ff:00:00:02 eth_type=0x86dd len=86
[18:17:41.157] PACKET_IN dpid=3 in_port=5 00:00:00:00:00:02 -> 33:33:ff:00:00:02 eth_type=0x86dd len=86
[18:17:41.157] PACKET_IN dpid=4 in_port=5 00:00:00:00:00:02 -> 33:33:ff:00:00:02 eth_type=0x86dd len=86
[18:17:41.157] PACKET_IN dpid=5 in_port=5 00:00:00:00:00:02 -> 33:33:ff:00:00:02 eth_type=0x86dd len=86
[18:17:41.186] PACKET_IN dpid=2 in_port=5 8a:78:c8:28:25:02 -> 33:33:ff:28:25:02 eth_type=0x86dd len=86
[18:17:41.186] PACKET_IN dpid=4 in_port=4 00:00:00:00:00:0c -> 33:33:ff:00:00:0c eth_type=0x86dd len=86
[18:17:41.187] PACKET_IN dpid=1 in_port=3 00:00:00:00:00:0c -> 33:33:ff:00:00:0c eth_type=0x86dd len=86
[18:17:41.189] PACKET_IN dpid=2 in_port=5 00:00:00:00:00:0c -> 33:33:ff:00:00:0c eth_type=0x86dd len=86
[18:17:41.189] PACKET_IN dpid=3 in_port=5 00:00:00:00:00:0c -> 33:33:ff:00:00:0c eth_type=0x86dd len=86
[18:17:41.189] PACKET_IN dpid=5 in_port=5 00:00:00:00:00:0c -> 33:33:ff:00:00:0c eth_type=0x86dd len=86
[18:17:41.218] PACKET_IN dpid=4 in_port=5 d2:f0:2f:e0:33:0c -> 33:33:ff:e0:33:0c eth_type=0x86dd len=86
[18:17:41.218] PACKET_IN dpid=4 in_port=2 00:00:00:00:00:0a -> 33:33:00:00:00:16 eth_type=0x86dd len=110
[18:17:41.219] PACKET_IN dpid=1 in_port=3 00:00:00:00:00:0a -> 33:33:00:00:00:16 eth_type=0x86dd len=110
[18:17:41.220] PACKET_IN dpid=2 in_port=5 00:00:00:00:00:0a -> 33:33:00:00:00:16 eth_type=0x86dd len=110
[18:17:41.220] PACKET_IN dpid=3 in_port=5 00:00:00:00:00:0a -> 33:33:00:00:00:16 eth_type=0x86dd len=110
[18:17:41.220] PACKET_IN dpid=5 in_port=5 00:00:00:00:00:0a -> 33:33:00:00:00:16 eth_type=0x86dd len=110
[18:17:41.249] PACKET_IN dpid=5 in_port=2 00:00:00:00:00:0e -> 33:33:00:00:00:16 eth_type=0x86dd len=110
[18:17:41.250] PACKET_IN dpid=1 in_port=4 00:00:00:00:00:0e -> 33:33:00:00:00:16 eth_type=0x86dd len=110
[18:17:41.252] PACKET_IN dpid=2 in_port=5 00:00:00:00:00:0e -> 33:33:00:00:00:16 eth_type=0x86dd len=110
[18:17:41.252] PACKET_IN dpid=3 in_port=5 00:00:00:00:00:0e -> 33:33:00:00:00:16 eth_type=0x86dd len=110
[18:17:41.252] PACKET_IN dpid=4 in_port=5 00:00:00:00:00:0e -> 33:33:00:00:00:16 eth_type=0x86dd len=110
[18:17:41.282] PACKET_IN dpid=3 in_port=1 00:00:00:00:00:05 -> 33:33:00:00:00:16 eth_type=0x86dd len=110
[18:17:41.283] PACKET_IN dpid=4 in_port=4 00:00:00:00:00:0c -> 33:33:00:00:00:16 eth_type=0x86dd len=110
[18:17:41.283] PACKET_IN dpid=5 in_port=1 00:00:00:00:00:0d -> 33:33:ff:00:00:0d eth_type=0x86dd len=86
[18:17:41.284] PACKET_IN dpid=1 in_port=2 00:00:00:00:00:05 -> 33:33:00:00:00:16 eth_type=0x86dd len=110
[18:17:41.284] PACKET_IN dpid=1 in_port=3 00:00:00:00:00:0c -> 33:33:00:00:00:16 eth_type=0x86dd len=110
[18:17:41.284] PACKET_IN dpid=1 in_port=4 00:00:00:00:00:0d -> 33:33:ff:00:00:0d eth_type=0x86dd len=86
[18:17:41.285] PACKET_IN dpid=2 in_port=5 00:00:00:00:00:05 -> 33:33:00:00:00:16 eth_type=0x86dd len=110
[18:17:41.285] PACKET_IN dpid=3 in_port=5 00:00:00:00:00:0c -> 33:33:00:00:00:16 eth_type=0x86dd len=110
[18:17:41.285] PACKET_IN dpid=4 in_port=5 00:00:00:00:00:05 -> 33:33:00:00:00:16 eth_type=0x86dd len=110
[18:17:41.285] PACKET_IN dpid=5 in_port=5 00:00:00:00:00:05 -> 33:33:00:00:00:16 eth_type=0x86dd len=110
[18:17:41.285] PACKET_IN dpid=2 in_port=5 00:00:00:00:00:0c -> 33:33:00:00:00:16 eth_type=0x86dd len=110
[18:17:41.285] PACKET_IN dpid=3 in_port=5 00:00:00:00:00:0d -> 33:33:ff:00:00:0d eth_type=0x86dd len=86
[18:17:41.285] PACKET_IN dpid=4 in_port=5 00:00:00:00:00:0d -> 33:33:ff:00:00:0d eth_type=0x86dd len=86
[18:17:41.285] PACKET_IN dpid=5 in_port=5 00:00:00:00:00:0c -> 33:33:00:00:00:16 eth_type=0x86dd len=110
[18:17:41.285] PACKET_IN dpid=2 in_port=5 00:00:00:00:00:0d -> 33:33:ff:00:00:0d eth_type=0x86dd len=86
[18:17:41.285] PACKET_IN dpid=3 in_port=3 00:00:00:00:00:07 -> 33:33:00:00:00:16 eth_type=0x86dd len=110
[18:17:41.287] PACKET_IN dpid=1 in_port=2 00:00:00:00:00:07 -> 33:33:00:00:00:16 eth_type=0x86dd len=110
[18:17:41.288] PACKET_IN dpid=2 in_port=5 00:00:00:00:00:07 -> 33:33:00:00:00:16 eth_type=0x86dd len=110
[18:17:41.288] PACKET_IN dpid=4 in_port=5 00:00:00:00:00:07 -> 33:33:00:00:00:16 eth_type=0x86dd len=110
[18:17:41.288] PACKET_IN dpid=5 in_port=5 00:00:00:00:00:07 -> 33:33:00:00:00:16 eth_type=0x86dd len=110
[18:17:41.377] PACKET_IN dpid=1 in_port=3 52:3f:6e:a0:26:30 -> 33:33:ff:a0:26:30 eth_type=0x86dd len=86
[18:17:41.377] PACKET_IN dpid=2 in_port=5 8a:78:c8:28:25:02 -> 33:33:00:00:00:16 eth_type=0x86dd len=90
[18:17:41.378] PACKET_IN dpid=2 in_port=5 52:3f:6e:a0:26:30 -> 33:33:ff:a0:26:30 eth_type=0x86dd len=86
[18:17:41.378] PACKET_IN dpid=3 in_port=5 52:3f:6e:a0:26:30 -> 33:33:ff:a0:26:30 eth_type=0x86dd len=86
[18:17:41.378] PACKET_IN dpid=5 in_port=5 52:3f:6e:a0:26:30 -> 33:33:ff:a0:26:30 eth_type=0x86dd len=86
[18:17:41.442] PACKET_IN dpid=5 in_port=1 00:00:00:00:00:0d -> 33:33:00:00:00:16 eth_type=0x86dd len=110
[18:17:41.443] PACKET_IN dpid=1 in_port=4 00:00:00:00:00:0d -> 33:33:00:00:00:16 eth_type=0x86dd len=110
[18:17:41.445] PACKET_IN dpid=2 in_port=5 00:00:00:00:00:0d -> 33:33:00:00:00:16 eth_type=0x86dd len=110
[18:17:41.445] PACKET_IN dpid=3 in_port=5 00:00:00:00:00:0d -> 33:33:00:00:00:16 eth_type=0x86dd len=110
[18:17:41.445] PACKET_IN dpid=4 in_port=5 00:00:00:00:00:0d -> 33:33:00:00:00:16 eth_type=0x86dd len=110
[18:17:41.446] PACKET_IN dpid=3 in_port=1 00:00:00:00:00:05 -> 33:33:ff:00:00:05 eth_type=0x86dd len=86
[18:17:41.447] PACKET_IN dpid=1 in_port=2 00:00:00:00:00:05 -> 33:33:ff:00:00:05 eth_type=0x86dd len=86
[18:17:41.449] PACKET_IN dpid=2 in_port=5 00:00:00:00:00:05 -> 33:33:ff:00:00:05 eth_type=0x86dd len=86
[18:17:41.449] PACKET_IN dpid=4 in_port=5 00:00:00:00:00:05 -> 33:33:ff:00:00:05 eth_type=0x86dd len=86
[18:17:41.449] PACKET_IN dpid=5 in_port=5 00:00:00:00:00:05 -> 33:33:ff:00:00:05 eth_type=0x86dd len=86
[18:17:41.506] PACKET_IN dpid=4 in_port=2 00:00:00:00:00:0a -> 33:33:ff:00:00:0a eth_type=0x86dd len=86
[18:17:41.506] PACKET_IN dpid=4 in_port=1 00:00:00:00:00:09 -> 33:33:00:00:00:16 eth_type=0x86dd len=110
[18:17:41.507] PACKET_IN dpid=1 in_port=3 00:00:00:00:00:0a -> 33:33:ff:00:00:0a eth_type=0x86dd len=86
[18:17:41.507] PACKET_IN dpid=1 in_port=3 00:00:00:00:00:09 -> 33:33:00:00:00:16 eth_type=0x86dd len=110
[18:17:41.508] PACKET_IN dpid=2 in_port=5 00:00:00:00:00:0a -> 33:33:ff:00:00:0a eth_type=0x86dd len=86
[18:17:41.508] PACKET_IN dpid=3 in_port=5 00:00:00:00:00:0a -> 33:33:ff:00:00:0a eth_type=0x86dd len=86
[18:17:41.508] PACKET_IN dpid=5 in_port=5 00:00:00:00:00:0a -> 33:33:ff:00:00:0a eth_type=0x86dd len=86
[18:17:41.508] PACKET_IN dpid=2 in_port=5 00:00:00:00:00:09 -> 33:33:00:00:00:16 eth_type=0x86dd len=110
[18:17:41.508] PACKET_IN dpid=3 in_port=5 00:00:00:00:00:09 -> 33:33:00:00:00:16 eth_type=0x86dd len=110
[18:17:41.508] PACKET_IN dpid=5 in_port=5 00:00:00:00:00:09 -> 33:33:00:00:00:16 eth_type=0x86dd len=110
[18:17:41.510] PACKET_IN dpid=3 in_port=4 00:00:00:00:00:08 -> 33:33:ff:00:00:08 eth_type=0x86dd len=86
[18:17:41.510] PACKET_IN dpid=5 in_port=2 00:00:00:00:00:0e -> 33:33:ff:00:00:0e eth_type=0x86dd len=86
[18:17:41.510] PACKET_IN dpid=5 in_port=4 00:00:00:00:00:10 -> 33:33:ff:00:00:10 eth_type=0x86dd len=86
[18:17:41.511] PACKET_IN dpid=1 in_port=2 00:00:00:00:00:08 -> 33:33:ff:00:00:08 eth_type=0x86dd len=86
[18:17:41.511] PACKET_IN dpid=1 in_port=4 00:00:00:00:00:0e -> 33:33:ff:00:00:0e eth_type=0x86dd len=86
[18:17:41.511] PACKET_IN dpid=1 in_port=4 00:00:00:00:00:10 -> 33:33:ff:00:00:10 eth_type=0x86dd len=86
[18:17:41.513] PACKET_IN dpid=2 in_port=5 00:00:00:00:00:08 -> 33:33:ff:00:00:08 eth_type=0x86dd len=86
[18:17:41.513] PACKET_IN dpid=3 in_port=5 00:00:00:00:00:0e -> 33:33:ff:00:00:0e eth_type=0x86dd len=86
[18:17:41.513] PACKET_IN dpid=4 in_port=5 00:00:00:00:00:08 -> 33:33:ff:00:00:08 eth_type=0x86dd len=86
[18:17:41.513] PACKET_IN dpid=5 in_port=5 00:00:00:00:00:08 -> 33:33:ff:00:00:08 eth_type=0x86dd len=86
[18:17:41.513] PACKET_IN dpid=2 in_port=5 00:00:00:00:00:0e -> 33:33:ff:00:00:0e eth_type=0x86dd len=86
[18:17:41.513] PACKET_IN dpid=3 in_port=5 00:00:00:00:00:10 -> 33:33:ff:00:00:10 eth_type=0x86dd len=86
[18:17:41.513] PACKET_IN dpid=4 in_port=5 00:00:00:00:00:0e -> 33:33:ff:00:00:0e eth_type=0x86dd len=86
[18:17:41.513] PACKET_IN dpid=2 in_port=5 00:00:00:00:00:10 -> 33:33:ff:00:00:10 eth_type=0x86dd len=86
[18:17:41.513] PACKET_IN dpid=4 in_port=5 00:00:00:00:00:10 -> 33:33:ff:00:00:10 eth_type=0x86dd len=86
[18:17:41.537] PACKET_IN dpid=4 in_port=3 00:00:00:00:00:0b -> 33:33:ff:00:00:0b eth_type=0x86dd len=86
[18:17:41.537] PACKET_IN dpid=5 in_port=4 00:00:00:00:00:10 -> 33:33:00:00:00:16 eth_type=0x86dd len=110
[18:17:41.539] PACKET_IN dpid=1 in_port=3 00:00:00:00:00:0b -> 33:33:ff:00:00:0b eth_type=0x86dd len=86
[18:17:41.539] PACKET_IN dpid=1 in_port=4 00:00:00:00:00:10 -> 33:33:00:00:00:16 eth_type=0x86dd len=110
[18:17:41.540] PACKET_IN dpid=2 in_port=5 00:00:00:00:00:0b -> 33:33:ff:00:00:0b eth_type=0x86dd len=86
[18:17:41.540] PACKET_IN dpid=3 in_port=5 00:00:00:00:00:0b -> 33:33:ff:00:00:0b eth_type=0x86dd len=86
[18:17:41.540] PACKET_IN dpid=4 in_port=5 00:00:00:00:00:10 -> 33:33:00:00:00:16 eth_type=0x86dd len=110
[18:17:41.540] PACKET_IN dpid=5 in_port=5 00:00:00:00:00:0b -> 33:33:ff:00:00:0b eth_type=0x86dd len=86
[18:17:41.540] PACKET_IN dpid=2 in_port=5 00:00:00:00:00:10 -> 33:33:00:00:00:16 eth_type=0x86dd len=110
[18:17:41.540] PACKET_IN dpid=3 in_port=5 00:00:00:00:00:10 -> 33:33:00:00:00:16 eth_type=0x86dd len=110
[18:17:41.541] PACKET_IN dpid=2 in_port=3 00:00:00:00:00:03 -> 33:33:ff:00:00:03 eth_type=0x86dd len=86
[18:17:41.543] PACKET_IN dpid=1 in_port=1 00:00:00:00:00:03 -> 33:33:ff:00:00:03 eth_type=0x86dd len=86
[18:17:41.544] PACKET_IN dpid=3 in_port=5 00:00:00:00:00:03 -> 33:33:ff:00:00:03 eth_type=0x86dd len=86
[18:17:41.544] PACKET_IN dpid=4 in_port=5 00:00:00:00:00:03 -> 33:33:ff:00:00:03 eth_type=0x86dd len=86
[18:17:41.544] PACKET_IN dpid=5 in_port=5 00:00:00:00:00:03 -> 33:33:ff:00:00:03 eth_type=0x86dd len=86
[18:17:41.570] PACKET_IN dpid=5 in_port=5 b2:b1:96:77:57:f2 -> 33:33:00:00:00:16 eth_type=0x86dd len=90
[18:17:41.605] PACKET_IN dpid=1 in_port=2 fa:4d:89:7d:c3:5c -> 33:33:ff:7d:c3:5c eth_type=0x86dd len=86
[18:17:41.605] PACKET_IN dpid=3 in_port=3 00:00:00:00:00:07 -> 33:33:ff:00:00:07 eth_type=0x86dd len=86
[18:17:41.605] PACKET_IN dpid=4 in_port=3 00:00:00:00:00:0b -> 33:33:00:00:00:16 eth_type=0x86dd len=110
[18:17:41.607] PACKET_IN dpid=1 in_port=2 00:00:00:00:00:07 -> 33:33:ff:00:00:07 eth_type=0x86dd len=86
[18:17:41.607] PACKET_IN dpid=2 in_port=5 fa:4d:89:7d:c3:5c -> 33:33:ff:7d:c3:5c eth_type=0x86dd len=86
[18:17:41.607] PACKET_IN dpid=4 in_port=5 fa:4d:89:7d:c3:5c -> 33:33:ff:7d:c3:5c eth_type=0x86dd len=86
[18:17:41.607] PACKET_IN dpid=5 in_port=5 fa:4d:89:7d:c3:5c -> 33:33:ff:7d:c3:5c eth_type=0x86dd len=86
[18:17:41.607] PACKET_IN dpid=1 in_port=3 00:00:00:00:00:0b -> 33:33:00:00:00:16 eth_type=0x86dd len=110
[18:17:41.608] PACKET_IN dpid=2 in_port=5 00:00:00:00:00:07 -> 33:33:ff:00:00:07 eth_type=0x86dd len=86
[18:17:41.608] PACKET_IN dpid=3 in_port=5 00:00:00:00:00:0b -> 33:33:00:00:00:16 eth_type=0x86dd len=110
[18:17:41.608] PACKET_IN dpid=4 in_port=5 00:00:00:00:00:07 -> 33:33:ff:00:00:07 eth_type=0x86dd len=86
[18:17:41.608] PACKET_IN dpid=5 in_port=5 00:00:00:00:00:07 -> 33:33:ff:00:00:07 eth_type=0x86dd len=86
[18:17:41.608] PACKET_IN dpid=2 in_port=5 00:00:00:00:00:0b -> 33:33:00:00:00:16 eth_type=0x86dd len=110
[18:17:41.608] PACKET_IN dpid=5 in_port=5 00:00:00:00:00:0b -> 33:33:00:00:00:16 eth_type=0x86dd len=110
[18:17:41.634] PACKET_IN dpid=1 in_port=4 9a:0a:fb:fa:d6:d1 -> 33:33:00:00:00:16 eth_type=0x86dd len=90
[18:17:41.634] PACKET_IN dpid=4 in_port=1 00:00:00:00:00:09 -> 33:33:ff:00:00:09 eth_type=0x86dd len=86
[18:17:41.635] PACKET_IN dpid=1 in_port=3 00:00:00:00:00:09 -> 33:33:ff:00:00:09 eth_type=0x86dd len=86
[18:17:41.635] PACKET_IN dpid=2 in_port=5 9a:0a:fb:fa:d6:d1 -> 33:33:00:00:00:16 eth_type=0x86dd len=90
[18:17:41.635] PACKET_IN dpid=3 in_port=5 9a:0a:fb:fa:d6:d1 -> 33:33:00:00:00:16 eth_type=0x86dd len=90
[18:17:41.635] PACKET_IN dpid=4 in_port=5 9a:0a:fb:fa:d6:d1 -> 33:33:00:00:00:16 eth_type=0x86dd len=90
[18:17:41.637] PACKET_IN dpid=2 in_port=5 00:00:00:00:00:09 -> 33:33:ff:00:00:09 eth_type=0x86dd len=86
[18:17:41.637] PACKET_IN dpid=3 in_port=5 00:00:00:00:00:09 -> 33:33:ff:00:00:09 eth_type=0x86dd len=86
[18:17:41.637] PACKET_IN dpid=5 in_port=5 00:00:00:00:00:09 -> 33:33:ff:00:00:09 eth_type=0x86dd len=86
[18:17:41.637] PACKET_IN dpid=1 in_port=1 7e:86:42:00:62:6f -> 33:33:00:00:00:16 eth_type=0x86dd len=90
[18:17:41.637] PACKET_IN dpid=3 in_port=2 00:00:00:00:00:06 -> 33:33:ff:00:00:06 eth_type=0x86dd len=86
[18:17:41.638] PACKET_IN dpid=1 in_port=2 00:00:00:00:00:06 -> 33:33:ff:00:00:06 eth_type=0x86dd len=86
[18:17:41.638] PACKET_IN dpid=3 in_port=5 7e:86:42:00:62:6f -> 33:33:00:00:00:16 eth_type=0x86dd len=90
[18:17:41.638] PACKET_IN dpid=4 in_port=5 7e:86:42:00:62:6f -> 33:33:00:00:00:16 eth_type=0x86dd len=90
[18:17:41.638] PACKET_IN dpid=5 in_port=5 7e:86:42:00:62:6f -> 33:33:00:00:00:16 eth_type=0x86dd len=90
[18:17:41.640] PACKET_IN dpid=2 in_port=5 00:00:00:00:00:06 -> 33:33:ff:00:00:06 eth_type=0x86dd len=86
[18:17:41.640] PACKET_IN dpid=4 in_port=5 00:00:00:00:00:06 -> 33:33:ff:00:00:06 eth_type=0x86dd len=86
[18:17:41.640] PACKET_IN dpid=5 in_port=5 00:00:00:00:00:06 -> 33:33:ff:00:00:06 eth_type=0x86dd len=86
[18:17:41.666] PACKET_IN dpid=2 in_port=2 00:00:00:00:00:02 -> 33:33:00:00:00:16 eth_type=0x86dd len=110
[18:17:41.666] PACKET_IN dpid=2 in_port=3 00:00:00:00:00:03 -> 33:33:00:00:00:16 eth_type=0x86dd len=110
[18:17:41.667] PACKET_IN dpid=1 in_port=1 00:00:00:00:00:02 -> 33:33:00:00:00:16 eth_type=0x86dd len=110
[18:17:41.667] PACKET_IN dpid=1 in_port=1 00:00:00:00:00:03 -> 33:33:00:00:00:16 eth_type=0x86dd len=110
[18:17:41.668] PACKET_IN dpid=3 in_port=5 00:00:00:00:00:02 -> 33:33:00:00:00:16 eth_type=0x86dd len=110
[18:17:41.668] PACKET_IN dpid=4 in_port=5 00:00:00:00:00:02 -> 33:33:00:00:00:16 eth_type=0x86dd len=110
[18:17:41.668] PACKET_IN dpid=5 in_port=5 00:00:00:00:00:02 -> 33:33:00:00:00:16 eth_type=0x86dd len=110
[18:17:41.669] PACKET_IN dpid=3 in_port=5 00:00:00:00:00:03 -> 33:33:00:00:00:16 eth_type=0x86dd len=110
[18:17:41.669] PACKET_IN dpid=4 in_port=5 00:00:00:00:00:03 -> 33:33:00:00:00:16 eth_type=0x86dd len=110
[18:17:41.669] PACKET_IN dpid=5 in_port=5 00:00:00:00:00:03 -> 33:33:00:00:00:16 eth_type=0x86dd len=110
[18:17:41.670] PACKET_IN dpid=5 in_port=3 00:00:00:00:00:0f -> 33:33:00:00:00:16 eth_type=0x86dd len=110
[18:17:41.671] PACKET_IN dpid=1 in_port=4 00:00:00:00:00:0f -> 33:33:00:00:00:16 eth_type=0x86dd len=110
[18:17:41.672] PACKET_IN dpid=2 in_port=5 00:00:00:00:00:0f -> 33:33:00:00:00:16 eth_type=0x86dd len=110
[18:17:41.673] PACKET_IN dpid=3 in_port=5 00:00:00:00:00:0f -> 33:33:00:00:00:16 eth_type=0x86dd len=110
[18:17:41.673] PACKET_IN dpid=4 in_port=5 00:00:00:00:00:0f -> 33:33:00:00:00:16 eth_type=0x86dd len=110
[18:17:41.701] PACKET_IN dpid=2 in_port=1 00:00:00:00:00:01 -> 33:33:ff:00:00:01 eth_type=0x86dd len=86
[18:17:41.703] PACKET_IN dpid=1 in_port=1 00:00:00:00:00:01 -> 33:33:ff:00:00:01 eth_type=0x86dd len=86
[18:17:41.704] PACKET_IN dpid=3 in_port=5 00:00:00:00:00:01 -> 33:33:ff:00:00:01 eth_type=0x86dd len=86
[18:17:41.704] PACKET_IN dpid=4 in_port=5 00:00:00:00:00:01 -> 33:33:ff:00:00:01 eth_type=0x86dd len=86
[18:17:41.704] PACKET_IN dpid=5 in_port=5 00:00:00:00:00:01 -> 33:33:ff:00:00:01 eth_type=0x86dd len=86
[18:17:41.729] PACKET_IN dpid=5 in_port=5 b2:b1:96:77:57:f2 -> 33:33:00:00:00:16 eth_type=0x86dd len=90
[18:17:41.729] PACKET_IN dpid=5 in_port=5 b2:b1:96:77:57:f2 -> 33:33:00:00:00:02 eth_type=0x86dd len=70
[18:17:41.734] PACKET_IN dpid=1 in_port=4 9a:0a:fb:fa:d6:d1 -> 33:33:00:00:00:16 eth_type=0x86dd len=90
[18:17:41.734] PACKET_IN dpid=1 in_port=4 9a:0a:fb:fa:d6:d1 -> 33:33:00:00:00:02 eth_type=0x86dd len=70
[18:17:41.735] PACKET_IN dpid=2 in_port=5 9a:0a:fb:fa:d6:d1 -> 33:33:00:00:00:16 eth_type=0x86dd len=90
[18:17:41.735] PACKET_IN dpid=3 in_port=5 9a:0a:fb:fa:d6:d1 -> 33:33:00:00:00:16 eth_type=0x86dd len=90
[18:17:41.736] PACKET_IN dpid=4 in_port=5 9a:0a:fb:fa:d6:d1 -> 33:33:00:00:00:16 eth_type=0x86dd len=90
[18:17:41.736] PACKET_IN dpid=2 in_port=5 9a:0a:fb:fa:d6:d1 -> 33:33:00:00:00:02 eth_type=0x86dd len=70
[18:17:41.736] PACKET_IN dpid=3 in_port=5 9a:0a:fb:fa:d6:d1 -> 33:33:00:00:00:02 eth_type=0x86dd len=70
[18:17:41.736] PACKET_IN dpid=4 in_port=5 9a:0a:fb:fa:d6:d1 -> 33:33:00:00:00:02 eth_type=0x86dd len=70
[18:17:41.794] PACKET_IN dpid=2 in_port=4 00:00:00:00:00:04 -> 33:33:ff:00:00:04 eth_type=0x86dd len=86
[18:17:41.796] PACKET_IN dpid=1 in_port=1 00:00:00:00:00:04 -> 33:33:ff:00:00:04 eth_type=0x86dd len=86
[18:17:41.797] PACKET_IN dpid=3 in_port=5 00:00:00:00:00:04 -> 33:33:ff:00:00:04 eth_type=0x86dd len=86
[18:17:41.797] PACKET_IN dpid=4 in_port=5 00:00:00:00:00:04 -> 33:33:ff:00:00:04 eth_type=0x86dd len=86
[18:17:41.797] PACKET_IN dpid=5 in_port=5 00:00:00:00:00:04 -> 33:33:ff:00:00:04 eth_type=0x86dd len=86
[18:17:41.830] [STATS] switches=5 packet_in/s=182 msgs/s=182
[18:17:41.830] PACKET_IN dpid=1 in_port=1 7e:86:42:00:62:6f -> 33:33:00:00:00:16 eth_type=0x86dd len=90
[18:17:41.830] PACKET_IN dpid=1 in_port=1 7e:86:42:00:62:6f -> 33:33:00:00:00:02 eth_type=0x86dd len=70
[18:17:41.831] PACKET_IN dpid=3 in_port=5 7e:86:42:00:62:6f -> 33:33:00:00:00:16 eth_type=0x86dd len=90
[18:17:41.831] PACKET_IN dpid=4 in_port=5 7e:86:42:00:62:6f -> 33:33:00:00:00:16 eth_type=0x86dd len=90
[18:17:41.831] PACKET_IN dpid=5 in_port=5 7e:86:42:00:62:6f -> 33:33:00:00:00:16 eth_type=0x86dd len=90
[18:17:41.831] PACKET_IN dpid=3 in_port=5 7e:86:42:00:62:6f -> 33:33:00:00:00:02 eth_type=0x86dd len=70
[18:17:41.831] PACKET_IN dpid=4 in_port=5 7e:86:42:00:62:6f -> 33:33:00:00:00:02 eth_type=0x86dd len=70
[18:17:41.831] PACKET_IN dpid=5 in_port=5 7e:86:42:00:62:6f -> 33:33:00:00:00:02 eth_type=0x86dd len=70
[18:17:41.938] PACKET_IN dpid=1 in_port=1 7e:86:42:00:62:6f -> 33:33:00:00:00:16 eth_type=0x86dd len=90
[18:17:41.939] PACKET_IN dpid=3 in_port=5 7e:86:42:00:62:6f -> 33:33:00:00:00:16 eth_type=0x86dd len=90
[18:17:41.939] PACKET_IN dpid=4 in_port=5 7e:86:42:00:62:6f -> 33:33:00:00:00:16 eth_type=0x86dd len=90
[18:17:41.939] PACKET_IN dpid=5 in_port=5 7e:86:42:00:62:6f -> 33:33:00:00:00:16 eth_type=0x86dd len=90
[18:17:41.991] PACKET_IN dpid=3 in_port=5 9a:40:f7:52:78:bb -> 33:33:00:00:00:16 eth_type=0x86dd len=90
[18:17:41.991] PACKET_IN dpid=3 in_port=5 9a:40:f7:52:78:bb -> 33:33:00:00:00:02 eth_type=0x86dd len=70
[18:17:42.049] PACKET_IN dpid=5 in_port=5 b2:b1:96:77:57:f2 -> 33:33:00:00:00:16 eth_type=0x86dd len=90
[18:17:42.086] PACKET_IN dpid=5 in_port=3 00:00:00:00:00:0f -> 33:33:00:00:00:16 eth_type=0x86dd len=90
[18:17:42.086] PACKET_IN dpid=5 in_port=3 00:00:00:00:00:0f -> 33:33:00:00:00:02 eth_type=0x86dd len=70
[18:17:42.087] PACKET_IN dpid=1 in_port=4 00:00:00:00:00:0f -> 33:33:00:00:00:16 eth_type=0x86dd len=90
[18:17:42.087] PACKET_IN dpid=1 in_port=4 00:00:00:00:00:0f -> 33:33:00:00:00:02 eth_type=0x86dd len=70
[18:17:42.089] PACKET_IN dpid=2 in_port=5 00:00:00:00:00:0f -> 33:33:00:00:00:16 eth_type=0x86dd len=90
[18:17:42.089] PACKET_IN dpid=3 in_port=5 00:00:00:00:00:0f -> 33:33:00:00:00:16 eth_type=0x86dd len=90
[18:17:42.089] PACKET_IN dpid=4 in_port=5 00:00:00:00:00:0f -> 33:33:00:00:00:16 eth_type=0x86dd len=90
[18:17:42.089] PACKET_IN dpid=2 in_port=5 00:00:00:00:00:0f -> 33:33:00:00:00:02 eth_type=0x86dd len=70
[18:17:42.089] PACKET_IN dpid=3 in_port=5 00:00:00:00:00:0f -> 33:33:00:00:00:02 eth_type=0x86dd len=70
[18:17:42.089] PACKET_IN dpid=4 in_port=5 00:00:00:00:00:0f -> 33:33:00:00:00:02 eth_type=0x86dd len=70
[18:17:42.113] PACKET_IN dpid=1 in_port=4 9a:0a:fb:fa:d6:d1 -> 33:33:00:00:00:16 eth_type=0x86dd len=90
[18:17:42.116] PACKET_IN dpid=2 in_port=5 9a:0a:fb:fa:d6:d1 -> 33:33:00:00:00:16 eth_type=0x86dd len=90
[18:17:42.116] PACKET_IN dpid=3 in_port=5 9a:0a:fb:fa:d6:d1 -> 33:33:00:00:00:16 eth_type=0x86dd len=90
[18:17:42.116] PACKET_IN dpid=4 in_port=5 9a:0a:fb:fa:d6:d1 -> 33:33:00:00:00:16 eth_type=0x86dd len=90
[18:17:42.177] PACKET_IN dpid=2 in_port=2 00:00:00:00:00:02 -> 33:33:00:00:00:16 eth_type=0x86dd len=90
[18:17:42.177] PACKET_IN dpid=2 in_port=2 00:00:00:00:00:02 -> 33:33:00:00:00:02 eth_type=0x86dd len=70
[18:17:42.179] PACKET_IN dpid=1 in_port=1 00:00:00:00:00:02 -> 33:33:00:00:00:16 eth_type=0x86dd len=90
[18:17:42.179] PACKET_IN dpid=1 in_port=1 00:00:00:00:00:02 -> 33:33:00:00:00:02 eth_type=0x86dd len=70
[18:17:42.180] PACKET_IN dpid=3 in_port=5 00:00:00:00:00:02 -> 33:33:00:00:00:16 eth_type=0x86dd len=90
[18:17:42.180] PACKET_IN dpid=4 in_port=5 00:00:00:00:00:02 -> 33:33:00:00:00:16 eth_type=0x86dd len=90
[18:17:42.180] PACKET_IN dpid=5 in_port=5 00:00:00:00:00:02 -> 33:33:00:00:00:16 eth_type=0x86dd len=90
[18:17:42.180] PACKET_IN dpid=3 in_port=5 00:00:00:00:00:02 -> 33:33:00:00:00:02 eth_type=0x86dd len=70
[18:17:42.180] PACKET_IN dpid=4 in_port=5 00:00:00:00:00:02 -> 33:33:00:00:00:02 eth_type=0x86dd len=70
[18:17:42.180] PACKET_IN dpid=5 in_port=5 00:00:00:00:00:02 -> 33:33:00:00:00:02 eth_type=0x86dd len=70
[18:17:42.213] PACKET_IN dpid=2 in_port=5 8a:78:c8:28:25:02 -> 33:33:00:00:00:16 eth_type=0x86dd len=90
[18:17:42.213] PACKET_IN dpid=4 in_port=4 00:00:00:00:00:0c -> 33:33:00:00:00:16 eth_type=0x86dd len=90
[18:17:42.213] PACKET_IN dpid=2 in_port=5 8a:78:c8:28:25:02 -> 33:33:00:00:00:02 eth_type=0x86dd len=70
[18:17:42.213] PACKET_IN dpid=4 in_port=4 00:00:00:00:00:0c -> 33:33:00:00:00:02 eth_type=0x86dd len=70
[18:17:42.215] PACKET_IN dpid=1 in_port=3 00:00:00:00:00:0c -> 33:33:00:00:00:16 eth_type=0x86dd len=90
[18:17:42.215] PACKET_IN dpid=1 in_port=3 00:00:00:00:00:0c -> 33:33:00:00:00:02 eth_type=0x86dd len=70
[18:17:42.216] PACKET_IN dpid=2 in_port=5 00:00:00:00:00:0c -> 33:33:00:00:00:16 eth_type=0x86dd len=90
[18:17:42.216] PACKET_IN dpid=3 in_port=5 00:00:00:00:00:0c -> 33:33:00:00:00:16 eth_type=0x86dd len=90
[18:17:42.216] PACKET_IN dpid=5 in_port=5 00:00:00:00:00:0c -> 33:33:00:00:00:16 eth_type=0x86dd len=90
[18:17:42.216] PACKET_IN dpid=2 in_port=5 00:00:00:00:00:0c -> 33:33:00:00:00:02 eth_type=0x86dd len=70
[18:17:42.216] PACKET_IN dpid=3 in_port=5 00:00:00:00:00:0c -> 33:33:00:00:00:02 eth_type=0x86dd len=70
[18:17:42.216] PACKET_IN dpid=5 in_port=5 00:00:00:00:00:0c -> 33:33:00:00:00:02 eth_type=0x86dd len=70
[18:17:42.247] PACKET_IN dpid=4 in_port=5 d2:f0:2f:e0:33:0c -> 33:33:00:00:00:16 eth_type=0x86dd len=90
[18:17:42.247] PACKET_IN dpid=4 in_port=5 d2:f0:2f:e0:33:0c -> 33:33:00:00:00:02 eth_type=0x86dd len=70
[18:17:42.257] PACKET_IN dpid=2 in_port=5 8a:78:c8:28:25:02 -> 33:33:00:00:00:16 eth_type=0x86dd len=90
[18:17:42.306] PACKET_IN dpid=5 in_port=1 00:00:00:00:00:0d -> 33:33:00:00:00:16 eth_type=0x86dd len=90
[18:17:42.306] PACKET_IN dpid=5 in_port=1 00:00:00:00:00:0d -> 33:33:00:00:00:02 eth_type=0x86dd len=70
[18:17:42.307] PACKET_IN dpid=1 in_port=4 00:00:00:00:00:0d -> 33:33:00:00:00:16 eth_type=0x86dd len=90
[18:17:42.307] PACKET_IN dpid=1 in_port=4 00:00:00:00:00:0d -> 33:33:00:00:00:02 eth_type=0x86dd len=70
[18:17:42.309] PACKET_IN dpid=2 in_port=5 00:00:00:00:00:0d -> 33:33:00:00:00:16 eth_type=0x86dd len=90
[18:17:42.309] PACKET_IN dpid=3 in_port=5 00:00:00:00:00:0d -> 33:33:00:00:00:16 eth_type=0x86dd len=90
[18:17:42.309] PACKET_IN dpid=4 in_port=5 00:00:00:00:00:0d -> 33:33:00:00:00:16 eth_type=0x86dd len=90
[18:17:42.309] PACKET_IN dpid=2 in_port=5 00:00:00:00:00:0d -> 33:33:00:00:00:02 eth_type=0x86dd len=70
[18:17:42.309] PACKET_IN dpid=3 in_port=5 00:00:00:00:00:0d -> 33:33:00:00:00:02 eth_type=0x86dd len=70
[18:17:42.309] PACKET_IN dpid=4 in_port=5 00:00:00:00:00:0d -> 33:33:00:00:00:02 eth_type=0x86dd len=70
[18:17:42.390] PACKET_IN dpid=5 in_port=1 00:00:00:00:00:0d -> 33:33:00:00:00:16 eth_type=0x86dd len=90
[18:17:42.391] PACKET_IN dpid=1 in_port=4 00:00:00:00:00:0d -> 33:33:00:00:00:16 eth_type=0x86dd len=90
[18:17:42.393] PACKET_IN dpid=2 in_port=5 00:00:00:00:00:0d -> 33:33:00:00:00:16 eth_type=0x86dd len=90
[18:17:42.393] PACKET_IN dpid=3 in_port=5 00:00:00:00:00:0d -> 33:33:00:00:00:16 eth_type=0x86dd len=90
[18:17:42.393] PACKET_IN dpid=4 in_port=5 00:00:00:00:00:0d -> 33:33:00:00:00:16 eth_type=0x86dd len=90
[18:17:42.398] PACKET_IN dpid=4 in_port=5 d2:f0:2f:e0:33:0c -> 33:33:00:00:00:16 eth_type=0x86dd len=90
[18:17:42.406] PACKET_IN dpid=1 in_port=3 52:3f:6e:a0:26:30 -> 33:33:00:00:00:16 eth_type=0x86dd len=90
[18:17:42.406] PACKET_IN dpid=1 in_port=3 52:3f:6e:a0:26:30 -> 33:33:00:00:00:02 eth_type=0x86dd len=70
[18:17:42.408] PACKET_IN dpid=3 in_port=5 52:3f:6e:a0:26:30 -> 33:33:00:00:00:16 eth_type=0x86dd len=90
[18:17:42.408] PACKET_IN dpid=5 in_port=5 52:3f:6e:a0:26:30 -> 33:33:00:00:00:16 eth_type=0x86dd len=90
[18:17:42.409] PACKET_IN dpid=2 in_port=5 52:3f:6e:a0:26:30 -> 33:33:00:00:00:16 eth_type=0x86dd len=90
[18:17:42.409] PACKET_IN dpid=5 in_port=5 52:3f:6e:a0:26:30 -> 33:33:00:00:00:02 eth_type=0x86dd len=70
[18:17:42.409] PACKET_IN dpid=2 in_port=5 52:3f:6e:a0:26:30 -> 33:33:00:00:00:02 eth_type=0x86dd len=70
[18:17:42.409] PACKET_IN dpid=3 in_port=5 52:3f:6e:a0:26:30 -> 33:33:00:00:00:02 eth_type=0x86dd len=70
[18:17:42.466] PACKET_IN dpid=3 in_port=1 00:00:00:00:00:05 -> 33:33:00:00:00:16 eth_type=0x86dd len=90
[18:17:42.467] PACKET_IN dpid=3 in_port=1 00:00:00:00:00:05 -> 33:33:00:00:00:02 eth_type=0x86dd len=70
[18:17:42.468] PACKET_IN dpid=1 in_port=2 00:00:00:00:00:05 -> 33:33:00:00:00:16 eth_type=0x86dd len=90
[18:17:42.468] PACKET_IN dpid=1 in_port=2 00:00:00:00:00:05 -> 33:33:00:00:00:02 eth_type=0x86dd len=70
[18:17:42.470] PACKET_IN dpid=2 in_port=5 00:00:00:00:00:05 -> 33:33:00:00:00:16 eth_type=0x86dd len=90
[18:17:42.470] PACKET_IN dpid=4 in_port=5 00:00:00:00:00:05 -> 33:33:00:00:00:16 eth_type=0x86dd len=90
[18:17:42.470] PACKET_IN dpid=5 in_port=5 00:00:00:00:00:05 -> 33:33:00:00:00:16 eth_type=0x86dd len=90
[18:17:42.470] PACKET_IN dpid=2 in_port=5 00:00:00:00:00:05 -> 33:33:00:00:00:02 eth_type=0x86dd len=70
[18:17:42.470] PACKET_IN dpid=4 in_port=5 00:00:00:00:00:05 -> 33:33:00:00:00:02 eth_type=0x86dd len=70
[18:17:42.470] PACKET_IN dpid=5 in_port=5 00:00:00:00:00:05 -> 33:33:00:00:00:02 eth_type=0x86dd len=70
[18:17:42.470] PACKET_IN dpid=2 in_port=2 00:00:00:00:00:02 -> 33:33:00:00:00:16 eth_type=0x86dd len=90
[18:17:42.471] PACKET_IN dpid=1 in_port=1 00:00:00:00:00:02 -> 33:33:00:00:00:16 eth_type=0x86dd len=90
[18:17:42.473] PACKET_IN dpid=3 in_port=5 00:00:00:00:00:02 -> 33:33:00:00:00:16 eth_type=0x86dd len=90
[18:17:42.473] PACKET_IN dpid=4 in_port=5 00:00:00:00:00:02 -> 33:33:00:00:00:16 eth_type=0x86dd len=90
[18:17:42.473] PACKET_IN dpid=5 in_port=5 00:00:00:00:00:02 -> 33:33:00:00:00:16 eth_type=0x86dd len=90
[18:17:42.529] PACKET_IN dpid=3 in_port=4 00:00:00:00:00:08 -> 33:33:00:00:00:16 eth_type=0x86dd len=90
[18:17:42.529] PACKET_IN dpid=4 in_port=2 00:00:00:00:00:0a -> 33:33:00:00:00:16 eth_type=0x86dd len=90
[18:17:42.529] PACKET_IN dpid=5 in_port=2 00:00:00:00:00:0e -> 33:33:00:00:00:16 eth_type=0x86dd len=90
[18:17:42.529] PACKET_IN dpid=3 in_port=4 00:00:00:00:00:08 -> 33:33:00:00:00:02 eth_type=0x86dd len=70
[18:17:42.529] PACKET_IN dpid=4 in_port=2 00:00:00:00:00:0a -> 33:33:00:00:00:02 eth_type=0x86dd len=70
[18:17:42.529] PACKET_IN dpid=5 in_port=2 00:00:00:00:00:0e -> 33:33:00:00:00:02 eth_type=0x86dd len=70
[18:17:42.529] PACKET_IN dpid=5 in_port=4 00:00:00:00:00:10 -> 33:33:00:00:00:16 eth_type=0x86dd len=90
[18:17:42.529] PACKET_IN dpid=5 in_port=4 00:00:00:00:00:10 -> 33:33:00:00:00:02 eth_type=0x86dd len=70
[18:17:42.531] PACKET_IN dpid=1 in_port=2 00:00:00:00:00:08 -> 33:33:00:00:00:16 eth_type=0x86dd len=90
[18:17:42.531] PACKET_IN dpid=1 in_port=2 00:00:00:00:00:08 -> 33:33:00:00:00:02 eth_type=0x86dd len=70
[18:17:42.531] PACKET_IN dpid=1 in_port=3 00:00:00:00:00:0a -> 33:33:00:00:00:16 eth_type=0x86dd len=90
[18:17:42.531] PACKET_IN dpid=1 in_port=3 00:00:00:00:00:0a -> 33:33:00:00:00:02 eth_type=0x86dd len=70
[18:17:42.531] PACKET_IN dpid=1 in_port=4 00:00:00:00:00:0e -> 33:33:00:00:00:16 eth_type=0x86dd len=90
[18:17:42.531] PACKET_IN dpid=1 in_port=4 00:00:00:00:00:0e -> 33:33:00:00:00:02 eth_type=0x86dd len=70
[18:17:42.531] PACKET_IN dpid=1 in_port=4 00:00:00:00:00:10 -> 33:33:00:00:00:16 eth_type=0x86dd len=90
[18:17:42.531] PACKET_IN dpid=1 in_port=4 00:00:00:00:00:10 -> 33:33:00:00:00:02 eth_type=0x86dd len=70
[18:17:42.532] PACKET_IN dpid=2 in_port=5 00:00:00:00:00:08 -> 33:33:00:00:00:16 eth_type=0x86dd len=90
[18:17:42.532] PACKET_IN dpid=3 in_port=5 00:00:00:00:00:0a -> 33:33:00:00:00:16 eth_type=0x86dd len=90
[18:17:42.532] PACKET_IN dpid=4 in_port=5 00:00:00:00:00:08 -> 33:33:00:00:00:16 eth_type=0x86dd len=90
[18:17:42.532] PACKET_IN dpid=5 in_port=5 00:00:00:00:00:08 -> 33:33:00:00:00:16 eth_type=0x86dd len=90
[18:17:42.532] PACKET_IN dpid=2 in_port=5 00:00:00:00:00:08 -> 33:33:00:00:00:02 eth_type=0x86dd len=70
[18:17:42.532] PACKET_IN dpid=3 in_port=5 00:00:00:00:00:0a -> 33:33:00:00:00:02 eth_type=0x86dd len=70
[18:17:42.532] PACKET_IN dpid=4 in_port=5 00:00:00:00:00:08 -> 33:33:00:00:00:02 eth_type=0x86dd len=70
[18:17:42.532] PACKET_IN dpid=5 in_port=5 00:00:00:00:00:08 -> 33:33:00:00:00:02 eth_type=0x86dd len=70
[18:17:42.532] PACKET_IN dpid=2 in_port=5 00:00:00:00:00:0a -> 33:33:00:00:00:16 eth_type=0x86dd len=90
[18:17:42.532] PACKET_IN dpid=3 in_port=5 00:00:00:00:00:0e -> 33:33:00:00:00:16 eth_type=0x86dd len=90
[18:17:42.532] PACKET_IN dpid=4 in_port=5 00:00:00:00:00:0e -> 33:33:00:00:00:16 eth_type=0x86dd len=90
[18:17:42.532] PACKET_IN dpid=5 in_port=5 00:00:00:00:00:0a -> 33:33:00:00:00:16 eth_type=0x86dd len=90
[18:17:42.532] PACKET_IN dpid=2 in_port=5 00:00:00:00:00:0a -> 33:33:00:00:00:02 eth_type=0x86dd len=70
[18:17:42.532] PACKET_IN dpid=3 in_port=5 00:00:00:00:00:0e -> 33:33:00:00:00:02 eth_type=0x86dd len=70
[18:17:42.532] PACKET_IN dpid=4 in_port=5 00:00:00:00:00:0e -> 33:33:00:00:00:02 eth_type=0x86dd len=70
[18:17:42.532] PACKET_IN dpid=5 in_port=5 00:00:00:00:00:0a -> 33:33:00:00:00:02 eth_type=0x86dd len=70
[18:17:42.532] PACKET_IN dpid=2 in_port=5 00:00:00:00:00:0e -> 33:33:00:00:00:16 eth_type=0x86dd len=90
[18:17:42.532] PACKET_IN dpid=3 in_port=5 00:00:00:00:00:10 -> 33:33:00:00:00:16 eth_type=0x86dd len=90
[18:17:42.532] PACKET_IN dpid=4 in_port=5 00:00:00:00:00:10 -> 33:33:00:00:00:16 eth_type=0x86dd len=90
[18:17:42.532] PACKET_IN dpid=2 in_port=5 00:00:00:00:00:0e -> 33:33:00:00:00:02 eth_type=0x86dd len=70
[18:17:42.532] PACKET_IN dpid=3 in_port=5 00:00:00:00:00:10 -> 33:33:00:00:00:02 eth_type=0x86dd len=70
[18:17:42.532] PACKET_IN dpid=4 in_port=5 00:00:00:00:00:10 -> 33:33:00:00:00:02 eth_type=0x86dd len=70
[18:17:42.532] PACKET_IN dpid=2 in_port=5 00:00:00:00:00:10 -> 33:33:00:00:00:16 eth_type=0x86dd len=90
[18:17:42.532] PACKET_IN dpid=2 in_port=5 00:00:00:00:00:10 -> 33:33:00:00:00:02 eth_type=0x86dd len=70
[18:17:42.562] PACKET_IN dpid=2 in_port=3 00:00:00:00:00:03 -> 33:33:00:00:00:16 eth_type=0x86dd len=90
[18:17:42.562] PACKET_IN dpid=4 in_port=3 00:00:00:00:00:0b -> 33:33:00:00:00:16 eth_type=0x86dd len=90
[18:17:42.562] PACKET_IN dpid=2 in_port=3 00:00:00:00:00:03 -> 33:33:00:00:00:02 eth_type=0x86dd len=70
[18:17:42.562] PACKET_IN dpid=4 in_port=3 00:00:00:00:00:0b -> 33:33:00:00:00:02 eth_type=0x86dd len=70
[18:17:42.563] PACKET_IN dpid=1 in_port=3 00:00:00:00:00:0b -> 33:33:00:00:00:16 eth_type=0x86dd len=90
[18:17:42.564] PACKET_IN dpid=1 in_port=3 00:00:00:00:00:0b -> 33:33:00:00:00:02 eth_type=0x86dd len=70
[18:17:42.564] PACKET_IN dpid=1 in_port=1 00:00:00:00:00:03 -> 33:33:00:00:00:16 eth_type=0x86dd len=90
[18:17:42.564] PACKET_IN dpid=1 in_port=1 00:00:00:00:00:03 -> 33:33:00:00:00:02 eth_type=0x86dd len=70
[18:17:42.565] PACKET_IN dpid=2 in_port=5 00:00:00:00:00:0b -> 33:33:00:00:00:16 eth_type=0x86dd len=90
[18:17:42.565] PACKET_IN dpid=3 in_port=5 00:00:00:00:00:0b -> 33:33:00:00:00:16 eth_type=0x86dd len=90
[18:17:42.565] PACKET_IN dpid=4 in_port=5 00:00:00:00:00:03 -> 33:33:00:00:00:16 eth_type=0x86dd len=90
[18:17:42.565] PACKET_IN dpid=5 in_port=5 00:00:00:00:00:0b -> 33:33:00:00:00:16 eth_type=0x86dd len=90
[18:17:42.565] PACKET_IN dpid=2 in_port=5 00:00:00:00:00:0b -> 33:33:00:00:00:02 eth_type=0x86dd len=70
[18:17:42.565] PACKET_IN dpid=3 in_port=5 00:00:00:00:00:0b -> 33:33:00:00:00:02 eth_type=0x86dd len=70
[18:17:42.565] PACKET_IN dpid=4 in_port=5 00:00:00:00:00:03 -> 33:33:00:00:00:02 eth_type=0x86dd len=70
[18:17:42.565] PACKET_IN dpid=5 in_port=5 00:00:00:00:00:0b -> 33:33:00:00:00:02 eth_type=0x86dd len=70
[18:17:42.565] PACKET_IN dpid=3 in_port=5 00:00:00:00:00:03 -> 33:33:00:00:00:16 eth_type=0x86dd len=90
[18:17:42.565] PACKET_IN dpid=5 in_port=5 00:00:00:00:00:03 -> 33:33:00:00:00:16 eth_type=0x86dd len=90
[18:17:42.565] PACKET_IN dpid=3 in_port=5 00:00:00:00:00:03 -> 33:33:00:00:00:02 eth_type=0x86dd len=70
[18:17:42.565] PACKET_IN dpid=5 in_port=5 00:00:00:00:00:03 -> 33:33:00:00:00:02 eth_type=0x86dd len=70
[18:17:42.602] PACKET_IN dpid=4 in_port=2 00:00:00:00:00:0a -> 33:33:00:00:00:16 eth_type=0x86dd len=90
[18:17:42.603] PACKET_IN dpid=1 in_port=3 00:00:00:00:00:0a -> 33:33:00:00:00:16 eth_type=0x86dd len=90
[18:17:42.604] PACKET_IN dpid=2 in_port=5 00:00:00:00:00:0a -> 33:33:00:00:00:16 eth_type=0x86dd len=90
[18:17:42.604] PACKET_IN dpid=3 in_port=5 00:00:00:00:00:0a -> 33:33:00:00:00:16 eth_type=0x86dd len=90
[18:17:42.604] PACKET_IN dpid=5 in_port=5 00:00:00:00:00:0a -> 33:33:00:00:00:16 eth_type=0x86dd len=90
[18:17:42.630] PACKET_IN dpid=1 in_port=2 fa:4d:89:7d:c3:5c -> 33:33:00:00:00:16 eth_type=0x86dd len=90
[18:17:42.630] PACKET_IN dpid=3 in_port=3 00:00:00:00:00:07 -> 33:33:00:00:00:16 eth_type=0x86dd len=90
[18:17:42.630] PACKET_IN dpid=1 in_port=2 fa:4d:89:7d:c3:5c -> 33:33:00:00:00:02 eth_type=0x86dd len=70
[18:17:42.630] PACKET_IN dpid=3 in_port=3 00:00:00:00:00:07 -> 33:33:00:00:00:02 eth_type=0x86dd len=70
[18:17:42.632] PACKET_IN dpid=1 in_port=2 00:00:00:00:00:07 -> 33:33:00:00:00:16 eth_type=0x86dd len=90
[18:17:42.632] PACKET_IN dpid=2 in_port=5 fa:4d:89:7d:c3:5c -> 33:33:00:00:00:16 eth_type=0x86dd len=90
[18:17:42.632] PACKET_IN dpid=4 in_port=5 fa:4d:89:7d:c3:5c -> 33:33:00:00:00:16 eth_type=0x86dd len=90
[18:17:42.632] PACKET_IN dpid=5 in_port=5 fa:4d:89:7d:c3:5c -> 33:33:00:00:00:16 eth_type=0x86dd len=90
[18:17:42.632] PACKET_IN dpid=1 in_port=2 00:00:00:00:00:07 -> 33:33:00:00:00:02 eth_type=0x86dd len=70
[18:17:42.632] PACKET_IN dpid=2 in_port=5 fa:4d:89:7d:c3:5c -> 33:33:00:00:00:02 eth_type=0x86dd len=70
[18:17:42.632] PACKET_IN dpid=4 in_port=5 fa:4d:89:7d:c3:5c -> 33:33:00:00:00:02 eth_type=0x86dd len=70
[18:17:42.633] PACKET_IN dpid=5 in_port=5 fa:4d:89:7d:c3:5c -> 33:33:00:00:00:02 eth_type=0x86dd len=70
[18:17:42.634] PACKET_IN dpid=2 in_port=5 00:00:00:00:00:07 -> 33:33:00:00:00:16 eth_type=0x86dd len=90
[18:17:42.634] PACKET_IN dpid=4 in_port=5 00:00:00:00:00:07 -> 33:33:00:00:00:16 eth_type=0x86dd len=90
[18:17:42.634] PACKET_IN dpid=5 in_port=5 00:00:00:00:00:07 -> 33:33:00:00:00:16 eth_type=0x86dd len=90
[18:17:42.634] PACKET_IN dpid=2 in_port=5 00:00:00:00:00:07 -> 33:33:00:00:00:02 eth_type=0x86dd len=70
[18:17:42.634] PACKET_IN dpid=4 in_port=5 00:00:00:00:00:07 -> 33:33:00:00:00:02 eth_type=0x86dd len=70
[18:17:42.634] PACKET_IN dpid=5 in_port=5 00:00:00:00:00:07 -> 33:33:00:00:00:02 eth_type=0x86dd len=70
[18:17:42.657] PACKET_IN dpid=5 in_port=3 00:00:00:00:00:0f -> 33:33:00:00:00:16 eth_type=0x86dd len=90
[18:17:42.659] PACKET_IN dpid=3 in_port=2 00:00:00:00:00:06 -> 33:33:00:00:00:16 eth_type=0x86dd len=90
[18:17:42.659] PACKET_IN dpid=4 in_port=1 00:00:00:00:00:09 -> 33:33:00:00:00:16 eth_type=0x86dd len=90
[18:17:42.659] PACKET_IN dpid=3 in_port=2 00:00:00:00:00:06 -> 33:33:00:00:00:02 eth_type=0x86dd len=70
[18:17:42.659] PACKET_IN dpid=4 in_port=1 00:00:00:00:00:09 -> 33:33:00:00:00:02 eth_type=0x86dd len=70
[18:17:42.660] PACKET_IN dpid=1 in_port=4 00:00:00:00:00:0f -> 33:33:00:00:00:16 eth_type=0x86dd len=90
[18:17:42.660] PACKET_IN dpid=1 in_port=2 00:00:00:00:00:06 -> 33:33:00:00:00:16 eth_type=0x86dd len=90
[18:17:42.660] PACKET_IN dpid=1 in_port=2 00:00:00:00:00:06 -> 33:33:00:00:00:02 eth_type=0x86dd len=70
[18:17:42.660] PACKET_IN dpid=1 in_port=3 00:00:00:00:00:09 -> 33:33:00:00:00:16 eth_type=0x86dd len=90
[18:17:42.660] PACKET_IN dpid=1 in_port=3 00:00:00:00:00:09 -> 33:33:00:00:00:02 eth_type=0x86dd len=70
[18:17:42.661] PACKET_IN dpid=2 in_port=5 00:00:00:00:00:0f -> 33:33:00:00:00:16 eth_type=0x86dd len=90
[18:17:42.661] PACKET_IN dpid=3 in_port=5 00:00:00:00:00:0f -> 33:33:00:00:00:16 eth_type=0x86dd len=90
[18:17:42.661] PACKET_IN dpid=4 in_port=5 00:00:00:00:00:0f -> 33:33:00:00:00:16 eth_type=0x86dd len=90
[18:17:42.661] PACKET_IN dpid=5 in_port=5 00:00:00:00:00:06 -> 33:33:00:00:00:16 eth_type=0x86dd len=90
[18:17:42.661] PACKET_IN dpid=2 in_port=5 00:00:00:00:00:06 -> 33:33:00:00:00:16 eth_type=0x86dd len=90
[18:17:42.661] PACKET_IN dpid=3 in_port=5 00:00:00:00:00:09 -> 33:33:00:00:00:16 eth_type=0x86dd len=90
[18:17:42.661] PACKET_IN dpid=4 in_port=5 00:00:00:00:00:06 -> 33:33:00:00:00:16 eth_type=0x86dd len=90
[18:17:42.661] PACKET_IN dpid=5 in_port=5 00:00:00:00:00:06 -> 33:33:00:00:00:02 eth_type=0x86dd len=70
[18:17:42.662] PACKET_IN dpid=2 in_port=5 00:00:00:00:00:06 -> 33:33:00:00:00:02 eth_type=0x86dd len=70
[18:17:42.662] PACKET_IN dpid=3 in_port=5 00:00:00:00:00:09 -> 33:33:00:00:00:02 eth_type=0x86dd len=70
[18:17:42.662] PACKET_IN dpid=4 in_port=5 00:00:00:00:00:06 -> 33:33:00:00:00:02 eth_type=0x86dd len=70
[18:17:42.662] PACKET_IN dpid=5 in_port=5 00:00:00:00:00:09 -> 33:33:00:00:00:16 eth_type=0x86dd len=90
[18:17:42.662] PACKET_IN dpid=2 in_port=5 00:00:00:00:00:09 -> 33:33:00:00:00:16 eth_type=0x86dd len=90
[18:17:42.662] PACKET_IN dpid=5 in_port=5 00:00:00:00:00:09 -> 33:33:00:00:00:02 eth_type=0x86dd len=70
[18:17:42.662] PACKET_IN dpid=2 in_port=5 00:00:00:00:00:09 -> 33:33:00:00:00:02 eth_type=0x86dd len=70
[18:17:42.665] PACKET_IN dpid=1 in_port=2 fa:4d:89:7d:c3:5c -> 33:33:00:00:00:16 eth_type=0x86dd len=90
[18:17:42.666] PACKET_IN dpid=2 in_port=5 fa:4d:89:7d:c3:5c -> 33:33:00:00:00:16 eth_type=0x86dd len=90
[18:17:42.667] PACKET_IN dpid=4 in_port=5 fa:4d:89:7d:c3:5c -> 33:33:00:00:00:16 eth_type=0x86dd len=90
[18:17:42.667] PACKET_IN dpid=5 in_port=5 fa:4d:89:7d:c3:5c -> 33:33:00:00:00:16 eth_type=0x86dd len=90
[18:17:42.695] PACKET_IN dpid=4 in_port=1 00:00:00:00:00:09 -> 33:33:00:00:00:16 eth_type=0x86dd len=90
[18:17:42.696] PACKET_IN dpid=1 in_port=3 00:00:00:00:00:09 -> 33:33:00:00:00:16 eth_type=0x86dd len=90
[18:17:42.697] PACKET_IN dpid=2 in_port=5 00:00:00:00:00:09 -> 33:33:00:00:00:16 eth_type=0x86dd len=90
[18:17:42.698] PACKET_IN dpid=3 in_port=5 00:00:00:00:00:09 -> 33:33:00:00:00:16 eth_type=0x86dd len=90
[18:17:42.698] PACKET_IN dpid=5 in_port=5 00:00:00:00:00:09 -> 33:33:00:00:00:16 eth_type=0x86dd len=90
[18:17:42.726] PACKET_IN dpid=2 in_port=1 00:00:00:00:00:01 -> 33:33:00:00:00:16 eth_type=0x86dd len=90
[18:17:42.726] PACKET_IN dpid=2 in_port=1 00:00:00:00:00:01 -> 33:33:00:00:00:02 eth_type=0x86dd len=70
[18:17:42.727] PACKET_IN dpid=1 in_port=1 00:00:00:00:00:01 -> 33:33:00:00:00:16 eth_type=0x86dd len=90
[18:17:42.727] PACKET_IN dpid=1 in_port=1 00:00:00:00:00:01 -> 33:33:00:00:00:02 eth_type=0x86dd len=70
[18:17:42.729] PACKET_IN dpid=3 in_port=5 00:00:00:00:00:01 -> 33:33:00:00:00:16 eth_type=0x86dd len=90
[18:17:42.729] PACKET_IN dpid=4 in_port=5 00:00:00:00:00:01 -> 33:33:00:00:00:16 eth_type=0x86dd len=90
[18:17:42.729] PACKET_IN dpid=5 in_port=5 00:00:00:00:00:01 -> 33:33:00:00:00:16 eth_type=0x86dd len=90
[18:17:42.729] PACKET_IN dpid=3 in_port=5 00:00:00:00:00:01 -> 33:33:00:00:00:02 eth_type=0x86dd len=70
[18:17:42.729] PACKET_IN dpid=4 in_port=5 00:00:00:00:00:01 -> 33:33:00:00:00:02 eth_type=0x86dd len=70
[18:17:42.729] PACKET_IN dpid=5 in_port=5 00:00:00:00:00:01 -> 33:33:00:00:00:02 eth_type=0x86dd len=70
[18:17:42.758] PACKET_IN dpid=3 in_port=5 9a:40:f7:52:78:bb -> 33:33:00:00:00:16 eth_type=0x86dd len=90
[18:17:42.758] PACKET_IN dpid=3 in_port=2 00:00:00:00:00:06 -> 33:33:00:00:00:16 eth_type=0x86dd len=90
[18:17:42.759] PACKET_IN dpid=1 in_port=2 00:00:00:00:00:06 -> 33:33:00:00:00:16 eth_type=0x86dd len=90
[18:17:42.760] PACKET_IN dpid=2 in_port=5 00:00:00:00:00:06 -> 33:33:00:00:00:16 eth_type=0x86dd len=90
[18:17:42.760] PACKET_IN dpid=4 in_port=5 00:00:00:00:00:06 -> 33:33:00:00:00:16 eth_type=0x86dd len=90
[18:17:42.760] PACKET_IN dpid=5 in_port=5 00:00:00:00:00:06 -> 33:33:00:00:00:16 eth_type=0x86dd len=90
[18:17:42.817] PACKET_IN dpid=5 in_port=2 00:00:00:00:00:0e -> 33:33:00:00:00:16 eth_type=0x86dd len=90
[18:17:42.819] PACKET_IN dpid=1 in_port=4 00:00:00:00:00:0e -> 33:33:00:00:00:16 eth_type=0x86dd len=90
[18:17:42.820] PACKET_IN dpid=2 in_port=5 00:00:00:00:00:0e -> 33:33:00:00:00:16 eth_type=0x86dd len=90
[18:17:42.820] PACKET_IN dpid=3 in_port=5 00:00:00:00:00:0e -> 33:33:00:00:00:16 eth_type=0x86dd len=90
[18:17:42.820] PACKET_IN dpid=4 in_port=5 00:00:00:00:00:0e -> 33:33:00:00:00:16 eth_type=0x86dd len=90
[18:17:42.821] PACKET_IN dpid=2 in_port=4 00:00:00:00:00:04 -> 33:33:00:00:00:16 eth_type=0x86dd len=90
[18:17:42.821] PACKET_IN dpid=2 in_port=4 00:00:00:00:00:04 -> 33:33:00:00:00:02 eth_type=0x86dd len=70
[18:17:42.822] PACKET_IN dpid=1 in_port=1 00:00:00:00:00:04 -> 33:33:00:00:00:16 eth_type=0x86dd len=90
[18:17:42.823] PACKET_IN dpid=1 in_port=1 00:00:00:00:00:04 -> 33:33:00:00:00:02 eth_type=0x86dd len=70
[18:17:42.824] PACKET_IN dpid=3 in_port=5 00:00:00:00:00:04 -> 33:33:00:00:00:16 eth_type=0x86dd len=90
[18:17:42.824] PACKET_IN dpid=4 in_port=5 00:00:00:00:00:04 -> 33:33:00:00:00:16 eth_type=0x86dd len=90
[18:17:42.824] PACKET_IN dpid=5 in_port=5 00:00:00:00:00:04 -> 33:33:00:00:00:16 eth_type=0x86dd len=90
[18:17:42.824] PACKET_IN dpid=3 in_port=5 00:00:00:00:00:04 -> 33:33:00:00:00:02 eth_type=0x86dd len=70
[18:17:42.824] PACKET_IN dpid=4 in_port=5 00:00:00:00:00:04 -> 33:33:00:00:00:02 eth_type=0x86dd len=70
[18:17:42.824] PACKET_IN dpid=5 in_port=5 00:00:00:00:00:04 -> 33:33:00:00:00:02 eth_type=0x86dd len=70
[18:17:42.830] [STATS] switches=5 packet_in/s=241 msgs/s=241
[18:17:42.949] PACKET_IN dpid=2 in_port=3 00:00:00:00:00:03 -> 33:33:00:00:00:16 eth_type=0x86dd len=90
[18:17:42.950] PACKET_IN dpid=1 in_port=1 00:00:00:00:00:03 -> 33:33:00:00:00:16 eth_type=0x86dd len=90
[18:17:42.952] PACKET_IN dpid=3 in_port=5 00:00:00:00:00:03 -> 33:33:00:00:00:16 eth_type=0x86dd len=90
[18:17:42.952] PACKET_IN dpid=4 in_port=5 00:00:00:00:00:03 -> 33:33:00:00:00:16 eth_type=0x86dd len=90
[18:17:42.952] PACKET_IN dpid=5 in_port=5 00:00:00:00:00:03 -> 33:33:00:00:00:16 eth_type=0x86dd len=90
[18:17:43.013] PACKET_IN dpid=3 in_port=1 00:00:00:00:00:05 -> 33:33:00:00:00:16 eth_type=0x86dd len=90
[18:17:43.014] PACKET_IN dpid=1 in_port=2 00:00:00:00:00:05 -> 33:33:00:00:00:16 eth_type=0x86dd len=90
[18:17:43.016] PACKET_IN dpid=2 in_port=5 00:00:00:00:00:05 -> 33:33:00:00:00:16 eth_type=0x86dd len=90
[18:17:43.016] PACKET_IN dpid=4 in_port=5 00:00:00:00:00:05 -> 33:33:00:00:00:16 eth_type=0x86dd len=90
[18:17:43.016] PACKET_IN dpid=5 in_port=5 00:00:00:00:00:05 -> 33:33:00:00:00:16 eth_type=0x86dd len=90
[18:17:43.078] PACKET_IN dpid=4 in_port=4 00:00:00:00:00:0c -> 33:33:00:00:00:16 eth_type=0x86dd len=90
[18:17:43.079] PACKET_IN dpid=1 in_port=3 00:00:00:00:00:0c -> 33:33:00:00:00:16 eth_type=0x86dd len=90
[18:17:43.081] PACKET_IN dpid=2 in_port=5 00:00:00:00:00:0c -> 33:33:00:00:00:16 eth_type=0x86dd len=90
[18:17:43.081] PACKET_IN dpid=3 in_port=5 00:00:00:00:00:0c -> 33:33:00:00:00:16 eth_type=0x86dd len=90
[18:17:43.081] PACKET_IN dpid=5 in_port=5 00:00:00:00:00:0c -> 33:33:00:00:00:16 eth_type=0x86dd len=90
[18:17:43.233] PACKET_IN dpid=1 in_port=3 52:3f:6e:a0:26:30 -> 33:33:00:00:00:16 eth_type=0x86dd len=90
[18:17:43.233] PACKET_IN dpid=4 in_port=3 00:00:00:00:00:0b -> 33:33:00:00:00:16 eth_type=0x86dd len=90
[18:17:43.235] PACKET_IN dpid=1 in_port=3 00:00:00:00:00:0b -> 33:33:00:00:00:16 eth_type=0x86dd len=90
[18:17:43.235] PACKET_IN dpid=2 in_port=5 52:3f:6e:a0:26:30 -> 33:33:00:00:00:16 eth_type=0x86dd len=90
[18:17:43.235] PACKET_IN dpid=3 in_port=5 52:3f:6e:a0:26:30 -> 33:33:00:00:00:16 eth_type=0x86dd len=90
[18:17:43.235] PACKET_IN dpid=5 in_port=5 52:3f:6e:a0:26:30 -> 33:33:00:00:00:16 eth_type=0x86dd len=90
[18:17:43.236] PACKET_IN dpid=2 in_port=5 00:00:00:00:00:0b -> 33:33:00:00:00:16 eth_type=0x86dd len=90
[18:17:43.236] PACKET_IN dpid=3 in_port=5 00:00:00:00:00:0b -> 33:33:00:00:00:16 eth_type=0x86dd len=90
[18:17:43.236] PACKET_IN dpid=5 in_port=5 00:00:00:00:00:0b -> 33:33:00:00:00:16 eth_type=0x86dd len=90
[18:17:43.366] PACKET_IN dpid=3 in_port=4 00:00:00:00:00:08 -> 33:33:00:00:00:16 eth_type=0x86dd len=90
[18:17:43.367] PACKET_IN dpid=1 in_port=2 00:00:00:00:00:08 -> 33:33:00:00:00:16 eth_type=0x86dd len=90
[18:17:43.369] PACKET_IN dpid=2 in_port=5 00:00:00:00:00:08 -> 33:33:00:00:00:16 eth_type=0x86dd len=90
[18:17:43.369] PACKET_IN dpid=4 in_port=5 00:00:00:00:00:08 -> 33:33:00:00:00:16 eth_type=0x86dd len=90
[18:17:43.369] PACKET_IN dpid=5 in_port=5 00:00:00:00:00:08 -> 33:33:00:00:00:16 eth_type=0x86dd len=90
[18:17:43.397] PACKET_IN dpid=3 in_port=3 00:00:00:00:00:07 -> 33:33:00:00:00:16 eth_type=0x86dd len=90
[18:17:43.399] PACKET_IN dpid=1 in_port=2 00:00:00:00:00:07 -> 33:33:00:00:00:16 eth_type=0x86dd len=90
[18:17:43.400] PACKET_IN dpid=2 in_port=5 00:00:00:00:00:07 -> 33:33:00:00:00:16 eth_type=0x86dd len=90
[18:17:43.400] PACKET_IN dpid=4 in_port=5 00:00:00:00:00:07 -> 33:33:00:00:00:16 eth_type=0x86dd len=90
[18:17:43.400] PACKET_IN dpid=5 in_port=5 00:00:00:00:00:07 -> 33:33:00:00:00:16 eth_type=0x86dd len=90
[18:17:43.430] PACKET_IN dpid=2 in_port=4 00:00:00:00:00:04 -> 33:33:00:00:00:16 eth_type=0x86dd len=90
[18:17:43.431] PACKET_IN dpid=1 in_port=1 00:00:00:00:00:04 -> 33:33:00:00:00:16 eth_type=0x86dd len=90
[18:17:43.432] PACKET_IN dpid=3 in_port=5 00:00:00:00:00:04 -> 33:33:00:00:00:16 eth_type=0x86dd len=90
[18:17:43.433] PACKET_IN dpid=4 in_port=5 00:00:00:00:00:04 -> 33:33:00:00:00:16 eth_type=0x86dd len=90
[18:17:43.433] PACKET_IN dpid=5 in_port=5 00:00:00:00:00:04 -> 33:33:00:00:00:16 eth_type=0x86dd len=90
[18:17:43.489] PACKET_IN dpid=2 in_port=1 00:00:00:00:00:01 -> 33:33:00:00:00:16 eth_type=0x86dd len=90
[18:17:43.491] PACKET_IN dpid=1 in_port=1 00:00:00:00:00:01 -> 33:33:00:00:00:16 eth_type=0x86dd len=90
[18:17:43.492] PACKET_IN dpid=3 in_port=5 00:00:00:00:00:01 -> 33:33:00:00:00:16 eth_type=0x86dd len=90
[18:17:43.492] PACKET_IN dpid=4 in_port=5 00:00:00:00:00:01 -> 33:33:00:00:00:16 eth_type=0x86dd len=90
[18:17:43.492] PACKET_IN dpid=5 in_port=5 00:00:00:00:00:01 -> 33:33:00:00:00:16 eth_type=0x86dd len=90
[18:17:43.526] PACKET_IN dpid=5 in_port=4 00:00:00:00:00:10 -> 33:33:00:00:00:16 eth_type=0x86dd len=90
[18:17:43.527] PACKET_IN dpid=1 in_port=4 00:00:00:00:00:10 -> 33:33:00:00:00:16 eth_type=0x86dd len=90
[18:17:43.528] PACKET_IN dpid=2 in_port=5 00:00:00:00:00:10 -> 33:33:00:00:00:16 eth_type=0x86dd len=90
[18:17:43.529] PACKET_IN dpid=3 in_port=5 00:00:00:00:00:10 -> 33:33:00:00:00:16 eth_type=0x86dd len=90
[18:17:43.529] PACKET_IN dpid=4 in_port=5 00:00:00:00:00:10 -> 33:33:00:00:00:16 eth_type=0x86dd len=90
[18:17:43.830] [STATS] switches=5 packet_in/s=49 msgs/s=49
[18:17:44.830] [STATS] switches=5 packet_in/s=0 msgs/s=0
[18:17:45.570] PACKET_IN dpid=1 in_port=1 7e:86:42:00:62:6f -> 33:33:00:00:00:02 eth_type=0x86dd len=70
[18:17:45.570] PACKET_IN dpid=5 in_port=5 b2:b1:96:77:57:f2 -> 33:33:00:00:00:02 eth_type=0x86dd len=70
[18:17:45.571] PACKET_IN dpid=3 in_port=5 7e:86:42:00:62:6f -> 33:33:00:00:00:02 eth_type=0x86dd len=70
[18:17:45.571] PACKET_IN dpid=4 in_port=5 7e:86:42:00:62:6f -> 33:33:00:00:00:02 eth_type=0x86dd len=70
[18:17:45.571] PACKET_IN dpid=5 in_port=5 7e:86:42:00:62:6f -> 33:33:00:00:00:02 eth_type=0x86dd len=70
[18:17:45.831] [STATS] switches=5 packet_in/s=5 msgs/s=14
[18:17:46.097] PACKET_IN dpid=4 in_port=4 00:00:00:00:00:0c -> 33:33:00:00:00:02 eth_type=0x86dd len=70
[18:17:46.097] PACKET_IN dpid=5 in_port=1 00:00:00:00:00:0d -> 33:33:00:00:00:02 eth_type=0x86dd len=70
[18:17:46.378] PACKET_IN dpid=5 in_port=3 00:00:00:00:00:0f -> 33:33:00:00:00:02 eth_type=0x86dd len=70
[18:17:46.474] [-] Switch DPID 1 desconectado: Conexão encerrada pelo switch.
[18:17:46.514] [-] Switch DPID 3 desconectado: Conexão encerrada pelo switch.
[18:17:46.549] [-] Switch DPID 4 desconectado: Conexão encerrada pelo switch.
[18:17:46.581] [-] Switch DPID 5 desconectado: Conexão encerrada pelo switch.
[18:17:46.665] [-] Switch DPID 2 desconectado: Conexão encerrada pelo switch.
