=== Controlador SDN Didático v2 (OpenFlow 1.0 / Hub) ===
Iniciando servidor socket TCP em 0.0.0.0:6653...
Aguardando conexões dos switches (porta 6653)...

[18:17:47.930] [+] Conexão TCP estabelecida com o switch: 127.0.0.1:51198
[18:17:47.930] [ERRO] Handshake falhou com ('127.0.0.1', 51198): Conexão encerrada pelo switch/cliente.
[18:17:48.755] [STATS] switches=0 packet_in/s=0 msgs/s=0
[18:17:49.755] [STATS] switches=0 packet_in/s=0 msgs/s=0
[18:17:50.756] [STATS] switches=0 packet_in/s=0 msgs/s=0
[18:17:51.229] [+] Conexão TCP estabelecida com o switch: 127.0.0.1:51206
[18:17:51.229]     <<< HELLO de 127.0.0.1:51206 (xid=812)
[18:17:51.229]     >>> FEATURES_REQUEST para 127.0.0.1:51206
[18:17:51.231]     <<< FEATURES_REPLY: DPID=0000000000000001 buffers=0 tabelas=254 portas=5 (2.11 ms)
[18:17:51.231] [OK] Handshake concluído com DPID 1 (1 switch(es) conectado(s))
[18:17:51.242] [+] Conexão TCP estabelecida com o switch: 127.0.0.1:51214
[18:17:51.242]     <<< HELLO de 127.0.0.1:51214 (xid=813)
[18:17:51.242]     >>> FEATURES_REQUEST para 127.0.0.1:51214
[18:17:51.246]     <<< FEATURES_REPLY: DPID=0000000000000002 buffers=0 tabelas=254 portas=6 (3.89 ms)
[18:17:51.246] [OK] Handshake concluído com DPID 2 (2 switch(es) conectado(s))
[18:17:51.254] [+] Conexão TCP estabelecida com o switch: 127.0.0.1:51218
[18:17:51.254]     <<< HELLO de 127.0.0.1:51218 (xid=814)
[18:17:51.254]     >>> FEATURES_REQUEST para 127.0.0.1:51218
[18:17:51.257]     <<< FEATURES_REPLY: DPID=0000000000000003 buffers=0 tabelas=254 portas=6 (3.18 ms)
[18:17:51.257] [OK] Handshake concluído com DPID 3 (3 switch(es) conectado(s))
[18:17:51.268] [+] Conexão TCP estabelecida com o switch: 127.0.0.1:51228
[18:17:51.268]     <<< HELLO de 127.0.0.1:51228 (xid=815)
[18:17:51.268]     >>> FEATURES_REQUEST para 127.0.0.1:51228
[18:17:51.271]     <<< FEATURES_REPLY: DPID=0000000000000004 buffers=0 tabelas=254 portas=6 (2.67 ms)
[18:17:51.271] [OK] Handshake concluído com DPID 4 (4 switch(es) conectado(s))
[18:17:51.271] PACKET_IN dpid=1 in_port=1 ae:a2:32:8a:68:60 -> 33:33:ff:8a:68:60 eth_type=0x86dd len=86
[18:17:51.271] PACKET_IN dpid=1 in_port=3 66:4f:38:eb:34:c0 -> 33:33:ff:eb:34:c0 eth_type=0x86dd len=86
[18:17:51.273] PACKET_IN dpid=2 in_port=5 66:4f:38:eb:34:c0 -> 33:33:ff:eb:34:c0 eth_type=0x86dd len=86
[18:17:51.273] PACKET_IN dpid=3 in_port=5 ae:a2:32:8a:68:60 -> 33:33:ff:8a:68:60 eth_type=0x86dd len=86
[18:17:51.273] PACKET_IN dpid=4 in_port=5 ae:a2:32:8a:68:60 -> 33:33:ff:8a:68:60 eth_type=0x86dd len=86
[18:17:51.274] PACKET_IN dpid=3 in_port=5 66:4f:38:eb:34:c0 -> 33:33:ff:eb:34:c0 eth_type=0x86dd len=86
[18:17:51.282] [+] Conexão TCP estabelecida com o switch: 127.0.0.1:51238
[18:17:51.283]     <<< HELLO de 127.0.0.1:51238 (xid=816)
[18:17:51.283]     >>> FEATURES_REQUEST para 127.0.0.1:51238
[18:17:51.286]     <<< FEATURES_REPLY: DPID=0000000000000005 buffers=0 tabelas=254 portas=6 (3.34 ms)
[18:17:51.286] [OK] Handshake concluído com DPID 5 (5 switch(es) conectado(s))
[18:17:51.302] PACKET_IN dpid=1 in_port=2 2e:09:41:42:c6:96 -> 33:33:00:00:00:16 eth_type=0x86dd len=90
[18:17:51.303] PACKET_IN dpid=2 in_port=5 2e:09:41:42:c6:96 -> 33:33:00:00:00:16 eth_type=0x86dd len=90
[18:17:51.303] PACKET_IN dpid=4 in_port=5 2e:09:41:42:c6:96 -> 33:33:00:00:00:16 eth_type=0x86dd len=90
[18:17:51.303] PACKET_IN dpid=5 in_port=5 2e:09:41:42:c6:96 -> 33:33:00:00:00:16 eth_type=0x86dd len=90
[18:17:51.426] PACKET_IN dpid=4 in_port=4 00:00:00:00:00:0c -> 33:33:ff:00:00:0c eth_type=0x86dd len=86
[18:17:51.428] PACKET_IN dpid=1 in_port=3 00:00:00:00:00:0c -> 33:33:ff:00:00:0c eth_type=0x86dd len=86
[18:17:51.429] PACKET_IN dpid=2 in_port=5 00:00:00:00:00:0c -> 33:33:ff:00:00:0c eth_type=0x86dd len=86
[18:17:51.429] PACKET_IN dpid=3 in_port=5 00:00:00:00:00:0c -> 33:33:ff:00:00:0c eth_type=0x86dd len=86
[18:17:51.429] PACKET_IN dpid=5 in_port=5 00:00:00:00:00:0c -> 33:33:ff:00:00:0c eth_type=0x86dd len=86
[18:17:51.429] PACKET_IN dpid=5 in_port=1 00:00:00:00:00:0d -> 33:33:ff:00:00:0d eth_type=0x86dd len=86
[18:17:51.431] PACKET_IN dpid=1 in_port=4 00:00:00:00:00:0d -> 33:33:ff:00:00:0d eth_type=0x86dd len=86
[18:17:51.432] PACKET_IN dpid=2 in_port=5 00:00:00:00:00:0d -> 33:33:ff:00:00:0d eth_type=0x86dd len=86
[18:17:51.432] PACKET_IN dpid=3 in_port=5 00:00:00:00:00:0d -> 33:33:ff:00:00:0d eth_type=0x86dd len=86
[18:17:51.432] PACKET_IN dpid=4 in_port=5 00:00:00:00:00:0d -> 33:33:ff:00:00:0d eth_type=0x86dd len=86
[18:17:51.446] PACKET_IN dpid=4 in_port=4 00:00:00:00:00:0c -> 33:33:00:00:00:16 eth_type=0x86dd len=110
[18:17:51.447] PACKET_IN dpid=1 in_port=3 00:00:00:00:00:0c -> 33:33:00:00:00:16 eth_type=0x86dd len=110
[18:17:51.448] PACKET_IN dpid=2 in_port=5 00:00:00:00:00:0c -> 33:33:00:00:00:16 eth_type=0x86dd len=110
[18:17:51.448] PACKET_IN dpid=3 in_port=5 00:00:00:00:00:0c -> 33:33:00:00:00:16 eth_type=0x86dd len=110
[18:17:51.448] PACKET_IN dpid=5 in_port=5 00:00:00:00:00:0c -> 33:33:00:00:00:16 eth_type=0x86dd len=110
[18:17:51.490] PACKET_IN dpid=2 in_port=1 00:00:00:00:00:01 -> 33:33:00:00:00:16 eth_type=0x86dd len=110
[18:17:51.492] PACKET_IN dpid=1 in_port=1 00:00:00:00:00:01 -> 33:33:00:00:00:16 eth_type=0x86dd len=110
[18:17:51.493] PACKET_IN dpid=3 in_port=5 00:00:00:00:00:01 -> 33:33:00:00:00:16 eth_type=0x86dd len=110
[18:17:51.493] PACKET_IN dpid=4 in_port=5 00:00:00:00:00:01 -> 33:33:00:00:00:16 eth_type=0x86dd len=110
[18:17:51.493] PACKET_IN dpid=5 in_port=5 00:00:00:00:00:01 -> 33:33:00:00:00:16 eth_type=0x86dd len=110
[18:17:51.493] PACKET_IN dpid=4 in_port=5 3e:81:d6:2c:f6:9a -> 33:33:00:00:00:16 eth_type=0x86dd len=90
[18:17:51.493] PACKET_IN dpid=4 in_port=2 00:00:00:00:00:0a -> 33:33:00:00:00:16 eth_type=0x86dd len=110
[18:17:51.495] PACKET_IN dpid=1 in_port=3 00:00:00:00:00:0a -> 33:33:00:00:00:16 eth_type=0x86dd len=110
[18:17:51.496] PACKET_IN dpid=2 in_port=5 00:00:00:00:00:0a -> 33:33:00:00:00:16 eth_type=0x86dd len=110
[18:17:51.496] PACKET_IN dpid=3 in_port=5 00:00:00:00:00:0a -> 33:33:00:00:00:16 eth_type=0x86dd len=110
[18:17:51.496] PACKET_IN dpid=5 in_port=5 00:00:00:00:00:0a -> 33:33:00:00:00:16 eth_type=0x86dd len=110
[18:17:51.522] PACKET_IN dpid=1 in_port=3 66:4f:38:eb:34:c0 -> 33:33:00:00:00:16 eth_type=0x86dd len=90
[18:17:51.524] PACKET_IN dpid=2 in_port=5 66:4f:38:eb:34:c0 -> 33:33:00:00:00:16 eth_type=0x86dd len=90
[18:17:51.524] PACKET_IN dpid=3 in_port=5 66:4f:38:eb:34:c0 -> 33:33:00:00:00:16 eth_type=0x86dd len=90
[18:17:51.524] PACKET_IN dpid=5 in_port=5 66:4f:38:eb:34:c0 -> 33:33:00:00:00:16 eth_type=0x86dd len=90
[18:17:51.526] PACKET_IN dpid=3 in_port=4 00:00:00:00:00:08 -> 33:33:ff:00:00:08 eth_type=0x86dd len=86
[18:17:51.527] PACKET_IN dpid=4 in_port=3 00:00:00:00:00:0b -> 33:33:ff:00:00:0b eth_type=0x86dd len=86
[18:17:51.527] PACKET_IN dpid=5 in_port=4 00:00:00:00:00:10 -> 33:33:ff:00:00:10 eth_type=0x86dd len=86
[18:17:51.528] PACKET_IN dpid=1 in_port=2 00:00:00:00:00:08 -> 33:33:ff:00:00:08 eth_type=0x86dd len=86
[18:17:51.528] PACKET_IN dpid=1 in_port=3 00:00:00:00:00:0b -> 33:33:ff:00:00:0b eth_type=0x86dd len=86
[18:17:51.528] PACKET_IN dpid=1 in_port=4 00:00:00:00:00:10 -> 33:33:ff:00:00:10 eth_type=0x86dd len=86
[18:17:51.529] PACKET_IN dpid=2 in_port=5 00:00:00:00:00:08 -> 33:33:ff:00:00:08 eth_type=0x86dd len=86
[18:17:51.529] PACKET_IN dpid=3 in_port=5 00:00:00:00:00:0b -> 33:33:ff:00:00:0b eth_type=0x86dd len=86
[18:17:51.529] PACKET_IN dpid=4 in_port=5 00:00:00:00:00:08 -> 33:33:ff:00:00:08 eth_type=0x86dd len=86
[18:17:51.529] PACKET_IN dpid=5 in_port=5 00:00:00:00:00:08 -> 33:33:ff:00:00:08 eth_type=0x86dd len=86
[18:17:51.529] PACKET_IN dpid=2 in_port=5 00:00:00:00:00:0b -> 33:33:ff:00:00:0b eth_type=0x86dd len=86
[18:17:51.529] PACKET_IN dpid=3 in_port=5 00:00:00:00:00:10 -> 33:33:ff:00:00:10 eth_type=0x86dd len=86
[18:17:51.529] PACKET_IN dpid=4 in_port=5 00:00:00:00:00:10 -> 33:33:ff:00:00:10 eth_type=0x86dd len=86
[18:17:51.529] PACKET_IN dpid=5 in_port=5 00:00:00:00:00:0b -> 33:33:ff:00:00:0b eth_type=0x86dd len=86
[18:17:51.529] PACKET_IN dpid=2 in_port=5 00:00:00:00:00:10 -> 33:33:ff:00:00:10 eth_type=0x86dd len=86
[18:17:51.558] PACKET_IN dpid=2 in_port=2 00:00:00:00:00:02 -> 33:33:ff:00:00:02 eth_type=0x86dd len=86
[18:17:51.559] PACKET_IN dpid=1 in_port=1 00:00:00:00:00:02 -> 33:33:ff:00:00:02 eth_type=0x86dd len=86
[18:17:51.561] PACKET_IN dpid=3 in_port=5 00:00:00:00:00:02 -> 33:33:ff:00:00:02 eth_type=0x86dd len=86
[18:17:51.561] PACKET_IN dpid=4 in_port=5 00:00:00:00:00:02 -> 33:33:ff:00:00:02 eth_type=0x86dd len=86
[18:17:51.561] PACKET_IN dpid=5 in_port=5 00:00:00:00:00:02 -> 33:33:ff:00:00:02 eth_type=0x86dd len=86
[18:17:51.618] PACKET_IN dpid=2 in_port=4 00:00:00:00:00:04 -> 33:33:ff:00:00:04 eth_type=0x86dd len=86
[18:17:51.618] PACKET_IN dpid=3 in_port=3 00:00:00:00:00:07 -> 33:33:ff:00:00:07 eth_type=0x86dd len=86
[18:17:51.618] PACKET_IN dpid=4 in_port=1 00:00:00:00:00:09 -> 33:33:00:00:00:16 eth_type=0x86dd len=110
[18:17:51.618] PACKET_IN dpid=4 in_port=1 00:00:00:00:00:09 -> 33:33:ff:00:00:09 eth_type=0x86dd len=86
[18:17:51.619] PACKET_IN dpid=1 in_port=2 00:00:00:00:00:07 -> 33:33:ff:00:00:07 eth_type=0x86dd len=86
[18:17:51.620] PACKET_IN dpid=1 in_port=3 00:00:00:00:00:09 -> 33:33:00:00:00:16 eth_type=0x86dd len=110
[18:17:51.620] PACKET_IN dpid=1 in_port=3 00:00:00:00:00:09 -> 33:33:ff:00:00:09 eth_type=0x86dd len=86
[18:17:51.620] PACKET_IN dpid=1 in_port=1 00:00:00:00:00:04 -> 33:33:ff:00:00:04 eth_type=0x86dd len=86
[18:17:51.621] PACKET_IN dpid=2 in_port=5 00:00:00:00:00:07 -> 33:33:ff:00:00:07 eth_type=0x86dd len=86
[18:17:51.621] PACKET_IN dpid=3 in_port=5 00:00:00:00:00:09 -> 33:33:00:00:00:16 eth_type=0x86dd len=110
[18:17:51.621] PACKET_IN dpid=4 in_port=5 00:00:00:00:00:07 -> 33:33:ff:00:00:07 eth_type=0x86dd len=86
[18:17:51.621] PACKET_IN dpid=5 in_port=5 00:00:00:00:00:07 -> 33:33:ff:00:00:07 eth_type=0x86dd len=86
[18:17:51.621] PACKET_IN dpid=1 in_port=1 ae:a2:32:8a:68:60 -> 33:33:00:00:00:16 eth_type=0x86dd len=90
[18:17:51.621] PACKET_IN dpid=2 in_port=5 00:00:00:00:00:09 -> 33:33:00:00:00:16 eth_type=0x86dd len=110
[18:17:51.621] PACKET_IN dpid=3 in_port=5 00:00:00:00:00:09 -> 33:33:ff:00:00:09 eth_type=0x86dd len=86
[18:17:51.621] PACKET_IN dpid=4 in_port=5 00:00:00:00:00:04 -> 33:33:ff:00:00:04 eth_type=0x86dd len=86
[18:17:51.621] PACKET_IN dpid=5 in_port=5 00:00:00:00:00:09 -> 33:33:00:00:00:16 eth_type=0x86dd len=110
[18:17:51.621] PACKET_IN dpid=2 in_port=5 00:00:00:00:00:09 -> 33:33:ff:00:00:09 eth_type=0x86dd len=86
[18:17:51.621] PACKET_IN dpid=3 in_port=5 00:00:00:00:00:04 -> 33:33:ff:00:00:04 eth_type=0x86dd len=86
[18:17:51.621] PACKET_IN dpid=5 in_port=5 00:00:00:00:00:09 -> 33:33:ff:00:00:09 eth_type=0x86dd len=86
[18:17:51.621] PACKET_IN dpid=4 in_port=5 ae:a2:32:8a:68:60 -> 33:33:00:00:00:16 eth_type=0x86dd len=90
[18:17:51.621] PACKET_IN dpid=5 in_port=5 00:00:00:00:00:04 -> 33:33:ff:00:00:04 eth_type=0x86dd len=86
[18:17:51.621] PACKET_IN dpid=5 in_port=5 ae:a2:32:8a:68:60 -> 33:33:00:00:00:16 eth_type=0x86dd len=90
[18:17:51.623] PACKET_IN dpid=3 in_port=5 ae:a2:32:8a:68:60 -> 33:33:00:00:00:16 eth_type=0x86dd len=90
[18:17:51.650] PACKET_IN dpid=5 in_port=5 ce:32:70:75:eb:99 -> 33:33:ff:75:eb:99 eth_type=0x86dd len=86
[18:17:51.682] PACKET_IN dpid=5 in_port=2 00:00:00:00:00:0e -> 33:33:ff:00:00:0e eth_type=0x86dd len=86
[18:17:51.683] PACKET_IN dpid=1 in_port=4 00:00:00:00:00:0e -> 33:33:ff:00:00:0e eth_type=0x86dd len=86
[18:17:51.684] PACKET_IN dpid=2 in_port=5 00:00:00:00:00:0e -> 33:33:ff:00:00:0e eth_type=0x86dd len=86
[18:17:51.684] PACKET_IN dpid=3 in_port=5 00:00:00:00:00:0e -> 33:33:ff:00:00:0e eth_type=0x86dd len=86
[18:17:51.685] PACKET_IN dpid=4 in_port=5 00:00:00:00:00:0e -> 33:33:ff:00:00:0e eth_type=0x86dd len=86
[18:17:51.686] PACKET_IN dpid=2 in_port=3 00:00:00:00:00:03 -> 33:33:ff:00:00:03 eth_type=0x86dd len=86
[18:17:51.686] PACKET_IN dpid=4 in_port=5 3e:81:d6:2c:f6:9a -> 33:33:ff:2c:f6:9a eth_type=0x86dd len=86
[18:17:51.687] PACKET_IN dpid=1 in_port=1 00:00:00:00:00:03 -> 33:33:ff:00:00:03 eth_type=0x86dd len=86
[18:17:51.689] PACKET_IN dpid=3 in_port=5 00:00:00:00:00:03 -> 33:33:ff:00:00:03 eth_type=0x86dd len=86
[18:17:51.689] PACKET_IN dpid=4 in_port=5 00:00:00:00:00:03 -> 33:33:ff:00:00:03 eth_type=0x86dd len=86
[18:17:51.689] PACKET_IN dpid=5 in_port=5 00:00:00:00:00:03 -> 33:33:ff:00:00:03 eth_type=0x86dd len=86
[18:17:51.714] PACKET_IN dpid=2 in_port=1 00:00:00:00:00:01 -> 33:33:ff:00:00:01 eth_type=0x86dd len=86
[18:17:51.714] PACKET_IN dpid=5 in_port=2 00:00:00:00:00:0e -> 33:33:00:00:00:16 eth_type=0x86dd len=110
[18:17:51.715] PACKET_IN dpid=1 in_port=4 00:00:00:00:00:0e -> 33:33:00:00:00:16 eth_type=0x86dd len=110
[18:17:51.715] PACKET_IN dpid=1 in_port=1 00:00:00:00:00:01 -> 33:33:ff:00:00:01 eth_type=0x86dd len=86
[18:17:51.717] PACKET_IN dpid=2 in_port=5 00:00:00:00:00:0e -> 33:33:00:00:00:16 eth_type=0x86dd len=110
[18:17:51.717] PACKET_IN dpid=3 in_port=5 00:00:00:00:00:0e -> 33:33:00:00:00:16 eth_type=0x86dd len=110
[18:17:51.717] PACKET_IN dpid=4 in_port=5 00:00:00:00:00:0e -> 33:33:00:00:00:16 eth_type=0x86dd len=110
[18:17:51.717] PACKET_IN dpid=5 in_port=5 00:00:00:00:00:01 -> 33:33:ff:00:00:01 eth_type=0x86dd len=86
[18:17:51.717] PACKET_IN dpid=3 in_port=5 00:00:00:00:00:01 -> 33:33:ff:00:00:01 eth_type=0x86dd len=86
[18:17:51.717] PACKET_IN dpid=4 in_port=5 00:00:00:00:00:01 -> 33:33:ff:00:00:01 eth_type=0x86dd len=86
[18:17:51.745] PACKET_IN dpid=1 in_port=4 66:03:62:35:8a:2d -> 33:33:ff:35:8a:2d eth_type=0x86dd len=86
[18:17:51.746] PACKET_IN dpid=1 in_port=2 2e:09:41:42:c6:96 -> 33:33:ff:42:c6:96 eth_type=0x86dd len=86
[18:17:51.747] PACKET_IN dpid=2 in_port=5 66:03:62:35:8a:2d -> 33:33:ff:35:8a:2d eth_type=0x86dd len=86
[18:17:51.747] PACKET_IN dpid=3 in_port=5 66:03:62:35:8a:2d -> 33:33:ff:35:8a:2d eth_type=0x86dd len=86
[18:17:51.747] PACKET_IN dpid=4 in_port=5 66:03:62:35:8a:2d -> 33:33:ff:35:8a:2d eth_type=0x86dd len=86
[18:17:51.747] PACKET_IN dpid=5 in_port=5 2e:09:41:42:c6:96 -> 33:33:ff:42:c6:96 eth_type=0x86dd len=86
[18:17:51.747] PACKET_IN dpid=2 in_port=5 2e:09:41:42:c6:96 -> 33:33:ff:42:c6:96 eth_type=0x86dd len=86
[18:17:51.747] PACKET_IN dpid=4 in_port=5 2e:09:41:42:c6:96 -> 33:33:ff:42:c6:96 eth_type=0x86dd len=86
[18:17:51.757] [STATS] switches=5 packet_in/s=114 msgs/s=114
[18:17:51.778] PACKET_IN dpid=5 in_port=5 ce:32:70:75:eb:99 -> 33:33:00:00:00:16 eth_type=0x86dd len=90
[18:17:51.810] PACKET_IN dpid=2 in_port=5 0e:4b:1c:be:ab:a3 -> 33:33:ff:be:ab:a3 eth_type=0x86dd len=86
[18:17:51.842] PACKET_IN dpid=1 in_port=4 66:03:62:35:8a:2d -> 33:33:00:00:00:16 eth_type=0x86dd len=90
[18:17:51.843] PACKET_IN dpid=2 in_port=5 66:03:62:35:8a:2d -> 33:33:00:00:00:16 eth_type=0x86dd len=90
[18:17:51.843] PACKET_IN dpid=3 in_port=5 66:03:62:35:8a:2d -> 33:33:00:00:00:16 eth_type=0x86dd len=90
[18:17:51.843] PACKET_IN dpid=4 in_port=5 66:03:62:35:8a:2d -> 33:33:00:00:00:16 eth_type=0x86dd len=90
[18:17:51.909] PACKET_IN dpid=3 in_port=4 00:00:00:00:00:08 -> 33:33:00:00:00:16 eth_type=0x86dd len=110
[18:17:51.911] PACKET_IN dpid=1 in_port=2 00:00:00:00:00:08 -> 33:33:00:00:00:16 eth_type=0x86dd len=110
[18:17:51.912] PACKET_IN dpid=2 in_port=5 00:00:00:00:00:08 -> 33:33:00:00:00:16 eth_type=0x86dd len=110
[18:17:51.912] PACKET_IN dpid=4 in_port=5 00:00:00:00:00:08 -> 33:33:00:00:00:16 eth_type=0x86dd len=110
[18:17:51.912] PACKET_IN dpid=5 in_port=5 00:00:00:00:00:08 -> 33:33:00:00:00:16 eth_type=0x86dd len=110
[18:17:51.938] PACKET_IN dpid=4 in_port=2 00:00:00:00:00:0a -> 33:33:ff:00:00:0a eth_type=0x86dd len=86
[18:17:51.940] PACKET_IN dpid=1 in_port=3 00:00:00:00:00:0a -> 33:33:ff:00:00:0a eth_type=0x86dd len=86
[18:17:51.941] PACKET_IN dpid=2 in_port=5 00:00:00:00:00:0a -> 33:33:ff:00:00:0a eth_type=0x86dd len=86
[18:17:51.941] PACKET_IN dpid=3 in_port=5 00:00:00:00:00:0a -> 33:33:ff:00:00:0a eth_type=0x86dd len=86
[18:17:51.941] PACKET_IN dpid=5 in_port=5 00:00:00:00:00:0a -> 33:33:ff:00:00:0a eth_type=0x86dd len=86
[18:17:51.942] PACKET_IN dpid=5 in_port=3 00:00:00:00:00:0f -> 33:33:ff:00:00:0f eth_type=0x86dd len=86
[18:17:51.942] PACKET_IN dpid=5 in_port=3 00:00:00:00:00:0f -> 33:33:00:00:00:16 eth_type=0x86dd len=110
[18:17:51.943] PACKET_IN dpid=1 in_port=4 00:00:00:00:00:0f -> 33:33:ff:00:00:0f eth_type=0x86dd len=86
[18:17:51.943] PACKET_IN dpid=1 in_port=4 00:00:00:00:00:0f -> 33:33:00:00:00:16 eth_type=0x86dd len=110
[18:17:51.945] PACKET_IN dpid=2 in_port=5 00:00:00:00:00:0f -> 33:33:ff:00:00:0f eth_type=0x86dd len=86
[18:17:51.945] PACKET_IN dpid=3 in_port=5 00:00:00:00:00:0f -> 33:33:ff:00:00:0f eth_type=0x86dd len=86
[18:17:51.945] PACKET_IN dpid=4 in_port=5 00:00:00:00:00:0f -> 33:33:ff:00:00:0f eth_type=0x86dd len=86
[18:17:51.945] PACKET_IN dpid=2 in_port=5 00:00:00:00:00:0f -> 33:33:00:00:00:16 eth_type=0x86dd len=110
[18:17:51.945] PACKET_IN dpid=3 in_port=5 00:00:00:00:00:0f -> 33:33:00:00:00:16 eth_type=0x86dd len=110
[18:17:51.945] PACKET_IN dpid=4 in_port=5 00:00:00:00:00:0f -> 33:33:00:00:00:16 eth_type=0x86dd len=110
[18:17:51.970] PACKET_IN dpid=3 in_port=3 00:00:00:00:00:07 -> 33:33:00:00:00:16 eth_type=0x86dd len=110
[18:17:51.971] PACKET_IN dpid=1 in_port=2 00:00:00:00:00:07 -> 33:33:00:00:00:16 eth_type=0x86dd len=110
[18:17:51.973] PACKET_IN dpid=2 in_port=5 00:00:00:00:00:07 -> 33:33:00:00:00:16 eth_type=0x86dd len=110
[18:17:51.973] PACKET_IN dpid=4 in_port=5 00:00:00:00:00:07 -> 33:33:00:00:00:16 eth_type=0x86dd len=110
[18:17:51.973] PACKET_IN dpid=5 in_port=5 00:00:00:00:00:07 -> 33:33:00:00:00:16 eth_type=0x86dd len=110
[18:17:52.037] PACKET_IN dpid=3 in_port=2 00:00:00:00:00:06 -> 33:33:00:00:00:16 eth_type=0x86dd len=110
[18:17:52.037] PACKET_IN dpid=2 in_port=3 00:00:00:00:00:03 -> 33:33:00:00:00:16 eth_type=0x86dd len=110
[18:17:52.039] PACKET_IN dpid=1 in_port=2 00:00:00:00:00:06 -> 33:33:00:00:00:16 eth_type=0x86dd len=110
[18:17:52.039] PACKET_IN dpid=1 in_port=1 00:00:00:00:00:03 -> 33:33:00:00:00:16 eth_type=0x86dd len=110
[18:17:52.040] PACKET_IN dpid=2 in_port=5 00:00:00:00:00:06 -> 33:33:00:00:00:16 eth_type=0x86dd len=110
[18:17:52.040] PACKET_IN dpid=3 in_port=5 00:00:00:00:00:03 -> 33:33:00:00:00:16 eth_type=0x86dd len=110
[18:17:52.040] PACKET_IN dpid=4 in_port=5 00:00:00:00:00:06 -> 33:33:00:00:00:16 eth_type=0x86dd len=110
[18:17:52.040] PACKET_IN dpid=5 in_port=5 00:00:00:00:00:06 -> 33:33:00:00:00:16 eth_type=0x86dd len=110
[18:17:52.040] PACKET_IN dpid=4 in_port=5 00:00:00:00:00:03 -> 33:33:00:00:00:16 eth_type=0x86dd len=110
[18:17:52.040] PACKET_IN dpid=5 in_port=5 00:00:00:00:00:03 -> 33:33:00:00:00:16 eth_type=0x86dd len=110
[18:17:52.065] PACKET_IN dpid=3 in_port=1 00:00:00:00:00:05 -> 33:33:ff:00:00:05 eth_type=0x86dd len=86
[18:17:52.067] PACKET_IN dpid=1 in_port=2 00:00:00:00:00:05 -> 33:33:ff:00:00:05 eth_type=0x86dd len=86
[18:17:52.068] PACKET_IN dpid=2 in_port=5 00:00:00:00:00:05 -> 33:33:ff:00:00:05 eth_type=0x86dd len=86
[18:17:52.068] PACKET_IN dpid=4 in_port=5 00:00:00:00:00:05 -> 33:33:ff:00:00:05 eth_type=0x86dd len=86
[18:17:52.068] PACKET_IN dpid=5 in_port=5 00:00:00:00:00:05 -> 33:33:ff:00:00:05 eth_type=0x86dd len=86
[18:17:52.097] PACKET_IN dpid=4 in_port=3 00:00:00:00:00:0b -> 33:33:00:00:00:16 eth_type=0x86dd len=110
[18:17:52.099] PACKET_IN dpid=1 in_port=3 00:00:00:00:00:0b -> 33:33:00:00:00:16 eth_type=0x86dd len=110
[18:17:52.100] PACKET_IN dpid=2 in_port=5 00:00:00:00:00:0b -> 33:33:00:00:00:16 eth_type=0x86dd len=110
[18:17:52.100] PACKET_IN dpid=3 in_port=5 00:00:00:00:00:0b -> 33:33:00:00:00:16 eth_type=0x86dd len=110
[18:17:52.100] PACKET_IN dpid=5 in_port=5 00:00:00:00:00:0b -> 33:33:00:00:00:16 eth_type=0x86dd len=110
[18:17:52.101] PACKET_IN dpid=5 in_port=1 00:00:00:00:00:0d -> 33:33:00:00:00:16 eth_type=0x86dd len=110
[18:17:52.103] PACKET_IN dpid=1 in_port=4 00:00:00:00:00:0d -> 33:33:00:00:00:16 eth_type=0x86dd len=110
[18:17:52.104] PACKET_IN dpid=2 in_port=5 00:00:00:00:00:0d -> 33:33:00:00:00:16 eth_type=0x86dd len=110
[18:17:52.104] PACKET_IN dpid=3 in_port=5 00:00:00:00:00:0d -> 33:33:00:00:00:16 eth_type=0x86dd len=110
[18:17:52.104] PACKET_IN dpid=4 in_port=5 00:00:00:00:00:0d -> 33:33:00:00:00:16 eth_type=0x86dd len=110
[18:17:52.162] PACKET_IN dpid=2 in_port=4 00:00:00:00:00:04 -> 33:33:00:00:00:16 eth_type=0x86dd len=110
[18:17:52.162] PACKET_IN dpid=3 in_port=1 00:00:00:00:00:05 -> 33:33:00:00:00:16 eth_type=0x86dd len=110
[18:17:52.163] PACKET_IN dpid=1 in_port=2 00:00:00:00:00:05 -> 33:33:00:00:00:16 eth_type=0x86dd len=110
[18:17:52.163] PACKET_IN dpid=1 in_port=1 00:00:00:00:00:04 -> 33:33:00:00:00:16 eth_type=0x86dd len=110
[18:17:52.164] PACKET_IN dpid=2 in_port=5 00:00:00:00:00:05 -> 33:33:00:00:00:16 eth_type=0x86dd len=110
[18:17:52.164] PACKET_IN dpid=3 in_port=5 00:00:00:00:00:04 -> 33:33:00:00:00:16 eth_type=0x86dd len=110
[18:17:52.164] PACKET_IN dpid=4 in_port=5 00:00:00:00:00:05 -> 33:33:00:00:00:16 eth_type=0x86dd len=110
[18:17:52.164] PACKET_IN dpid=5 in_port=5 00:00:00:00:00:05 -> 33:33:00:00:00:16 eth_type=0x86dd len=110
[18:17:52.164] PACKET_IN dpid=4 in_port=5 00:00:00:00:00:04 -> 33:33:00:00:00:16 eth_type=0x86dd len=110
[18:17:52.164] PACKET_IN dpid=5 in_port=5 00:00:00:00:00:04 -> 33:33:00:00:00:16 eth_type=0x86dd len=110
[18:17:52.226] PACKET_IN dpid=3 in_port=5 1e:9c:b7:0c:f8:11 -> 33:33:00:00:00:16 eth_type=0x86dd len=90
[18:17:52.226] PACKET_IN dpid=3 in_port=5 1e:9c:b7:0c:f8:11 -> 33:33:00:00:00:02 eth_type=0x86dd len=70
[18:17:52.290] PACKET_IN dpid=1 in_port=1 ae:a2:32:8a:68:60 -> 33:33:00:00:00:16 eth_type=0x86dd len=90
[18:17:52.291] PACKET_IN dpid=3 in_port=2 00:00:00:00:00:06 -> 33:33:00:00:00:16 eth_type=0x86dd len=90
[18:17:52.291] PACKET_IN dpid=1 in_port=1 ae:a2:32:8a:68:60 -> 33:33:00:00:00:02 eth_type=0x86dd len=70
[18:17:52.291] PACKET_IN dpid=3 in_port=2 00:00:00:00:00:06 -> 33:33:00:00:00:02 eth_type=0x86dd len=70
[18:17:52.291] PACKET_IN dpid=1 in_port=3 66:4f:38:eb:34:c0 -> 33:33:00:00:00:16 eth_type=0x86dd len=90
[18:17:52.291] PACKET_IN dpid=1 in_port=3 66:4f:38:eb:34:c0 -> 33:33:00:00:00:02 eth_type=0x86dd len=70
[18:17:52.292] PACKET_IN dpid=2 in_port=5 66:4f:38:eb:34:c0 -> 33:33:00:00:00:16 eth_type=0x86dd len=90
[18:17:52.292] PACKET_IN dpid=4 in_port=5 ae:a2:32:8a:68:60 -> 33:33:00:00:00:16 eth_type=0x86dd len=90
[18:17:52.292] PACKET_IN dpid=5 in_port=5 ae:a2:32:8a:68:60 -> 33:33:00:00:00:16 eth_type=0x86dd len=90
[18:17:52.292] PACKET_IN dpid=1 in_port=2 00:00:00:00:00:06 -> 33:33:00:00:00:16 eth_type=0x86dd len=90
[18:17:52.292] PACKET_IN dpid=2 in_port=5 66:4f:38:eb:34:c0 -> 33:33:00:00:00:02 eth_type=0x86dd len=70
[18:17:52.292] PACKET_IN dpid=3 in_port=5 ae:a2:32:8a:68:60 -> 33:33:00:00:00:16 eth_type=0x86dd len=90
[18:17:52.292] PACKET_IN dpid=4 in_port=5 ae:a2:32:8a:68:60 -> 33:33:00:00:00:02 eth_type=0x86dd len=70
[18:17:52.292] PACKET_IN dpid=5 in_port=5 ae:a2:32:8a:68:60 -> 33:33:00:00:00:02 eth_type=0x86dd len=70
[18:17:52.292] PACKET_IN dpid=1 in_port=2 00:00:00:00:00:06 -> 33:33:00:00:00:02 eth_type=0x86dd len=70
[18:17:52.292] PACKET_IN dpid=3 in_port=5 ae:a2:32:8a:68:60 -> 33:33:00:00:00:02 eth_type=0x86dd len=70
[18:17:52.292] PACKET_IN dpid=5 in_port=5 66:4f:38:eb:34:c0 -> 33:33:00:00:00:16 eth_type=0x86dd len=90
[18:17:52.292] PACKET_IN dpid=3 in_port=5 66:4f:38:eb:34:c0 -> 33:33:00:00:00:16 eth_type=0x86dd len=90
[18:17:52.292] PACKET_IN dpid=5 in_port=5 66:4f:38:eb:34:c0 -> 33:33:00:00:00:02 eth_type=0x86dd len=70
[18:17:52.292] PACKET_IN dpid=3 in_port=5 66:4f:38:eb:34:c0 -> 33:33:00:00:00:02 eth_type=0x86dd len=70
[18:17:52.293] PACKET_IN dpid=2 in_port=5 00:00:00:00:00:06 -> 33:33:00:00:00:16 eth_type=0x86dd len=90
[18:17:52.293] PACKET_IN dpid=4 in_port=5 00:00:00:00:00:06 -> 33:33:00:00:00:16 eth_type=0x86dd len=90
[18:17:52.293] PACKET_IN dpid=5 in_port=5 00:00:00:00:00:06 -> 33:33:00:00:00:16 eth_type=0x86dd len=90
[18:17:52.293] PACKET_IN dpid=2 in_port=5 00:00:00:00:00:06 -> 33:33:00:00:00:02 eth_type=0x86dd len=70
[18:17:52.293] PACKET_IN dpid=4 in_port=5 00:00:00:00:00:06 -> 33:33:00:00:00:02 eth_type=0x86dd len=70
[18:17:52.293] PACKET_IN dpid=5 in_port=5 00:00:00:00:00:06 -> 33:33:00:00:00:02 eth_type=0x86dd len=70
[18:17:52.454] PACKET_IN dpid=4 in_port=4 00:00:00:00:00:0c -> 33:33:00:00:00:16 eth_type=0x86dd len=90
[18:17:52.454] PACKET_IN dpid=5 in_port=1 00:00:00:00:00:0d -> 33:33:00:00:00:16 eth_type=0x86dd len=90
[18:17:52.454] PACKET_IN dpid=4 in_port=4 00:00:00:00:00:0c -> 33:33:00:00:00:02 eth_type=0x86dd len=70
[18:17:52.454] PACKET_IN dpid=5 in_port=1 00:00:00:00:00:0d -> 33:33:00:00:00:02 eth_type=0x86dd len=70
[18:17:52.455] PACKET_IN dpid=1 in_port=3 00:00:00:00:00:0c -> 33:33:00:00:00:16 eth_type=0x86dd len=90
[18:17:52.455] PACKET_IN dpid=1 in_port=3 00:00:00:00:00:0c -> 33:33:00:00:00:02 eth_type=0x86dd len=70
[18:17:52.455] PACKET_IN dpid=1 in_port=4 00:00:00:00:00:0d -> 33:33:00:00:00:16 eth_type=0x86dd len=90
[18:17:52.455] PACKET_IN dpid=1 in_port=4 00:00:00:00:00:0d -> 33:33:00:00:00:02 eth_type=0x86dd len=70
[18:17:52.457] PACKET_IN dpid=2 in_port=5 00:00:00:00:00:0c -> 33:33:00:00:00:16 eth_type=0x86dd len=90
[18:17:52.457] PACKET_IN dpid=3 in_port=5 00:00:00:00:00:0c -> 33:33:00:00:00:16 eth_type=0x86dd len=90
[18:17:52.457] PACKET_IN dpid=4 in_port=5 00:00:00:00:00:0d -> 33:33:00:00:00:16 eth_type=0x86dd len=90
[18:17:52.457] PACKET_IN dpid=5 in_port=5 00:00:00:00:00:0c -> 33:33:00:00:00:16 eth_type=0x86dd len=90
[18:17:52.457] PACKET_IN dpid=2 in_port=5 00:00:00:00:00:0c -> 33:33:00:00:00:02 eth_type=0x86dd len=70
[18:17:52.457] PACKET_IN dpid=3 in_port=5 00:00:00:00:00:0c -> 33:33:00:00:00:02 eth_type=0x86dd len=70
[18:17:52.457] PACKET_IN dpid=4 in_port=5 00:00:00:00:00:0d -> 33:33:00:00:00:02 eth_type=0x86dd len=70
[18:17:52.457] PACKET_IN dpid=5 in_port=5 00:00:00:00:00:0c -> 33:33:00:00:00:02 eth_type=0x86dd len=70
[18:17:52.457] PACKET_IN dpid=2 in_port=5 00:00:00:00:00:0d -> 33:33:00:00:00:16 eth_type=0x86dd len=90
[18:17:52.457] PACKET_IN dpid=3 in_port=5 00:00:00:00:00:0d -> 33:33:00:00:00:16 eth_type=0x86dd len=90
[18:17:52.457] PACKET_IN dpid=2 in_port=5 00:00:00:00:00:0d -> 33:33:00:00:00:02 eth_type=0x86dd len=70
[18:17:52.457] PACKET_IN dpid=3 in_port=5 00:00:00:00:00:0d -> 33:33:00:00:00:02 eth_type=0x86dd len=70
[18:17:52.550] PACKET_IN dpid=3 in_port=4 00:00:00:00:00:08 -> 33:33:00:00:00:16 eth_type=0x86dd len=90
[18:17:52.550] PACKET_IN dpid=4 in_port=3 00:00:00:00:00:0b -> 33:33:00:00:00:16 eth_type=0x86dd len=90
[18:17:52.550] PACKET_IN dpid=5 in_port=4 00:00:00:00:00:10 -> 33:33:00:00:00:16 eth_type=0x86dd len=90
[18:17:52.550] PACKET_IN dpid=3 in_port=4 00:00:00:00:00:08 -> 33:33:00:00:00:02 eth_type=0x86dd len=70
[18:17:52.550] PACKET_IN dpid=4 in_port=3 00:00:00:00:00:0b -> 33:33:00:00:00:02 eth_type=0x86dd len=70
[18:17:52.550] PACKET_IN dpid=5 in_port=4 00:00:00:00:00:10 -> 33:33:00:00:00:02 eth_type=0x86dd len=70
[18:17:52.551] PACKET_IN dpid=1 in_port=2 00:00:00:00:00:08 -> 33:33:00:00:00:16 eth_type=0x86dd len=90
[18:17:52.551] PACKET_IN dpid=1 in_port=2 00:00:00:00:00:08 -> 33:33:00:00:00:02 eth_type=0x86dd len=70
[18:17:52.551] PACKET_IN dpid=1 in_port=3 00:00:00:00:00:0b -> 33:33:00:00:00:16 eth_type=0x86dd len=90
[18:17:52.551] PACKET_IN dpid=1 in_port=3 00:00:00:00:00:0b -> 33:33:00:00:00:02 eth_type=0x86dd len=70
[18:17:52.551] PACKET_IN dpid=1 in_port=4 00:00:00:00:00:10 -> 33:33:00:00:00:16 eth_type=0x86dd len=90
[18:17:52.552] PACKET_IN dpid=1 in_port=4 00:00:00:00:00:10 -> 33:33:00:00:00:02 eth_type=0x86dd len=70
[18:17:52.553] PACKET_IN dpid=2 in_port=5 00:00:00:00:00:08 -> 33:33:00:00:00:16 eth_type=0x86dd len=90
[18:17:52.553] PACKET_IN dpid=3 in_port=5 00:00:00:00:00:0b -> 33:33:00:00:00:16 eth_type=0x86dd len=90
[18:17:52.553] PACKET_IN dpid=4 in_port=5 00:00:00:00:00:08 -> 33:33:00:00:00:16 eth_type=0x86dd len=90
[18:17:52.553] PACKET_IN dpid=5 in_port=5 00:00:00:00:00:08 -> 33:33:00:00:00:16 eth_type=0x86dd len=90
[18:17:52.553] PACKET_IN dpid=2 in_port=5 00:00:00:00:00:08 -> 33:33:00:00:00:02 eth_type=0x86dd len=70
[18:17:52.553] PACKET_IN dpid=3 in_port=5 00:00:00:00:00:0b -> 33:33:00:00:00:02 eth_type=0x86dd len=70
[18:17:52.553] PACKET_IN dpid=4 in_port=5 00:00:00:00:00:08 -> 33:33:00:00:00:02 eth_type=0x86dd len=70
[18:17:52.553] PACKET_IN dpid=5 in_port=5 00:00:00:00:00:08 -> 33:33:00:00:00:02 eth_type=0x86dd len=70
[18:17:52.553] PACKET_IN dpid=2 in_port=5 00:00:00:00:00:0b -> 33:33:00:00:00:16 eth_type=0x86dd len=90
[18:17:52.553] PACKET_IN dpid=3 in_port=5 00:00:00:00:00:10 -> 33:33:00:00:00:16 eth_type=0x86dd len=90
[18:17:52.553] PACKET_IN dpid=4 in_port=5 00:00:00:00:00:10 -> 33:33:00:00:00:16 eth_type=0x86dd len=90
[18:17:52.553] PACKET_IN dpid=5 in_port=5 00:00:00:00:00:0b -> 33:33:00:00:00:16 eth_type=0x86dd len=90
[18:17:52.553] PACKET_IN dpid=2 in_port=5 00:00:00:00:00:0b -> 33:33:00:00:00:02 eth_type=0x86dd len=70
[18:17:52.553] PACKET_IN dpid=3 in_port=5 00:00:00:00:00:10 -> 33:33:00:00:00:02 eth_type=0x86dd len=70
[18:17:52.553] PACKET_IN dpid=4 in_port=5 00:00:00:00:00:10 -> 33:33:00:00:00:02 eth_type=0x86dd len=70
[18:17:52.553] PACKET_IN dpid=5 in_port=5 00:00:00:00:00:0b -> 33:33:00:00:00:02 eth_type=0x86dd len=70
[18:17:52.553] PACKET_IN dpid=2 in_port=5 00:00:00:00:00:10 -> 33:33:00:00:00:16 eth_type=0x86dd len=90
[18:17:52.553] PACKET_IN dpid=2 in_port=5 00:00:00:00:00:10 -> 33:33:00:00:00:02 eth_type=0x86dd len=70
[18:17:52.578] PACKET_IN dpid=2 in_port=2 00:00:00:00:00:02 -> 33:33:00:00:00:16 eth_type=0x86dd len=90
[18:17:52.578] PACKET_IN dpid=2 in_port=2 00:00:00:00:00:02 -> 33:33:00:00:00:02 eth_type=0x86dd len=70
[18:17:52.579] PACKET_IN dpid=1 in_port=1 00:00:00:00:00:02 -> 33:33:00:00:00:16 eth_type=0x86dd len=90
[18:17:52.579] PACKET_IN dpid=3 in_port=5 1e:9c:b7:0c:f8:11 -> 33:33:00:00:00:16 eth_type=0x86dd len=90
[18:17:52.579] PACKET_IN dpid=1 in_port=1 00:00:00:00:00:02 -> 33:33:00:00:00:02 eth_type=0x86dd len=70
[18:17:52.581] PACKET_IN dpid=3 in_port=5 00:00:00:00:00:02 -> 33:33:00:00:00:16 eth_type=0x86dd len=90
[18:17:52.581] PACKET_IN dpid=4 in_port=5 00:00:00:00:00:02 -> 33:33:00:00:00:16 eth_type=0x86dd len=90
[18:17:52.581] PACKET_IN dpid=5 in_port=5 00:00:00:00:00:02 -> 33:33:00:00:00:16 eth_type=0x86dd len=90
[18:17:52.581] PACKET_IN dpid=3 in_port=5 00:00:00:00:00:02 -> 33:33:00:00:00:02 eth_type=0x86dd len=70
[18:17:52.581] PACKET_IN dpid=4 in_port=5 00:00:00:00:00:02 -> 33:33:00:00:00:02 eth_type=0x86dd len=70
[18:17:52.581] PACKET_IN dpid=5 in_port=5 00:00:00:00:00:02 -> 33:33:00:00:00:02 eth_type=0x86dd len=70
[18:17:52.582] PACKET_IN dpid=3 in_port=4 00:00:00:00:00:08 -> 33:33:00:00:00:16 eth_type=0x86dd len=90
[18:17:52.583] PACKET_IN dpid=1 in_port=2 00:00:00:00:00:08 -> 33:33:00:00:00:16 eth_type=0x86dd len=90
[18:17:52.585] PACKET_IN dpid=2 in_port=5 00:00:00:00:00:08 -> 33:33:00:00:00:16 eth_type=0x86dd len=90
[18:17:52.585] PACKET_IN dpid=4 in_port=5 00:00:00:00:00:08 -> 33:33:00:00:00:16 eth_type=0x86dd len=90
[18:17:52.585] PACKET_IN dpid=5 in_port=5 00:00:00:00:00:08 -> 33:33:00:00:00:16 eth_type=0x86dd len=90
[18:17:52.643] PACKET_IN dpid=1 in_port=3 66:4f:38:eb:34:c0 -> 33:33:00:00:00:16 eth_type=0x86dd len=90
[18:17:52.643] PACKET_IN dpid=2 in_port=4 00:00:00:00:00:04 -> 33:33:00:00:00:16 eth_type=0x86dd len=90
[18:17:52.643] PACKET_IN dpid=3 in_port=2 00:00:00:00:00:06 -> 33:33:00:00:00:16 eth_type=0x86dd len=90
[18:17:52.643] PACKET_IN dpid=4 in_port=1 00:00:00:00:00:09 -> 33:33:00:00:00:16 eth_type=0x86dd len=90
[18:17:52.643] PACKET_IN dpid=2 in_port=4 00:00:00:00:00:04 -> 33:33:00:00:00:02 eth_type=0x86dd len=70
[18:17:52.643] PACKET_IN dpid=3 in_port=3 00:00:00:00:00:07 -> 33:33:00:00:00:16 eth_type=0x86dd len=90
[18:17:52.643] PACKET_IN dpid=4 in_port=1 00:00:00:00:00:09 -> 33:33:00:00:00:02 eth_type=0x86dd len=70
[18:17:52.643] PACKET_IN dpid=3 in_port=3 00:00:00:00:00:07 -> 33:33:00:00:00:02 eth_type=0x86dd len=70
[18:17:52.644] PACKET_IN dpid=1 in_port=2 00:00:00:00:00:06 -> 33:33:00:00:00:16 eth_type=0x86dd len=90
[18:17:52.644] PACKET_IN dpid=2 in_port=5 66:4f:38:eb:34:c0 -> 33:33:00:00:00:16 eth_type=0x86dd len=90
[18:17:52.644] PACKET_IN dpid=3 in_port=5 66:4f:38:eb:34:c0 -> 33:33:00:00:00:16 eth_type=0x86dd len=90
[18:17:52.644] PACKET_IN dpid=5 in_port=5 66:4f:38:eb:34:c0 -> 33:33:00:00:00:16 eth_type=0x86dd len=90
[18:17:52.644] PACKET_IN dpid=1 in_port=2 00:00:00:00:00:07 -> 33:33:00:00:00:16 eth_type=0x86dd len=90
[18:17:52.644] PACKET_IN dpid=1 in_port=2 00:00:00:00:00:07 -> 33:33:00:00:00:02 eth_type=0x86dd len=70
[18:17:52.644] PACKET_IN dpid=1 in_port=3 00:00:00:00:00:09 -> 33:33:00:00:00:16 eth_type=0x86dd len=90
[18:17:52.644] PACKET_IN dpid=1 in_port=3 00:00:00:00:00:09 -> 33:33:00:00:00:02 eth_type=0x86dd len=70
[18:17:52.644] PACKET_IN dpid=1 in_port=1 00:00:00:00:00:04 -> 33:33:00:00:00:16 eth_type=0x86dd len=90
[18:17:52.644] PACKET_IN dpid=1 in_port=1 00:00:00:00:00:04 -> 33:33:00:00:00:02 eth_type=0x86dd len=70
[18:17:52.645] PACKET_IN dpid=2 in_port=5 00:00:00:00:00:06 -> 33:33:00:00:00:16 eth_type=0x86dd len=90
[18:17:52.646] PACKET_IN dpid=3 in_port=5 00:00:00:00:00:09 -> 33:33:00:00:00:16 eth_type=0x86dd len=90
[18:17:52.646] PACKET_IN dpid=4 in_port=5 00:00:00:00:00:06 -> 33:33:00:00:00:16 eth_type=0x86dd len=90
[18:17:52.646] PACKET_IN dpid=5 in_port=5 00:00:00:00:00:06 -> 33:33:00:00:00:16 eth_type=0x86dd len=90
[18:17:52.646] PACKET_IN dpid=2 in_port=5 00:00:00:00:00:07 -> 33:33:00:00:00:16 eth_type=0x86dd len=90
[18:17:52.646] PACKET_IN dpid=3 in_port=5 00:00:00:00:00:09 -> 33:33:00:00:00:02 eth_type=0x86dd len=70
[18:17:52.646] PACKET_IN dpid=4 in_port=5 00:00:00:00:00:07 -> 33:33:00:00:00:16 eth_type=0x86dd len=90
[18:17:52.646] PACKET_IN dpid=5 in_port=5 00:00:00:00:00:07 -> 33:33:00:00:00:16 eth_type=0x86dd len=90
[18:17:52.646] PACKET_IN dpid=2 in_port=5 00:00:00:00:00:07 -> 33:33:00:00:00:02 eth_type=0x86dd len=70
[18:17:52.646] PACKET_IN dpid=3 in_port=5 00:00:00:00:00:04 -> 33:33:00:00:00:16 eth_type=0x86dd len=90
[18:17:52.646] PACKET_IN dpid=4 in_port=5 00:00:00:00:00:07 -> 33:33:00:00:00:02 eth_type=0x86dd len=70
[18:17:52.646] PACKET_IN dpid=5 in_port=5 00:00:00:00:00:07 -> 33:33:00:00:00:02 eth_type=0x86dd len=70
[18:17:52.646] PACKET_IN dpid=2 in_port=5 00:00:00:00:00:09 -> 33:33:00:00:00:16 eth_type=0x86dd len=90
[18:17:52.646] PACKET_IN dpid=3 in_port=5 00:00:00:00:00:04 -> 33:33:00:00:00:02 eth_type=0x86dd len=70
[18:17:52.646] PACKET_IN dpid=4 in_port=5 00:00:00:00:00:04 -> 33:33:00:00:00:16 eth_type=0x86dd len=90
[18:17:52.646] PACKET_IN dpid=5 in_port=5 00:00:00:00:00:09 -> 33:33:00:00:00:16 eth_type=0x86dd len=90
[18:17:52.646] PACKET_IN dpid=2 in_port=5 00:00:00:00:00:09 -> 33:33:00:00:00:02 eth_type=0x86dd len=70
[18:17:52.646] PACKET_IN dpid=4 in_port=5 00:00:00:00:00:04 -> 33:33:00:00:00:02 eth_type=0x86dd len=70
[18:17:52.646] PACKET_IN dpid=5 in_port=5 00:00:00:00:00:09 -> 33:33:00:00:00:02 eth_type=0x86dd len=70
[18:17:52.646] PACKET_IN dpid=5 in_port=5 00:00:00:00:00:04 -> 33:33:00:00:00:16 eth_type=0x86dd len=90
[18:17:52.646] PACKET_IN dpid=5 in_port=5 00:00:00:00:00:04 -> 33:33:00:00:00:02 eth_type=0x86dd len=70
[18:17:52.674] PACKET_IN dpid=5 in_port=5 ce:32:70:75:eb:99 -> 33:33:00:00:00:16 eth_type=0x86dd len=90
[18:17:52.674] PACKET_IN dpid=5 in_port=5 ce:32:70:75:eb:99 -> 33:33:00:00:00:02 eth_type=0x86dd len=70
[18:17:52.706] PACKET_IN dpid=4 in_port=5 3e:81:d6:2c:f6:9a -> 33:33:00:00:00:16 eth_type=0x86dd len=90
[18:17:52.707] PACKET_IN dpid=5 in_port=2 00:00:00:00:00:0e -> 33:33:00:00:00:16 eth_type=0x86dd len=90
[18:17:52.707] PACKET_IN dpid=2 in_port=3 00:00:00:00:00:03 -> 33:33:00:00:00:16 eth_type=0x86dd len=90
[18:17:52.707] PACKET_IN dpid=4 in_port=5 3e:81:d6:2c:f6:9a -> 33:33:00:00:00:02 eth_type=0x86dd len=70
[18:17:52.707] PACKET_IN dpid=5 in_port=2 00:00:00:00:00:0e -> 33:33:00:00:00:02 eth_type=0x86dd len=70
[18:17:52.707] PACKET_IN dpid=2 in_port=3 00:00:00:00:00:03 -> 33:33:00:00:00:02 eth_type=0x86dd len=70
[18:17:52.708] PACKET_IN dpid=1 in_port=4 00:00:00:00:00:0e -> 33:33:00:00:00:16 eth_type=0x86dd len=90
[18:17:52.708] PACKET_IN dpid=1 in_port=4 00:00:00:00:00:0e -> 33:33:00:00:00:02 eth_type=0x86dd len=70
[18:17:52.708] PACKET_IN dpid=1 in_port=1 00:00:00:00:00:03 -> 33:33:00:00:00:16 eth_type=0x86dd len=90
[18:17:52.708] PACKET_IN dpid=1 in_port=1 00:00:00:00:00:03 -> 33:33:00:00:00:02 eth_type=0x86dd len=70
[18:17:52.709] PACKET_IN dpid=2 in_port=5 00:00:00:00:00:0e -> 33:33:00:00:00:16 eth_type=0x86dd len=90
[18:17:52.709] PACKET_IN dpid=3 in_port=5 00:00:00:00:00:0e -> 33:33:00:00:00:16 eth_type=0x86dd len=90
[18:17:52.709] PACKET_IN dpid=4 in_port=5 00:00:00:00:00:0e -> 33:33:00:00:00:16 eth_type=0x86dd len=90
[18:17:52.709] PACKET_IN dpid=5 in_port=5 00:00:00:00:00:03 -> 33:33:00:00:00:16 eth_type=0x86dd len=90
[18:17:52.709] PACKET_IN dpid=2 in_port=5 00:00:00:00:00:0e -> 33:33:00:00:00:02 eth_type=0x86dd len=70
[18:17:52.709] PACKET_IN dpid=3 in_port=5 00:00:00:00:00:0e -> 33:33:00:00:00:02 eth_type=0x86dd len=70
[18:17:52.709] PACKET_IN dpid=4 in_port=5 00:00:00:00:00:0e -> 33:33:00:00:00:02 eth_type=0x86dd len=70
[18:17:52.709] PACKET_IN dpid=5 in_port=5 00:00:00:00:00:03 -> 33:33:00:00:00:02 eth_type=0x86dd len=70
[18:17:52.709] PACKET_IN dpid=3 in_port=5 00:00:00:00:00:03 -> 33:33:00:00:00:16 eth_type=0x86dd len=90
[18:17:52.709] PACKET_IN dpid=4 in_port=5 00:00:00:00:00:03 -> 33:33:00:00:00:16 eth_type=0x86dd len=90
[18:17:52.709] PACKET_IN dpid=3 in_port=5 00:00:00:00:00:03 -> 33:33:00:00:00:02 eth_type=0x86dd len=70
[18:17:52.709] PACKET_IN dpid=4 in_port=5 00:00:00:00:00:03 -> 33:33:00:00:00:02 eth_type=0x86dd len=70
[18:17:52.739] PACKET_IN dpid=2 in_port=1 00:00:00:00:00:01 -> 33:33:00:00:00:16 eth_type=0x86dd len=90
[18:17:52.739] PACKET_IN dpid=2 in_port=1 00:00:00:00:00:01 -> 33:33:00:00:00:02 eth_type=0x86dd len=70
[18:17:52.741] PACKET_IN dpid=1 in_port=1 00:00:00:00:00:01 -> 33:33:00:00:00:16 eth_type=0x86dd len=90
[18:17:52.741] PACKET_IN dpid=1 in_port=1 00:00:00:00:00:01 -> 33:33:00:00:00:02 eth_type=0x86dd len=70
[18:17:52.742] PACKET_IN dpid=3 in_port=5 00:00:00:00:00:01 -> 33:33:00:00:00:16 eth_type=0x86dd len=90
[18:17:52.742] PACKET_IN dpid=4 in_port=5 00:00:00:00:00:01 -> 33:33:00:00:00:16 eth_type=0x86dd len=90
[18:17:52.742] PACKET_IN dpid=5 in_port=5 00:00:00:00:00:01 -> 33:33:00:00:00:16 eth_type=0x86dd len=90
[18:17:52.742] PACKET_IN dpid=3 in_port=5 00:00:00:00:00:01 -> 33:33:00:00:00:02 eth_type=0x86dd len=70
[18:17:52.742] PACKET_IN dpid=4 in_port=5 00:00:00:00:00:01 -> 33:33:00:00:00:02 eth_type=0x86dd len=70
[18:17:52.742] PACKET_IN dpid=5 in_port=5 00:00:00:00:00:01 -> 33:33:00:00:00:02 eth_type=0x86dd len=70
[18:17:52.757] [STATS] switches=5 packet_in/s=233 msgs/s=233
[18:17:52.772] PACKET_IN dpid=1 in_port=2 2e:09:41:42:c6:96 -> 33:33:00:00:00:16 eth_type=0x86dd len=90
[18:17:52.772] PACKET_IN dpid=1 in_port=2 2e:09:41:42:c6:96 -> 33:33:00:00:00:02 eth_type=0x86dd len=70
[18:17:52.772] PACKET_IN dpid=1 in_port=4 66:03:62:35:8a:2d -> 33:33:00:00:00:16 eth_type=0x86dd len=90
[18:17:52.772] PACKET_IN dpid=1 in_port=4 66:03:62:35:8a:2d -> 33:33:00:00:00:02 eth_type=0x86dd len=70
[18:17:52.773] PACKET_IN dpid=2 in_port=5 2e:09:41:42:c6:96 -> 33:33:00:00:00:16 eth_type=0x86dd len=90
[18:17:52.773] PACKET_IN dpid=3 in_port=5 66:03:62:35:8a:2d -> 33:33:00:00:00:16 eth_type=0x86dd len=90
[18:17:52.773] PACKET_IN dpid=4 in_port=5 2e:09:41:42:c6:96 -> 33:33:00:00:00:16 eth_type=0x86dd len=90
[18:17:52.773] PACKET_IN dpid=5 in_port=5 2e:09:41:42:c6:96 -> 33:33:00:00:00:16 eth_type=0x86dd len=90
[18:17:52.773] PACKET_IN dpid=2 in_port=5 2e:09:41:42:c6:96 -> 33:33:00:00:00:02 eth_type=0x86dd len=70
[18:17:52.773] PACKET_IN dpid=3 in_port=5 66:03:62:35:8a:2d -> 33:33:00:00:00:02 eth_type=0x86dd len=70
[18:17:52.773] PACKET_IN dpid=4 in_port=5 2e:09:41:42:c6:96 -> 33:33:00:00:00:02 eth_type=0x86dd len=70
[18:17:52.773] PACKET_IN dpid=5 in_port=5 2e:09:41:42:c6:96 -> 33:33:00:00:00:02 eth_type=0x86dd len=70
[18:17:52.773] PACKET_IN dpid=2 in_port=5 66:03:62:35:8a:2d -> 33:33:00:00:00:16 eth_type=0x86dd len=90
[18:17:52.773] PACKET_IN dpid=4 in_port=5 66:03:62:35:8a:2d -> 33:33:00:00:00:16 eth_type=0x86dd len=90
[18:17:52.773] PACKET_IN dpid=2 in_port=5 66:03:62:35:8a:2d -> 33:33:00:00:00:02 eth_type=0x86dd len=70
[18:17:52.773] PACKET_IN dpid=4 in_port=5 66:03:62:35:8a:2d -> 33:33:00:00:00:02 eth_type=0x86dd len=70
[18:17:52.806] PACKET_IN dpid=5 in_port=2 00:00:00:00:00:0e -> 33:33:00:00:00:16 eth_type=0x86dd len=90
[18:17:52.808] PACKET_IN dpid=1 in_port=4 00:00:00:00:00:0e -> 33:33:00:00:00:16 eth_type=0x86dd len=90
[18:17:52.809] PACKET_IN dpid=2 in_port=5 00:00:00:00:00:0e -> 33:33:00:00:00:16 eth_type=0x86dd len=90
[18:17:52.809] PACKET_IN dpid=3 in_port=5 00:00:00:00:00:0e -> 33:33:00:00:00:16 eth_type=0x86dd len=90
[18:17:52.809] PACKET_IN dpid=4 in_port=5 00:00:00:00:00:0e -> 33:33:00:00:00:16 eth_type=0x86dd len=90
[18:17:52.839] PACKET_IN dpid=2 in_port=5 0e:4b:1c:be:ab:a3 -> 33:33:00:00:00:16 eth_type=0x86dd len=90
[18:17:52.839] PACKET_IN dpid=2 in_port=5 0e:4b:1c:be:ab:a3 -> 33:33:00:00:00:02 eth_type=0x86dd len=70
[18:17:52.867] PACKET_IN dpid=4 in_port=3 00:00:00:00:00:0b -> 33:33:00:00:00:16 eth_type=0x86dd len=90
[18:17:52.868] PACKET_IN dpid=1 in_port=3 00:00:00:00:00:0b -> 33:33:00:00:00:16 eth_type=0x86dd len=90
[18:17:52.869] PACKET_IN dpid=2 in_port=5 00:00:00:00:00:0b -> 33:33:00:00:00:16 eth_type=0x86dd len=90
[18:17:52.869] PACKET_IN dpid=3 in_port=5 00:00:00:00:00:0b -> 33:33:00:00:00:16 eth_type=0x86dd len=90
[18:17:52.869] PACKET_IN dpid=5 in_port=5 00:00:00:00:00:0b -> 33:33:00:00:00:16 eth_type=0x86dd len=90
[18:17:52.930] PACKET_IN dpid=5 in_port=4 00:00:00:00:00:10 -> 33:33:00:00:00:16 eth_type=0x86dd len=90
[18:17:52.930] PACKET_IN dpid=5 in_port=1 00:00:00:00:00:0d -> 33:33:00:00:00:16 eth_type=0x86dd len=90
[18:17:52.931] PACKET_IN dpid=1 in_port=4 00:00:00:00:00:10 -> 33:33:00:00:00:16 eth_type=0x86dd len=90
[18:17:52.931] PACKET_IN dpid=1 in_port=4 00:00:00:00:00:0d -> 33:33:00:00:00:16 eth_type=0x86dd len=90
[18:17:52.933] PACKET_IN dpid=2 in_port=5 00:00:00:00:00:10 -> 33:33:00:00:00:16 eth_type=0x86dd len=90
[18:17:52.933] PACKET_IN dpid=3 in_port=5 00:00:00:00:00:10 -> 33:33:00:00:00:16 eth_type=0x86dd len=90
[18:17:52.933] PACKET_IN dpid=4 in_port=5 00:00:00:00:00:10 -> 33:33:00:00:00:16 eth_type=0x86dd len=90
[18:17:52.933] PACKET_IN dpid=2 in_port=5 00:00:00:00:00:0d -> 33:33:00:00:00:16 eth_type=0x86dd len=90
[18:17:52.933] PACKET_IN dpid=3 in_port=5 00:00:00:00:00:0d -> 33:33:00:00:00:16 eth_type=0x86dd len=90
[18:17:52.933] PACKET_IN dpid=4 in_port=5 00:00:00:00:00:0d -> 33:33:00:00:00:16 eth_type=0x86dd len=90
[18:17:52.962] PACKET_IN dpid=4 in_port=2 00:00:00:00:00:0a -> 33:33:00:00:00:16 eth_type=0x86dd len=90
[18:17:52.962] PACKET_IN dpid=5 in_port=5 ce:32:70:75:eb:99 -> 33:33:00:00:00:16 eth_type=0x86dd len=90
[18:17:52.962] PACKET_IN dpid=4 in_port=2 00:00:00:00:00:0a -> 33:33:00:00:00:02 eth_type=0x86dd len=70
[18:17:52.962] PACKET_IN dpid=5 in_port=3 00:00:00:00:00:0f -> 33:33:00:00:00:16 eth_type=0x86dd len=90
[18:17:52.962] PACKET_IN dpid=5 in_port=3 00:00:00:00:00:0f -> 33:33:00:00:00:02 eth_type=0x86dd len=70
[18:17:52.964] PACKET_IN dpid=1 in_port=3 00:00:00:00:00:0a -> 33:33:00:00:00:16 eth_type=0x86dd len=90
[18:17:52.964] PACKET_IN dpid=1 in_port=3 00:00:00:00:00:0a -> 33:33:00:00:00:02 eth_type=0x86dd len=70
[18:17:52.964] PACKET_IN dpid=1 in_port=4 00:00:00:00:00:0f -> 33:33:00:00:00:16 eth_type=0x86dd len=90
[18:17:52.964] PACKET_IN dpid=1 in_port=4 00:00:00:00:00:0f -> 33:33:00:00:00:02 eth_type=0x86dd len=70
[18:17:52.965] PACKET_IN dpid=2 in_port=5 00:00:00:00:00:0a -> 33:33:00:00:00:16 eth_type=0x86dd len=90
[18:17:52.965] PACKET_IN dpid=3 in_port=5 00:00:00:00:00:0a -> 33:33:00:00:00:16 eth_type=0x86dd len=90
[18:17:52.965] PACKET_IN dpid=4 in_port=5 00:00:00:00:00:0f -> 33:33:00:00:00:16 eth_type=0x86dd len=90
[18:17:52.965] PACKET_IN dpid=5 in_port=5 00:00:00:00:00:0a -> 33:33:00:00:00:16 eth_type=0x86dd len=90
[18:17:52.965] PACKET_IN dpid=2 in_port=5 00:00:00:00:00:0a -> 33:33:00:00:00:02 eth_type=0x86dd len=70
[18:17:52.965] PACKET_IN dpid=3 in_port=5 00:00:00:00:00:0a -> 33:33:00:00:00:02 eth_type=0x86dd len=70
[18:17:52.965] PACKET_IN dpid=4 in_port=5 00:00:00:00:00:0f -> 33:33:00:00:00:02 eth_type=0x86dd len=70
[18:17:52.965] PACKET_IN dpid=5 in_port=5 00:00:00:00:00:0a -> 33:33:00:00:00:02 eth_type=0x86dd len=70
[18:17:52.965] PACKET_IN dpid=2 in_port=5 00:00:00:00:00:0f -> 33:33:00:00:00:16 eth_type=0x86dd len=90
[18:17:52.965] PACKET_IN dpid=3 in_port=5 00:00:00:00:00:0f -> 33:33:00:00:00:16 eth_type=0x86dd len=90
[18:17:52.965] PACKET_IN dpid=2 in_port=5 00:00:00:00:00:0f -> 33:33:00:00:00:02 eth_type=0x86dd len=70
[18:17:52.965] PACKET_IN dpid=3 in_port=5 00:00:00:00:00:0f -> 33:33:00:00:00:02 eth_type=0x86dd len=70
[18:17:52.994] PACKET_IN dpid=1 in_port=1 ae:a2:32:8a:68:60 -> 33:33:00:00:00:16 eth_type=0x86dd len=90
[18:17:52.994] PACKET_IN dpid=4 in_port=4 00:00:00:00:00:0c -> 33:33:00:00:00:16 eth_type=0x86dd len=90
[18:17:52.996] PACKET_IN dpid=1 in_port=3 00:00:00:00:00:0c -> 33:33:00:00:00:16 eth_type=0x86dd len=90
[18:17:52.996] PACKET_IN dpid=3 in_port=5 ae:a2:32:8a:68:60 -> 33:33:00:00:00:16 eth_type=0x86dd len=90
[18:17:52.996] PACKET_IN dpid=4 in_port=5 ae:a2:32:8a:68:60 -> 33:33:00:00:00:16 eth_type=0x86dd len=90
[18:17:52.996] PACKET_IN dpid=5 in_port=5 ae:a2:32:8a:68:60 -> 33:33:00:00:00:16 eth_type=0x86dd len=90
[18:17:52.997] PACKET_IN dpid=2 in_port=5 00:00:00:00:00:0c -> 33:33:00:00:00:16 eth_type=0x86dd len=90
[18:17:52.997] PACKET_IN dpid=3 in_port=5 00:00:00:00:00:0c -> 33:33:00:00:00:16 eth_type=0x86dd len=90
[18:17:52.997] PACKET_IN dpid=5 in_port=5 00:00:00:00:00:0c -> 33:33:00:00:00:16 eth_type=0x86dd len=90
[18:17:53.089] PACKET_IN dpid=3 in_port=1 00:00:00:00:00:05 -> 33:33:00:00:00:16 eth_type=0x86dd len=90
[18:17:53.089] PACKET_IN dpid=3 in_port=1 00:00:00:00:00:05 -> 33:33:00:00:00:02 eth_type=0x86dd len=70
[18:17:53.091] PACKET_IN dpid=1 in_port=2 00:00:00:00:00:05 -> 33:33:00:00:00:16 eth_type=0x86dd len=90
[18:17:53.091] PACKET_IN dpid=1 in_port=2 00:00:00:00:00:05 -> 33:33:00:00:00:02 eth_type=0x86dd len=70
[18:17:53.093] PACKET_IN dpid=2 in_port=5 00:00:00:00:00:05 -> 33:33:00:00:00:16 eth_type=0x86dd len=90
[18:17:53.093] PACKET_IN dpid=4 in_port=5 00:00:00:00:00:05 -> 33:33:00:00:00:16 eth_type=0x86dd len=90
[18:17:53.093] PACKET_IN dpid=5 in_port=5 00:00:00:00:00:05 -> 33:33:00:00:00:16 eth_type=0x86dd len=90
[18:17:53.093] PACKET_IN dpid=2 in_port=5 00:00:00:00:00:05 -> 33:33:00:00:00:02 eth_type=0x86dd len=70
[18:17:53.093] PACKET_IN dpid=4 in_port=5 00:00:00:00:00:05 -> 33:33:00:00:00:02 eth_type=0x86dd len=70
[18:17:53.093] PACKET_IN dpid=5 in_port=5 00:00:00:00:00:05 -> 33:33:00:00:00:02 eth_type=0x86dd len=70
[18:17:53.121] PACKET_IN dpid=2 in_port=4 00:00:00:00:00:04 -> 33:33:00:00:00:16 eth_type=0x86dd len=90
[18:17:53.123] PACKET_IN dpid=1 in_port=1 00:00:00:00:00:04 -> 33:33:00:00:00:16 eth_type=0x86dd len=90
[18:17:53.125] PACKET_IN dpid=3 in_port=5 00:00:00:00:00:04 -> 33:33:00:00:00:16 eth_type=0x86dd len=90
[18:17:53.125] PACKET_IN dpid=4 in_port=5 00:00:00:00:00:04 -> 33:33:00:00:00:16 eth_type=0x86dd len=90
[18:17:53.125] PACKET_IN dpid=5 in_port=5 00:00:00:00:00:04 -> 33:33:00:00:00:16 eth_type=0x86dd len=90
[18:17:53.154] PACKET_IN dpid=2 in_port=2 00:00:00:00:00:02 -> 33:33:00:00:00:16 eth_type=0x86dd len=90
[18:17:53.155] PACKET_IN dpid=1 in_port=1 00:00:00:00:00:02 -> 33:33:00:00:00:16 eth_type=0x86dd len=90
[18:17:53.156] PACKET_IN dpid=3 in_port=5 00:00:00:00:00:02 -> 33:33:00:00:00:16 eth_type=0x86dd len=90
[18:17:53.157] PACKET_IN dpid=4 in_port=5 00:00:00:00:00:02 -> 33:33:00:00:00:16 eth_type=0x86dd len=90
[18:17:53.157] PACKET_IN dpid=5 in_port=5 00:00:00:00:00:02 -> 33:33:00:00:00:16 eth_type=0x86dd len=90
[18:17:53.158] PACKET_IN dpid=4 in_port=2 00:00:00:00:00:0a -> 33:33:00:00:00:16 eth_type=0x86dd len=90
[18:17:53.159] PACKET_IN dpid=1 in_port=3 00:00:00:00:00:0a -> 33:33:00:00:00:16 eth_type=0x86dd len=90
[18:17:53.160] PACKET_IN dpid=2 in_port=5 00:00:00:00:00:0a -> 33:33:00:00:00:16 eth_type=0x86dd len=90
[18:17:53.160] PACKET_IN dpid=3 in_port=5 00:00:00:00:00:0a -> 33:33:00:00:00:16 eth_type=0x86dd len=90
[18:17:53.161] PACKET_IN dpid=5 in_port=5 00:00:00:00:00:0a -> 33:33:00:00:00:16 eth_type=0x86dd len=90
[18:17:53.165] PACKET_IN dpid=5 in_port=3 00:00:00:00:00:0f -> 33:33:00:00:00:16 eth_type=0x86dd len=90
[18:17:53.167] PACKET_IN dpid=1 in_port=4 00:00:00:00:00:0f -> 33:33:00:00:00:16 eth_type=0x86dd len=90
[18:17:53.168] PACKET_IN dpid=2 in_port=5 00:00:00:00:00:0f -> 33:33:00:00:00:16 eth_type=0x86dd len=90
[18:17:53.168] PACKET_IN dpid=3 in_port=5 00:00:00:00:00:0f -> 33:33:00:00:00:16 eth_type=0x86dd len=90
[18:17:53.168] PACKET_IN dpid=4 in_port=5 00:00:00:00:00:0f -> 33:33:00:00:00:16 eth_type=0x86dd len=90
[18:17:53.222] PACKET_IN dpid=1 in_port=2 2e:09:41:42:c6:96 -> 33:33:00:00:00:16 eth_type=0x86dd len=90
[18:17:53.222] PACKET_IN dpid=2 in_port=3 00:00:00:00:00:03 -> 33:33:00:00:00:16 eth_type=0x86dd len=90
[18:17:53.223] PACKET_IN dpid=1 in_port=1 00:00:00:00:00:03 -> 33:33:00:00:00:16 eth_type=0x86dd len=90
[18:17:53.223] PACKET_IN dpid=2 in_port=5 2e:09:41:42:c6:96 -> 33:33:00:00:00:16 eth_type=0x86dd len=90
[18:17:53.223] PACKET_IN dpid=4 in_port=5 2e:09:41:42:c6:96 -> 33:33:00:00:00:16 eth_type=0x86dd len=90
[18:17:53.223] PACKET_IN dpid=5 in_port=5 2e:09:41:42:c6:96 -> 33:33:00:00:00:16 eth_type=0x86dd len=90
[18:17:53.224] PACKET_IN dpid=3 in_port=5 00:00:00:00:00:03 -> 33:33:00:00:00:16 eth_type=0x86dd len=90
[18:17:53.224] PACKET_IN dpid=4 in_port=5 00:00:00:00:00:03 -> 33:33:00:00:00:16 eth_type=0x86dd len=90
[18:17:53.224] PACKET_IN dpid=5 in_port=5 00:00:00:00:00:03 -> 33:33:00:00:00:16 eth_type=0x86dd len=90
[18:17:53.254] PACKET_IN dpid=4 in_port=1 00:00:00:00:00:09 -> 33:33:00:00:00:16 eth_type=0x86dd len=90
[18:17:53.255] PACKET_IN dpid=1 in_port=3 00:00:00:00:00:09 -> 33:33:00:00:00:16 eth_type=0x86dd len=90
[18:17:53.257] PACKET_IN dpid=2 in_port=5 00:00:00:00:00:09 -> 33:33:00:00:00:16 eth_type=0x86dd len=90
[18:17:53.257] PACKET_IN dpid=3 in_port=5 00:00:00:00:00:09 -> 33:33:00:00:00:16 eth_type=0x86dd len=90
[18:17:53.257] PACKET_IN dpid=5 in_port=5 00:00:00:00:00:09 -> 33:33:00:00:00:16 eth_type=0x86dd len=90
[18:17:53.382] PACKET_IN dpid=2 in_port=5 0e:4b:1c:be:ab:a3 -> 33:33:00:00:00:16 eth_type=0x86dd len=90
[18:17:53.413] PACKET_IN dpid=1 in_port=4 66:03:62:35:8a:2d -> 33:33:00:00:00:16 eth_type=0x86dd len=90
[18:17:53.415] PACKET_IN dpid=2 in_port=5 66:03:62:35:8a:2d -> 33:33:00:00:00:16 eth_type=0x86dd len=90
[18:17:53.415] PACKET_IN dpid=3 in_port=5 66:03:62:35:8a:2d -> 33:33:00:00:00:16 eth_type=0x86dd len=90
[18:17:53.415] PACKET_IN dpid=4 in_port=5 66:03:62:35:8a:2d -> 33:33:00:00:00:16 eth_type=0x86dd len=90
[18:17:53.510] PACKET_IN dpid=4 in_port=5 3e:81:d6:2c:f6:9a -> 33:33:00:00:00:16 eth_type=0x86dd len=90
[18:17:53.538] PACKET_IN dpid=3 in_port=3 00:00:00:00:00:07 -> 33:33:00:00:00:16 eth_type=0x86dd len=90
[18:17:53.539] PACKET_IN dpid=1 in_port=2 00:00:00:00:00:07 -> 33:33:00:00:00:16 eth_type=0x86dd len=90
[18:17:53.541] PACKET_IN dpid=2 in_port=5 00:00:00:00:00:07 -> 33:33:00:00:00:16 eth_type=0x86dd len=90
[18:17:53.541] PACKET_IN dpid=4 in_port=5 00:00:00:00:00:07 -> 33:33:00:00:00:16 eth_type=0x86dd len=90
[18:17:53.541] PACKET_IN dpid=5 in_port=5 00:00:00:00:00:07 -> 33:33:00:00:00:16 eth_type=0x86dd len=90
[18:17:53.606] PACKET_IN dpid=2 in_port=1 00:00:00:00:00:01 -> 33:33:00:00:00:16 eth_type=0x86dd len=90
[18:17:53.607] PACKET_IN dpid=1 in_port=1 00:00:00:00:00:01 -> 33:33:00:00:00:16 eth_type=0x86dd len=90
[18:17:53.608] PACKET_IN dpid=3 in_port=5 00:00:00:00:00:01 -> 33:33:00:00:00:16 eth_type=0x86dd len=90
[18:17:53.608] PACKET_IN dpid=4 in_port=5 00:00:00:00:00:01 -> 33:33:00:00:00:16 eth_type=0x86dd len=90
[18:17:53.608] PACKET_IN dpid=5 in_port=5 00:00:00:00:00:01 -> 33:33:00:00:00:16 eth_type=0x86dd len=90
[18:17:53.758] [STATS] switches=5 packet_in/s=128 msgs/s=128
[18:17:53.863] PACKET_IN dpid=3 in_port=1 00:00:00:00:00:05 -> 33:33:00:00:00:16 eth_type=0x86dd len=90
[18:17:53.864] PACKET_IN dpid=1 in_port=2 00:00:00:00:00:05 -> 33:33:00:00:00:16 eth_type=0x86dd len=90
[18:17:53.866] PACKET_IN dpid=2 in_port=5 00:00:00:00:00:05 -> 33:33:00:00:00:16 eth_type=0x86dd len=90
[18:17:53.866] PACKET_IN dpid=4 in_port=5 00:00:00:00:00:05 -> 33:33:00:00:00:16 eth_type=0x86dd len=90
[18:17:53.866] PACKET_IN dpid=5 in_port=5 00:00:00:00:00:05 -> 33:33:00:00:00:16 eth_type=0x86dd len=90
[18:17:54.759] [STATS] switches=5 packet_in/s=5 msgs/s=5
[18:17:55.759] [STATS] switches=5 packet_in/s=0 msgs/s=0
[18:17:56.742] [-] Switch DPID 1 desconectado: Conexão encerrada pelo switch.
[18:17:56.760] [STATS] switches=4 packet_in/s=0 msgs/s=24
[18:17:56.773] [-] Switch DPID 3 desconectado: Conexão encerrada pelo switch.
[18:17:56.814] [-] Switch DPID 4 desconectado: Conexão encerrada pelo switch.
[18:17:56.850] [-] Switch DPID 5 desconectado: Conexão encerrada pelo switch.
[18:17:56.910] [-] Switch DPID 2 desconectado: Conexão encerrada pelo switch.
