=== Controlador SDN Didático v2 (OpenFlow 1.0 / Hub) ===
Iniciando servidor socket TCP em 0.0.0.0:6653...
Aguardando conexões dos switches (porta 6653)...

[18:18:19.634] [+] Conexão TCP estabelecida com o switch: 127.0.0.1:58126
[18:18:19.634] [ERRO] Handshake falhou com ('127.0.0.1', 58126): Conexão encerrada pelo switch/cliente.
[18:18:20.445] [STATS] switches=0 packet_in/s=0 msgs/s=0
[18:18:21.446] [STATS] switches=0 packet_in/s=0 msgs/s=0
[18:18:22.447] [STATS] switches=0 packet_in/s=0 msgs/s=0
[18:18:23.430] [+] Conexão TCP estabelecida com o switch: 127.0.0.1:58134
[18:18:23.430]     <<< HELLO de 127.0.0.1:58134 (xid=827)
[18:18:23.430]     >>> FEATURES_REQUEST para 127.0.0.1:58134
[18:18:23.433]     <<< PORT_STATUS ignorada durante o handshake
[18:18:23.433]     <<< FEATURES_REPLY: DPID=0000000000000001 buffers=0 tabelas=254 portas=5 (3.31 ms)
[18:18:23.433] [OK] Handshake concluído com DPID 1 (1 switch(es) conectado(s))
[18:18:23.445] [+] Conexão TCP estabelecida com o switch: 127.0.0.1:58142
[18:18:23.445]     <<< HELLO de 127.0.0.1:58142 (xid=828)
[18:18:23.445]     >>> FEATURES_REQUEST para 127.0.0.1:58142
[18:18:23.448]     <<< FEATURES_REPLY: DPID=0000000000000002 buffers=0 tabelas=254 portas=6 (2.84 ms)
[18:18:23.448] [OK] Handshake concluído com DPID 2 (2 switch(es) conectado(s))
[18:18:23.448] [STATS] switches=2 packet_in/s=0 msgs/s=0
[18:18:23.458] [+] Conexão TCP estabelecida com o switch: 127.0.0.1:58150
[18:18:23.459]     <<< HELLO de 127.0.0.1:58150 (xid=829)
[18:18:23.459]     >>> FEATURES_REQUEST para 127.0.0.1:58150
[18:18:23.463]     <<< PORT_STATUS ignorada durante o handshake
[18:18:23.463]     <<< FEATURES_REPLY: DPID=0000000000000003 buffers=0 tabelas=254 portas=6 (4.17 ms)
[18:18:23.463] [OK] Handshake concluído com DPID 3 (3 switch(es) conectado(s))
[18:18:23.463] PACKET_IN dpid=2 in_port=2 00:00:00:00:00:02 -> 33:33:00:00:00:16 eth_type=0x86dd len=110
[18:18:23.465] PACKET_IN dpid=1 in_port=1 00:00:00:00:00:02 -> 33:33:00:00:00:16 eth_type=0x86dd len=110
[18:18:23.465] PACKET_IN dpid=3 in_port=2 00:00:00:00:00:06 -> 33:33:00:00:00:16 eth_type=0x86dd len=110
[18:18:23.466] PACKET_IN dpid=1 in_port=2 00:00:00:00:00:06 -> 33:33:00:00:00:16 eth_type=0x86dd len=110
[18:18:23.467] PACKET_IN dpid=3 in_port=5 00:00:00:00:00:02 -> 33:33:00:00:00:16 eth_type=0x86dd len=110
[18:18:23.468] PACKET_IN dpid=2 in_port=5 00:00:00:00:00:06 -> 33:33:00:00:00:16 eth_type=0x86dd len=110
[18:18:23.474] [+] Conexão TCP estabelecida com o switch: 127.0.0.1:58162
[18:18:23.474]     <<< HELLO de 127.0.0.1:58162 (xid=830)
[18:18:23.474]     >>> FEATURES_REQUEST para 127.0.0.1:58162
[18:18:23.478]     <<< PORT_STATUS ignorada durante o handshake
[18:18:23.478]     <<< FEATURES_REPLY: DPID=0000000000000004 buffers=0 tabelas=254 portas=6 (4.38 ms)
[18:18:23.478] [OK] Handshake concluído com DPID 4 (4 switch(es) conectado(s))
[18:18:23.491] [+] Conexão TCP estabelecida com o switch: 127.0.0.1:58172
[18:18:23.491]     <<< HELLO de 127.0.0.1:58172 (xid=831)
[18:18:23.491]     >>> FEATURES_REQUEST para 127.0.0.1:58172
[18:18:23.494]     <<< FEATURES_REPLY: DPID=0000000000000005 buffers=0 tabelas=254 portas=6 (3.12 ms)
[18:18:23.494] [OK] Handshake concluído com DPID 5 (5 switch(es) conectado(s))
[18:18:23.506] PACKET_IN dpid=2 in_port=3 00:00:00:00:00:03 -> 33:33:ff:00:00:03 eth_type=0x86dd len=86
[18:18:23.506] PACKET_IN dpid=4 in_port=1 00:00:00:00:00:09 -> 33:33:00:00:00:16 eth_type=0x86dd len=110
[18:18:23.507] PACKET_IN dpid=1 in_port=1 00:00:00:00:00:03 -> 33:33:ff:00:00:03 eth_type=0x86dd len=86
[18:18:23.508] PACKET_IN dpid=1 in_port=3 00:00:00:00:00:09 -> 33:33:00:00:00:16 eth_type=0x86dd len=110
[18:18:23.509] PACKET_IN dpid=2 in_port=5 00:00:00:00:00:09 -> 33:33:00:00:00:16 eth_type=0x86dd len=110
[18:18:23.509] PACKET_IN dpid=3 in_port=5 00:00:00:00:00:03 -> 33:33:ff:00:00:03 eth_type=0x86dd len=86
[18:18:23.509] PACKET_IN dpid=4 in_port=5 00:00:00:00:00:03 -> 33:33:ff:00:00:03 eth_type=0x86dd len=86
[18:18:23.509] PACKET_IN dpid=5 in_port=5 00:00:00:00:00:03 -> 33:33:ff:00:00:03 eth_type=0x86dd len=86
[18:18:23.509] PACKET_IN dpid=3 in_port=5 00:00:00:00:00:09 -> 33:33:00:00:00:16 eth_type=0x86dd len=110
[18:18:23.509] PACKET_IN dpid=5 in_port=5 00:00:00:00:00:09 -> 33:33:00:00:00:16 eth_type=0x86dd len=110
[18:18:23.569] PACKET_IN dpid=3 in_port=1 00:00:00:00:00:05 -> 33:33:ff:00:00:05 eth_type=0x86dd len=86
[18:18:23.571] PACKET_IN dpid=1 in_port=2 00:00:00:00:00:05 -> 33:33:ff:00:00:05 eth_type=0x86dd len=86
[18:18:23.572] PACKET_IN dpid=2 in_port=5 00:00:00:00:00:05 -> 33:33:ff:00:00:05 eth_type=0x86dd len=86
[18:18:23.572] PACKET_IN dpid=4 in_port=5 00:00:00:00:00:05 -> 33:33:ff:00:00:05 eth_type=0x86dd len=86
[18:18:23.572] PACKET_IN dpid=5 in_port=5 00:00:00:00:00:05 -> 33:33:ff:00:00:05 eth_type=0x86dd len=86
[18:18:23.590] PACKET_IN dpid=3 in_port=4 00:00:00:00:00:08 -> 33:33:00:00:00:16 eth_type=0x86dd len=110
[18:18:23.590] PACKET_IN dpid=4 in_port=3 00:00:00:00:00:0b -> 33:33:00:00:00:16 eth_type=0x86dd len=110
[18:18:23.591] PACKET_IN dpid=1 in_port=2 00:00:00:00:00:08 -> 33:33:00:00:00:16 eth_type=0x86dd len=110
[18:18:23.592] PACKET_IN dpid=1 in_port=3 00:00:00:00:00:0b -> 33:33:00:00:00:16 eth_type=0x86dd len=110
[18:18:23.593] PACKET_IN dpid=2 in_port=5 00:00:00:00:00:08 -> 33:33:00:00:00:16 eth_type=0x86dd len=110
[18:18:23.593] PACKET_IN dpid=3 in_port=5 00:00:00:00:00:0b -> 33:33:00:00:00:16 eth_type=0x86dd len=110
[18:18:23.593] PACKET_IN dpid=4 in_port=5 00:00:00:00:00:08 -> 33:33:00:00:00:16 eth_type=0x86dd len=110
[18:18:23.593] PACKET_IN dpid=5 in_port=5 00:00:00:00:00:08 -> 33:33:00:00:00:16 eth_type=0x86dd len=110
[18:18:23.593] PACKET_IN dpid=2 in_port=5 00:00:00:00:00:0b -> 33:33:00:00:00:16 eth_type=0x86dd len=110
[18:18:23.593] PACKET_IN dpid=5 in_port=5 00:00:00:00:00:0b -> 33:33:00:00:00:16 eth_type=0x86dd len=110
[18:18:23.605] PACKET_IN dpid=5 in_port=3 00:00:00:00:00:0f -> 33:33:ff:00:00:0f eth_type=0x86dd len=86
[18:18:23.607] PACKET_IN dpid=1 in_port=4 00:00:00:00:00:0f -> 33:33:ff:00:00:0f eth_type=0x86dd len=86
[18:18:23.608] PACKET_IN dpid=2 in_port=5 00:00:00:00:00:0f -> 33:33:ff:00:00:0f eth_type=0x86dd len=86
[18:18:23.608] PACKET_IN dpid=3 in_port=5 00:00:00:00:00:0f -> 33:33:ff:00:00:0f eth_type=0x86dd len=86
[18:18:23.608] PACKET_IN dpid=4 in_port=5 00:00:00:00:00:0f -> 33:33:ff:00:00:0f eth_type=0x86dd len=86
[18:18:23.609] PACKET_IN dpid=4 in_port=3 00:00:00:00:00:0b -> 33:33:ff:00:00:0b eth_type=0x86dd len=86
[18:18:23.611] PACKET_IN dpid=1 in_port=3 00:00:00:00:00:0b -> 33:33:ff:00:00:0b eth_type=0x86dd len=86
[18:18:23.612] PACKET_IN dpid=2 in_port=5 00:00:00:00:00:0b -> 33:33:ff:00:00:0b eth_type=0x86dd len=86
[18:18:23.612] PACKET_IN dpid=3 in_port=5 00:00:00:00:00:0b -> 33:33:ff:00:00:0b eth_type=0x86dd len=86
[18:18:23.612] PACKET_IN dpid=5 in_port=5 00:00:00:00:00:0b -> 33:33:ff:00:00:0b eth_type=0x86dd len=86
[18:18:23.618] PACKET_IN dpid=3 in_port=5 12:61:8b:e3:07:51 -> 33:33:ff:e3:07:51 eth_type=0x86dd len=86
[18:18:23.618] PACKET_IN dpid=5 in_port=5 5a:5d:59:90:e8:d3 -> 33:33:00:00:00:16 eth_type=0x86dd len=90
[18:18:23.686] PACKET_IN dpid=4 in_port=1 00:00:00:00:00:09 -> 33:33:ff:00:00:09 eth_type=0x86dd len=86
[18:18:23.687] PACKET_IN dpid=1 in_port=3 00:00:00:00:00:09 -> 33:33:ff:00:00:09 eth_type=0x86dd len=86
[18:18:23.689] PACKET_IN dpid=2 in_port=5 00:00:00:00:00:09 -> 33:33:ff:00:00:09 eth_type=0x86dd len=86
[18:18:23.689] PACKET_IN dpid=3 in_port=5 00:00:00:00:00:09 -> 33:33:ff:00:00:09 eth_type=0x86dd len=86
[18:18:23.689] PACKET_IN dpid=5 in_port=5 00:00:00:00:00:09 -> 33:33:ff:00:00:09 eth_type=0x86dd len=86
[18:18:23.746] PACKET_IN dpid=5 in_port=3 00:00:00:00:00:0f -> 33:33:00:00:00:16 eth_type=0x86dd len=110
[18:18:23.747] PACKET_IN dpid=1 in_port=4 00:00:00:00:00:0f -> 33:33:00:00:00:16 eth_type=0x86dd len=110
[18:18:23.749] PACKET_IN dpid=2 in_port=5 00:00:00:00:00:0f -> 33:33:00:00:00:16 eth_type=0x86dd len=110
[18:18:23.749] PACKET_IN dpid=3 in_port=5 00:00:00:00:00:0f -> 33:33:00:00:00:16 eth_type=0x86dd len=110
[18:18:23.749] PACKET_IN dpid=4 in_port=5 00:00:00:00:00:0f -> 33:33:00:00:00:16 eth_type=0x86dd len=110
[18:18:23.782] PACKET_IN dpid=2 in_port=1 00:00:00:00:00:01 -> 33:33:00:00:00:16 eth_type=0x86dd len=110
[18:18:23.783] PACKET_IN dpid=1 in_port=1 00:00:00:00:00:01 -> 33:33:00:00:00:16 eth_type=0x86dd len=110
[18:18:23.785] PACKET_IN dpid=3 in_port=5 00:00:00:00:00:01 -> 33:33:00:00:00:16 eth_type=0x86dd len=110
[18:18:23.785] PACKET_IN dpid=4 in_port=5 00:00:00:00:00:01 -> 33:33:00:00:00:16 eth_type=0x86dd len=110
[18:18:23.785] PACKET_IN dpid=5 in_port=5 00:00:00:00:00:01 -> 33:33:00:00:00:16 eth_type=0x86dd len=110
[18:18:23.810] PACKET_IN dpid=1 in_port=3 12:15:c2:a4:26:8a -> 33:33:ff:a4:26:8a eth_type=0x86dd len=86
[18:18:23.810] PACKET_IN dpid=2 in_port=1 00:00:00:00:00:01 -> 33:33:ff:00:00:01 eth_type=0x86dd len=86
[18:18:23.810] PACKET_IN dpid=5 in_port=1 00:00:00:00:00:0d -> 33:33:ff:00:00:0d eth_type=0x86dd len=86
[18:18:23.811] PACKET_IN dpid=1 in_port=4 00:00:00:00:00:0d -> 33:33:ff:00:00:0d eth_type=0x86dd len=86
[18:18:23.811] PACKET_IN dpid=2 in_port=5 12:15:c2:a4:26:8a -> 33:33:ff:a4:26:8a eth_type=0x86dd len=86
[18:18:23.811] PACKET_IN dpid=3 in_port=5 12:15:c2:a4:26:8a -> 33:33:ff:a4:26:8a eth_type=0x86dd len=86
[18:18:23.811] PACKET_IN dpid=5 in_port=5 12:15:c2:a4:26:8a -> 33:33:ff:a4:26:8a eth_type=0x86dd len=86
[18:18:23.811] PACKET_IN dpid=1 in_port=1 00:00:00:00:00:01 -> 33:33:ff:00:00:01 eth_type=0x86dd len=86
[18:18:23.812] PACKET_IN dpid=2 in_port=5 00:00:00:00:00:0d -> 33:33:ff:00:00:0d eth_type=0x86dd len=86
[18:18:23.812] PACKET_IN dpid=3 in_port=5 00:00:00:00:00:0d -> 33:33:ff:00:00:0d eth_type=0x86dd len=86
[18:18:23.812] PACKET_IN dpid=4 in_port=5 00:00:00:00:00:0d -> 33:33:ff:00:00:0d eth_type=0x86dd len=86
[18:18:23.813] PACKET_IN dpid=5 in_port=5 00:00:00:00:00:01 -> 33:33:ff:00:00:01 eth_type=0x86dd len=86
[18:18:23.813] PACKET_IN dpid=3 in_port=5 00:00:00:00:00:01 -> 33:33:ff:00:00:01 eth_type=0x86dd len=86
[18:18:23.813] PACKET_IN dpid=4 in_port=5 00:00:00:00:00:01 -> 33:33:ff:00:00:01 eth_type=0x86dd len=86
[18:18:23.814] PACKET_IN dpid=1 in_port=2 a2:9c:d3:73:1f:e1 -> 33:33:ff:73:1f:e1 eth_type=0x86dd len=86
[18:18:23.815] PACKET_IN dpid=2 in_port=5 a2:9c:d3:73:1f:e1 -> 33:33:ff:73:1f:e1 eth_type=0x86dd len=86
[18:18:23.815] PACKET_IN dpid=4 in_port=5 a2:9c:d3:73:1f:e1 -> 33:33:ff:73:1f:e1 eth_type=0x86dd len=86
[18:18:23.815] PACKET_IN dpid=5 in_port=5 a2:9c:d3:73:1f:e1 -> 33:33:ff:73:1f:e1 eth_type=0x86dd len=86
[18:18:23.846] PACKET_IN dpid=5 in_port=2 00:00:00:00:00:0e -> 33:33:ff:00:00:0e eth_type=0x86dd len=86
[18:18:23.847] PACKET_IN dpid=1 in_port=4 00:00:00:00:00:0e -> 33:33:ff:00:00:0e eth_type=0x86dd len=86
[18:18:23.848] PACKET_IN dpid=2 in_port=5 00:00:00:00:00:0e -> 33:33:ff:00:00:0e eth_type=0x86dd len=86
[18:18:23.848] PACKET_IN dpid=3 in_port=5 00:00:00:00:00:0e -> 33:33:ff:00:00:0e eth_type=0x86dd len=86
[18:18:23.848] PACKET_IN dpid=4 in_port=5 00:00:00:00:00:0e -> 33:33:ff:00:00:0e eth_type=0x86dd len=86
[18:18:23.906] PACKET_IN dpid=3 in_port=3 00:00:00:00:00:07 -> 33:33:ff:00:00:07 eth_type=0x86dd len=86
[18:18:23.907] PACKET_IN dpid=1 in_port=2 00:00:00:00:00:07 -> 33:33:ff:00:00:07 eth_type=0x86dd len=86
[18:18:23.908] PACKET_IN dpid=2 in_port=5 00:00:00:00:00:07 -> 33:33:ff:00:00:07 eth_type=0x86dd len=86
[18:18:23.909] PACKET_IN dpid=4 in_port=5 00:00:00:00:00:07 -> 33:33:ff:00:00:07 eth_type=0x86dd len=86
[18:18:23.909] PACKET_IN dpid=5 in_port=5 00:00:00:00:00:07 -> 33:33:ff:00:00:07 eth_type=0x86dd len=86
[18:18:23.910] PACKET_IN dpid=4 in_port=5 5e:38:85:3b:b3:1f -> 33:33:00:00:00:16 eth_type=0x86dd len=90
[18:18:23.937] PACKET_IN dpid=1 in_port=2 a2:9c:d3:73:1f:e1 -> 33:33:00:00:00:16 eth_type=0x86dd len=90
[18:18:23.937] PACKET_IN dpid=2 in_port=2 00:00:00:00:00:02 -> 33:33:ff:00:00:02 eth_type=0x86dd len=86
[18:18:23.937] PACKET_IN dpid=4 in_port=2 00:00:00:00:00:0a -> 33:33:ff:00:00:0a eth_type=0x86dd len=86
[18:18:23.939] PACKET_IN dpid=1 in_port=3 00:00:00:00:00:0a -> 33:33:ff:00:00:0a eth_type=0x86dd len=86
[18:18:23.939] PACKET_IN dpid=2 in_port=5 a2:9c:d3:73:1f:e1 -> 33:33:00:00:00:16 eth_type=0x86dd len=90
[18:18:23.939] PACKET_IN dpid=4 in_port=5 a2:9c:d3:73:1f:e1 -> 33:33:00:00:00:16 eth_type=0x86dd len=90
[18:18:23.939] PACKET_IN dpid=5 in_port=5 a2:9c:d3:73:1f:e1 -> 33:33:00:00:00:16 eth_type=0x86dd len=90
[18:18:23.939] PACKET_IN dpid=1 in_port=1 00:00:00:00:00:02 -> 33:33:ff:00:00:02 eth_type=0x86dd len=86
[18:18:23.940] PACKET_IN dpid=2 in_port=5 00:00:00:00:00:0a -> 33:33:ff:00:00:0a eth_type=0x86dd len=86
[18:18:23.940] PACKET_IN dpid=3 in_port=5 00:00:00:00:00:0a -> 33:33:ff:00:00:0a eth_type=0x86dd len=86
[18:18:23.940] PACKET_IN dpid=4 in_port=5 00:00:00:00:00:02 -> 33:33:ff:00:00:02 eth_type=0x86dd len=86
[18:18:23.940] PACKET_IN dpid=5 in_port=5 00:00:00:00:00:0a -> 33:33:ff:00:00:0a eth_type=0x86dd len=86
[18:18:23.940] PACKET_IN dpid=3 in_port=5 00:00:00:00:00:02 -> 33:33:ff:00:00:02 eth_type=0x86dd len=86
[18:18:23.940] PACKET_IN dpid=5 in_port=5 00:00:00:00:00:02 -> 33:33:ff:00:00:02 eth_type=0x86dd len=86
[18:18:23.973] PACKET_IN dpid=3 in_port=4 00:00:00:00:00:08 -> 33:33:ff:00:00:08 eth_type=0x86dd len=86
[18:18:23.974] PACKET_IN dpid=4 in_port=4 00:00:00:00:00:0c -> 33:33:ff:00:00:0c eth_type=0x86dd len=86
[18:18:23.975] PACKET_IN dpid=1 in_port=2 00:00:00:00:00:08 -> 33:33:ff:00:00:08 eth_type=0x86dd len=86
[18:18:23.975] PACKET_IN dpid=1 in_port=3 00:00:00:00:00:0c -> 33:33:ff:00:00:0c eth_type=0x86dd len=86
[18:18:23.976] PACKET_IN dpid=2 in_port=5 00:00:00:00:00:08 -> 33:33:ff:00:00:08 eth_type=0x86dd len=86
[18:18:23.976] PACKET_IN dpid=3 in_port=5 00:00:00:00:00:0c -> 33:33:ff:00:00:0c eth_type=0x86dd len=86
[18:18:23.976] PACKET_IN dpid=4 in_port=5 00:00:00:00:00:08 -> 33:33:ff:00:00:08 eth_type=0x86dd len=86
[18:18:23.976] PACKET_IN dpid=5 in_port=5 00:00:00:00:00:08 -> 33:33:ff:00:00:08 eth_type=0x86dd len=86
[18:18:23.976] PACKET_IN dpid=2 in_port=5 00:00:00:00:00:0c -> 33:33:ff:00:00:0c eth_type=0x86dd len=86
[18:18:23.976] PACKET_IN dpid=5 in_port=5 00:00:00:00:00:0c -> 33:33:ff:00:00:0c eth_type=0x86dd len=86
[18:18:24.006] PACKET_IN dpid=1 in_port=3 12:15:c2:a4:26:8a -> 33:33:00:00:00:16 eth_type=0x86dd len=90
[18:18:24.006] PACKET_IN dpid=4 in_port=5 5e:38:85:3b:b3:1f -> 33:33:ff:3b:b3:1f eth_type=0x86dd len=86
[18:18:24.008] PACKET_IN dpid=2 in_port=5 12:15:c2:a4:26:8a -> 33:33:00:00:00:16 eth_type=0x86dd len=90
[18:18:24.008] PACKET_IN dpid=3 in_port=5 12:15:c2:a4:26:8a -> 33:33:00:00:00:16 eth_type=0x86dd len=90
[18:18:24.008] PACKET_IN dpid=5 in_port=5 12:15:c2:a4:26:8a -> 33:33:00:00:00:16 eth_type=0x86dd len=90
[18:18:24.034] PACKET_IN dpid=2 in_port=4 00:00:00:00:00:04 -> 33:33:ff:00:00:04 eth_type=0x86dd len=86
[18:18:24.034] PACKET_IN dpid=3 in_port=5 12:61:8b:e3:07:51 -> 33:33:00:00:00:16 eth_type=0x86dd len=90
[18:18:24.035] PACKET_IN dpid=1 in_port=1 00:00:00:00:00:04 -> 33:33:ff:00:00:04 eth_type=0x86dd len=86
[18:18:24.037] PACKET_IN dpid=3 in_port=5 00:00:00:00:00:04 -> 33:33:ff:00:00:04 eth_type=0x86dd len=86
[18:18:24.037] PACKET_IN dpid=4 in_port=5 00:00:00:00:00:04 -> 33:33:ff:00:00:04 eth_type=0x86dd len=86
[18:18:24.037] PACKET_IN dpid=5 in_port=5 00:00:00:00:00:04 -> 33:33:ff:00:00:04 eth_type=0x86dd len=86
[18:18:24.097] PACKET_IN dpid=1 in_port=1 4a:cb:c4:d1:1c:05 -> 33:33:00:00:00:16 eth_type=0x86dd len=90
[18:18:24.097] PACKET_IN dpid=2 in_port=3 00:00:00:00:00:03 -> 33:33:00:00:00:16 eth_type=0x86dd len=110
[18:18:24.099] PACKET_IN dpid=1 in_port=1 00:00:00:00:00:03 -> 33:33:00:00:00:16 eth_type=0x86dd len=110
[18:18:24.099] PACKET_IN dpid=3 in_port=5 4a:cb:c4:d1:1c:05 -> 33:33:00:00:00:16 eth_type=0x86dd len=90
[18:18:24.099] PACKET_IN dpid=4 in_port=5 4a:cb:c4:d1:1c:05 -> 33:33:00:00:00:16 eth_type=0x86dd len=90
[18:18:24.099] PACKET_IN dpid=5 in_port=5 4a:cb:c4:d1:1c:05 -> 33:33:00:00:00:16 eth_type=0x86dd len=90
[18:18:24.100] PACKET_IN dpid=3 in_port=5 00:00:00:00:00:03 -> 33:33:00:00:00:16 eth_type=0x86dd len=110
[18:18:24.100] PACKET_IN dpid=4 in_port=5 00:00:00:00:00:03 -> 33:33:00:00:00:16 eth_type=0x86dd len=110
[18:18:24.100] PACKET_IN dpid=5 in_port=5 00:00:00:00:00:03 -> 33:33:00:00:00:16 eth_type=0x86dd len=110
[18:18:24.101] PACKET_IN dpid=1 in_port=1 4a:cb:c4:d1:1c:05 -> 33:33:00:00:00:16 eth_type=0x86dd len=90
[18:18:24.102] PACKET_IN dpid=1 in_port=1 4a:cb:c4:d1:1c:05 -> 33:33:00:00:00:02 eth_type=0x86dd len=70
[18:18:24.103] PACKET_IN dpid=4 in_port=5 4a:cb:c4:d1:1c:05 -> 33:33:00:00:00:16 eth_type=0x86dd len=90
[18:18:24.103] PACKET_IN dpid=5 in_port=5 4a:cb:c4:d1:1c:05 -> 33:33:00:00:00:16 eth_type=0x86dd len=90
[18:18:24.103] PACKET_IN dpid=3 in_port=5 4a:cb:c4:d1:1c:05 -> 33:33:00:00:00:16 eth_type=0x86dd len=90
[18:18:24.103] PACKET_IN dpid=4 in_port=5 4a:cb:c4:d1:1c:05 -> 33:33:00:00:00:02 eth_type=0x86dd len=70
[18:18:24.103] PACKET_IN dpid=5 in_port=5 4a:cb:c4:d1:1c:05 -> 33:33:00:00:00:02 eth_type=0x86dd len=70
[18:18:24.103] PACKET_IN dpid=3 in_port=5 4a:cb:c4:d1:1c:05 -> 33:33:00:00:00:02 eth_type=0x86dd len=70
[18:18:24.161] PACKET_IN dpid=4 in_port=4 00:00:00:00:00:0c -> 33:33:00:00:00:16 eth_type=0x86dd len=110
[18:18:24.163] PACKET_IN dpid=1 in_port=3 00:00:00:00:00:0c -> 33:33:00:00:00:16 eth_type=0x86dd len=110
[18:18:24.164] PACKET_IN dpid=2 in_port=5 00:00:00:00:00:0c -> 33:33:00:00:00:16 eth_type=0x86dd len=110
[18:18:24.164] PACKET_IN dpid=3 in_port=5 00:00:00:00:00:0c -> 33:33:00:00:00:16 eth_type=0x86dd len=110
[18:18:24.164] PACKET_IN dpid=5 in_port=5 00:00:00:00:00:0c -> 33:33:00:00:00:16 eth_type=0x86dd len=110
[18:18:24.209] PACKET_IN dpid=1 in_port=1 4a:cb:c4:d1:1c:05 -> 33:33:00:00:00:16 eth_type=0x86dd len=90
[18:18:24.211] PACKET_IN dpid=3 in_port=5 4a:cb:c4:d1:1c:05 -> 33:33:00:00:00:16 eth_type=0x86dd len=90
[18:18:24.211] PACKET_IN dpid=4 in_port=5 4a:cb:c4:d1:1c:05 -> 33:33:00:00:00:16 eth_type=0x86dd len=90
[18:18:24.211] PACKET_IN dpid=5 in_port=5 4a:cb:c4:d1:1c:05 -> 33:33:00:00:00:16 eth_type=0x86dd len=90
[18:18:24.226] PACKET_IN dpid=3 in_port=3 00:00:00:00:00:07 -> 33:33:00:00:00:16 eth_type=0x86dd len=110
[18:18:24.227] PACKET_IN dpid=1 in_port=2 00:00:00:00:00:07 -> 33:33:00:00:00:16 eth_type=0x86dd len=110
[18:18:24.228] PACKET_IN dpid=2 in_port=5 00:00:00:00:00:07 -> 33:33:00:00:00:16 eth_type=0x86dd len=110
[18:18:24.228] PACKET_IN dpid=4 in_port=5 00:00:00:00:00:07 -> 33:33:00:00:00:16 eth_type=0x86dd len=110
[18:18:24.228] PACKET_IN dpid=5 in_port=5 00:00:00:00:00:07 -> 33:33:00:00:00:16 eth_type=0x86dd len=110
[18:18:24.230] PACKET_IN dpid=3 in_port=2 00:00:00:00:00:06 -> 33:33:ff:00:00:06 eth_type=0x86dd len=86
[18:18:24.231] PACKET_IN dpid=1 in_port=2 00:00:00:00:00:06 -> 33:33:ff:00:00:06 eth_type=0x86dd len=86
[18:18:24.232] PACKET_IN dpid=2 in_port=5 00:00:00:00:00:06 -> 33:33:ff:00:00:06 eth_type=0x86dd len=86
[18:18:24.233] PACKET_IN dpid=4 in_port=5 00:00:00:00:00:06 -> 33:33:ff:00:00:06 eth_type=0x86dd len=86
[18:18:24.233] PACKET_IN dpid=5 in_port=5 00:00:00:00:00:06 -> 33:33:ff:00:00:06 eth_type=0x86dd len=86
[18:18:24.261] PACKET_IN dpid=5 in_port=1 00:00:00:00:00:0d -> 33:33:00:00:00:16 eth_type=0x86dd len=110
[18:18:24.264] PACKET_IN dpid=1 in_port=4 00:00:00:00:00:0d -> 33:33:00:00:00:16 eth_type=0x86dd len=110
[18:18:24.266] PACKET_IN dpid=2 in_port=5 00:00:00:00:00:0d -> 33:33:00:00:00:16 eth_type=0x86dd len=110
[18:18:24.266] PACKET_IN dpid=3 in_port=5 00:00:00:00:00:0d -> 33:33:00:00:00:16 eth_type=0x86dd len=110
[18:18:24.266] PACKET_IN dpid=4 in_port=5 00:00:00:00:00:0d -> 33:33:00:00:00:16 eth_type=0x86dd len=110
[18:18:24.290] PACKET_IN dpid=2 in_port=5 f2:42:54:a6:ab:de -> 33:33:00:00:00:16 eth_type=0x86dd len=90
[18:18:24.290] PACKET_IN dpid=2 in_port=5 f2:42:54:a6:ab:de -> 33:33:00:00:00:02 eth_type=0x86dd len=70
[18:18:24.321] PACKET_IN dpid=2 in_port=4 00:00:00:00:00:04 -> 33:33:00:00:00:16 eth_type=0x86dd len=110
[18:18:24.324] PACKET_IN dpid=1 in_port=1 00:00:00:00:00:04 -> 33:33:00:00:00:16 eth_type=0x86dd len=110
[18:18:24.325] PACKET_IN dpid=3 in_port=5 00:00:00:00:00:04 -> 33:33:00:00:00:16 eth_type=0x86dd len=110
[18:18:24.325] PACKET_IN dpid=4 in_port=5 00:00:00:00:00:04 -> 33:33:00:00:00:16 eth_type=0x86dd len=110
[18:18:24.325] PACKET_IN dpid=5 in_port=5 00:00:00:00:00:04 -> 33:33:00:00:00:16 eth_type=0x86dd len=110
[18:18:24.358] PACKET_IN dpid=1 in_port=4 a2:82:f3:48:e4:d4 -> 33:33:00:00:00:16 eth_type=0x86dd len=90
[18:18:24.358] PACKET_IN dpid=1 in_port=4 a2:82:f3:48:e4:d4 -> 33:33:00:00:00:02 eth_type=0x86dd len=70
[18:18:24.360] PACKET_IN dpid=2 in_port=5 a2:82:f3:48:e4:d4 -> 33:33:00:00:00:16 eth_type=0x86dd len=90
[18:18:24.360] PACKET_IN dpid=3 in_port=5 a2:82:f3:48:e4:d4 -> 33:33:00:00:00:16 eth_type=0x86dd len=90
[18:18:24.360] PACKET_IN dpid=4 in_port=5 a2:82:f3:48:e4:d4 -> 33:33:00:00:00:16 eth_type=0x86dd len=90
[18:18:24.360] PACKET_IN dpid=2 in_port=5 a2:82:f3:48:e4:d4 -> 33:33:00:00:00:02 eth_type=0x86dd len=70
[18:18:24.360] PACKET_IN dpid=3 in_port=5 a2:82:f3:48:e4:d4 -> 33:33:00:00:00:02 eth_type=0x86dd len=70
[18:18:24.360] PACKET_IN dpid=4 in_port=5 a2:82:f3:48:e4:d4 -> 33:33:00:00:00:02 eth_type=0x86dd len=70
[18:18:24.401] PACKET_IN dpid=1 in_port=4 a2:82:f3:48:e4:d4 -> 33:33:00:00:00:16 eth_type=0x86dd len=90
[18:18:24.402] PACKET_IN dpid=2 in_port=5 a2:82:f3:48:e4:d4 -> 33:33:00:00:00:16 eth_type=0x86dd len=90
[18:18:24.403] PACKET_IN dpid=3 in_port=5 a2:82:f3:48:e4:d4 -> 33:33:00:00:00:16 eth_type=0x86dd len=90
[18:18:24.403] PACKET_IN dpid=4 in_port=5 a2:82:f3:48:e4:d4 -> 33:33:00:00:00:16 eth_type=0x86dd len=90
[18:18:24.417] PACKET_IN dpid=5 in_port=4 00:00:00:00:00:10 -> 33:33:00:00:00:16 eth_type=0x86dd len=110
[18:18:24.420] PACKET_IN dpid=1 in_port=4 00:00:00:00:00:10 -> 33:33:00:00:00:16 eth_type=0x86dd len=110
[18:18:24.422] PACKET_IN dpid=2 in_port=5 00:00:00:00:00:10 -> 33:33:00:00:00:16 eth_type=0x86dd len=110
[18:18:24.422] PACKET_IN dpid=3 in_port=5 00:00:00:00:00:10 -> 33:33:00:00:00:16 eth_type=0x86dd len=110
[18:18:24.422] PACKET_IN dpid=4 in_port=5 00:00:00:00:00:10 -> 33:33:00:00:00:16 eth_type=0x86dd len=110
[18:18:24.449] [STATS] switches=5 packet_in/s=187 msgs/s=187
[18:18:24.454] PACKET_IN dpid=5 in_port=4 00:00:00:00:00:10 -> 33:33:00:00:00:16 eth_type=0x86dd len=90
[18:18:24.454] PACKET_IN dpid=5 in_port=4 00:00:00:00:00:10 -> 33:33:00:00:00:02 eth_type=0x86dd len=70
[18:18:24.455] PACKET_IN dpid=1 in_port=4 00:00:00:00:00:10 -> 33:33:00:00:00:16 eth_type=0x86dd len=90
[18:18:24.456] PACKET_IN dpid=1 in_port=4 00:00:00:00:00:10 -> 33:33:00:00:00:02 eth_type=0x86dd len=70
[18:18:24.457] PACKET_IN dpid=2 in_port=5 00:00:00:00:00:10 -> 33:33:00:00:00:16 eth_type=0x86dd len=90
[18:18:24.457] PACKET_IN dpid=3 in_port=5 00:00:00:00:00:10 -> 33:33:00:00:00:16 eth_type=0x86dd len=90
[18:18:24.457] PACKET_IN dpid=4 in_port=5 00:00:00:00:00:10 -> 33:33:00:00:00:16 eth_type=0x86dd len=90
[18:18:24.457] PACKET_IN dpid=2 in_port=5 00:00:00:00:00:10 -> 33:33:00:00:00:02 eth_type=0x86dd len=70
[18:18:24.457] PACKET_IN dpid=3 in_port=5 00:00:00:00:00:10 -> 33:33:00:00:00:02 eth_type=0x86dd len=70
[18:18:24.457] PACKET_IN dpid=4 in_port=5 00:00:00:00:00:10 -> 33:33:00:00:00:02 eth_type=0x86dd len=70
[18:18:24.519] PACKET_IN dpid=2 in_port=3 00:00:00:00:00:03 -> 33:33:00:00:00:16 eth_type=0x86dd len=90
[18:18:24.519] PACKET_IN dpid=5 in_port=5 5a:5d:59:90:e8:d3 -> 33:33:00:00:00:16 eth_type=0x86dd len=90
[18:18:24.519] PACKET_IN dpid=2 in_port=3 00:00:00:00:00:03 -> 33:33:00:00:00:02 eth_type=0x86dd len=70
[18:18:24.519] PACKET_IN dpid=5 in_port=5 5a:5d:59:90:e8:d3 -> 33:33:00:00:00:02 eth_type=0x86dd len=70
[18:18:24.521] PACKET_IN dpid=1 in_port=1 00:00:00:00:00:03 -> 33:33:00:00:00:16 eth_type=0x86dd len=90
[18:18:24.521] PACKET_IN dpid=1 in_port=1 00:00:00:00:00:03 -> 33:33:00:00:00:02 eth_type=0x86dd len=70
[18:18:24.522] PACKET_IN dpid=3 in_port=5 00:00:00:00:00:03 -> 33:33:00:00:00:16 eth_type=0x86dd len=90
[18:18:24.522] PACKET_IN dpid=4 in_port=5 00:00:00:00:00:03 -> 33:33:00:00:00:16 eth_type=0x86dd len=90
[18:18:24.522] PACKET_IN dpid=5 in_port=5 00:00:00:00:00:03 -> 33:33:00:00:00:16 eth_type=0x86dd len=90
[18:18:24.522] PACKET_IN dpid=3 in_port=5 00:00:00:00:00:03 -> 33:33:00:00:00:02 eth_type=0x86dd len=70
[18:18:24.522] PACKET_IN dpid=4 in_port=5 00:00:00:00:00:03 -> 33:33:00:00:00:02 eth_type=0x86dd len=70
[18:18:24.522] PACKET_IN dpid=5 in_port=5 00:00:00:00:00:03 -> 33:33:00:00:00:02 eth_type=0x86dd len=70
[18:18:24.578] PACKET_IN dpid=3 in_port=1 00:00:00:00:00:05 -> 33:33:00:00:00:16 eth_type=0x86dd len=90
[18:18:24.578] PACKET_IN dpid=3 in_port=1 00:00:00:00:00:05 -> 33:33:00:00:00:02 eth_type=0x86dd len=70
[18:18:24.579] PACKET_IN dpid=1 in_port=2 00:00:00:00:00:05 -> 33:33:00:00:00:16 eth_type=0x86dd len=90
[18:18:24.579] PACKET_IN dpid=1 in_port=2 00:00:00:00:00:05 -> 33:33:00:00:00:02 eth_type=0x86dd len=70
[18:18:24.581] PACKET_IN dpid=2 in_port=5 00:00:00:00:00:05 -> 33:33:00:00:00:16 eth_type=0x86dd len=90
[18:18:24.581] PACKET_IN dpid=4 in_port=5 00:00:00:00:00:05 -> 33:33:00:00:00:16 eth_type=0x86dd len=90
[18:18:24.581] PACKET_IN dpid=5 in_port=5 00:00:00:00:00:05 -> 33:33:00:00:00:16 eth_type=0x86dd len=90
[18:18:24.581] PACKET_IN dpid=2 in_port=5 00:00:00:00:00:05 -> 33:33:00:00:00:02 eth_type=0x86dd len=70
[18:18:24.581] PACKET_IN dpid=4 in_port=5 00:00:00:00:00:05 -> 33:33:00:00:00:02 eth_type=0x86dd len=70
[18:18:24.581] PACKET_IN dpid=5 in_port=5 00:00:00:00:00:05 -> 33:33:00:00:00:02 eth_type=0x86dd len=70
[18:18:24.614] PACKET_IN dpid=5 in_port=3 00:00:00:00:00:0f -> 33:33:00:00:00:16 eth_type=0x86dd len=90
[18:18:24.614] PACKET_IN dpid=5 in_port=3 00:00:00:00:00:0f -> 33:33:00:00:00:02 eth_type=0x86dd len=70
[18:18:24.616] PACKET_IN dpid=1 in_port=4 00:00:00:00:00:0f -> 33:33:00:00:00:16 eth_type=0x86dd len=90
[18:18:24.616] PACKET_IN dpid=1 in_port=4 00:00:00:00:00:0f -> 33:33:00:00:00:02 eth_type=0x86dd len=70
[18:18:24.618] PACKET_IN dpid=2 in_port=5 00:00:00:00:00:0f -> 33:33:00:00:00:16 eth_type=0x86dd len=90
[18:18:24.618] PACKET_IN dpid=3 in_port=5 00:00:00:00:00:0f -> 33:33:00:00:00:16 eth_type=0x86dd len=90
[18:18:24.618] PACKET_IN dpid=4 in_port=5 00:00:00:00:00:0f -> 33:33:00:00:00:16 eth_type=0x86dd len=90
[18:18:24.618] PACKET_IN dpid=2 in_port=5 00:00:00:00:00:0f -> 33:33:00:00:00:02 eth_type=0x86dd len=70
[18:18:24.618] PACKET_IN dpid=3 in_port=5 00:00:00:00:00:0f -> 33:33:00:00:00:02 eth_type=0x86dd len=70
[18:18:24.618] PACKET_IN dpid=4 in_port=5 00:00:00:00:00:0f -> 33:33:00:00:00:02 eth_type=0x86dd len=70
[18:18:24.630] PACKET_IN dpid=5 in_port=4 00:00:00:00:00:10 -> 33:33:00:00:00:16 eth_type=0x86dd len=90
[18:18:24.631] PACKET_IN dpid=1 in_port=4 00:00:00:00:00:10 -> 33:33:00:00:00:16 eth_type=0x86dd len=90
[18:18:24.632] PACKET_IN dpid=2 in_port=5 00:00:00:00:00:10 -> 33:33:00:00:00:16 eth_type=0x86dd len=90
[18:18:24.633] PACKET_IN dpid=3 in_port=5 00:00:00:00:00:10 -> 33:33:00:00:00:16 eth_type=0x86dd len=90
[18:18:24.633] PACKET_IN dpid=4 in_port=5 00:00:00:00:00:10 -> 33:33:00:00:00:16 eth_type=0x86dd len=90
[18:18:24.641] PACKET_IN dpid=3 in_port=5 12:61:8b:e3:07:51 -> 33:33:00:00:00:16 eth_type=0x86dd len=90
[18:18:24.641] PACKET_IN dpid=4 in_port=3 00:00:00:00:00:0b -> 33:33:00:00:00:16 eth_type=0x86dd len=90
[18:18:24.641] PACKET_IN dpid=3 in_port=5 12:61:8b:e3:07:51 -> 33:33:00:00:00:02 eth_type=0x86dd len=70
[18:18:24.641] PACKET_IN dpid=4 in_port=3 00:00:00:00:00:0b -> 33:33:00:00:00:02 eth_type=0x86dd len=70
[18:18:24.644] PACKET_IN dpid=1 in_port=3 00:00:00:00:00:0b -> 33:33:00:00:00:16 eth_type=0x86dd len=90
[18:18:24.644] PACKET_IN dpid=1 in_port=3 00:00:00:00:00:0b -> 33:33:00:00:00:02 eth_type=0x86dd len=70
[18:18:24.645] PACKET_IN dpid=2 in_port=5 00:00:00:00:00:0b -> 33:33:00:00:00:16 eth_type=0x86dd len=90
[18:18:24.645] PACKET_IN dpid=3 in_port=5 00:00:00:00:00:0b -> 33:33:00:00:00:16 eth_type=0x86dd len=90
[18:18:24.645] PACKET_IN dpid=5 in_port=5 00:00:00:00:00:0b -> 33:33:00:00:00:16 eth_type=0x86dd len=90
[18:18:24.645] PACKET_IN dpid=2 in_port=5 00:00:00:00:00:0b -> 33:33:00:00:00:02 eth_type=0x86dd len=70
[18:18:24.645] PACKET_IN dpid=3 in_port=5 00:00:00:00:00:0b -> 33:33:00:00:00:02 eth_type=0x86dd len=70
[18:18:24.645] PACKET_IN dpid=5 in_port=5 00:00:00:00:00:0b -> 33:33:00:00:00:02 eth_type=0x86dd len=70
[18:18:24.713] PACKET_IN dpid=4 in_port=1 00:00:00:00:00:09 -> 33:33:00:00:00:16 eth_type=0x86dd len=90
[18:18:24.713] PACKET_IN dpid=4 in_port=1 00:00:00:00:00:09 -> 33:33:00:00:00:02 eth_type=0x86dd len=70
[18:18:24.714] PACKET_IN dpid=1 in_port=3 00:00:00:00:00:09 -> 33:33:00:00:00:16 eth_type=0x86dd len=90
[18:18:24.715] PACKET_IN dpid=1 in_port=3 00:00:00:00:00:09 -> 33:33:00:00:00:02 eth_type=0x86dd len=70
[18:18:24.716] PACKET_IN dpid=2 in_port=5 00:00:00:00:00:09 -> 33:33:00:00:00:16 eth_type=0x86dd len=90
[18:18:24.716] PACKET_IN dpid=3 in_port=5 00:00:00:00:00:09 -> 33:33:00:00:00:16 eth_type=0x86dd len=90
[18:18:24.717] PACKET_IN dpid=5 in_port=5 00:00:00:00:00:09 -> 33:33:00:00:00:16 eth_type=0x86dd len=90
[18:18:24.717] PACKET_IN dpid=2 in_port=5 00:00:00:00:00:09 -> 33:33:00:00:00:02 eth_type=0x86dd len=70
[18:18:24.717] PACKET_IN dpid=3 in_port=5 00:00:00:00:00:09 -> 33:33:00:00:00:02 eth_type=0x86dd len=70
[18:18:24.717] PACKET_IN dpid=5 in_port=5 00:00:00:00:00:09 -> 33:33:00:00:00:02 eth_type=0x86dd len=70
[18:18:24.840] PACKET_IN dpid=1 in_port=2 a2:9c:d3:73:1f:e1 -> 33:33:00:00:00:16 eth_type=0x86dd len=90
[18:18:24.840] PACKET_IN dpid=2 in_port=1 00:00:00:00:00:01 -> 33:33:00:00:00:16 eth_type=0x86dd len=90
[18:18:24.840] PACKET_IN dpid=5 in_port=1 00:00:00:00:00:0d -> 33:33:00:00:00:16 eth_type=0x86dd len=90
[18:18:24.840] PACKET_IN dpid=1 in_port=2 a2:9c:d3:73:1f:e1 -> 33:33:00:00:00:02 eth_type=0x86dd len=70
[18:18:24.840] PACKET_IN dpid=2 in_port=1 00:00:00:00:00:01 -> 33:33:00:00:00:02 eth_type=0x86dd len=70
[18:18:24.840] PACKET_IN dpid=5 in_port=1 00:00:00:00:00:0d -> 33:33:00:00:00:02 eth_type=0x86dd len=70
[18:18:24.840] PACKET_IN dpid=1 in_port=3 12:15:c2:a4:26:8a -> 33:33:00:00:00:16 eth_type=0x86dd len=90
[18:18:24.840] PACKET_IN dpid=1 in_port=3 12:15:c2:a4:26:8a -> 33:33:00:00:00:02 eth_type=0x86dd len=70
[18:18:24.841] PACKET_IN dpid=2 in_port=5 a2:9c:d3:73:1f:e1 -> 33:33:00:00:00:16 eth_type=0x86dd len=90
[18:18:24.841] PACKET_IN dpid=4 in_port=5 a2:9c:d3:73:1f:e1 -> 33:33:00:00:00:16 eth_type=0x86dd len=90
[18:18:24.841] PACKET_IN dpid=5 in_port=5 a2:9c:d3:73:1f:e1 -> 33:33:00:00:00:16 eth_type=0x86dd len=90
[18:18:24.841] PACKET_IN dpid=2 in_port=5 a2:9c:d3:73:1f:e1 -> 33:33:00:00:00:02 eth_type=0x86dd len=70
[18:18:24.841] PACKET_IN dpid=4 in_port=5 a2:9c:d3:73:1f:e1 -> 33:33:00:00:00:02 eth_type=0x86dd len=70
[18:18:24.841] PACKET_IN dpid=5 in_port=5 a2:9c:d3:73:1f:e1 -> 33:33:00:00:00:02 eth_type=0x86dd len=70
[18:18:24.841] PACKET_IN dpid=2 in_port=5 12:15:c2:a4:26:8a -> 33:33:00:00:00:16 eth_type=0x86dd len=90
[18:18:24.841] PACKET_IN dpid=5 in_port=5 12:15:c2:a4:26:8a -> 33:33:00:00:00:16 eth_type=0x86dd len=90
[18:18:24.841] PACKET_IN dpid=2 in_port=5 12:15:c2:a4:26:8a -> 33:33:00:00:00:02 eth_type=0x86dd len=70
[18:18:24.841] PACKET_IN dpid=5 in_port=5 12:15:c2:a4:26:8a -> 33:33:00:00:00:02 eth_type=0x86dd len=70
[18:18:24.842] PACKET_IN dpid=1 in_port=4 00:00:00:00:00:0d -> 33:33:00:00:00:16 eth_type=0x86dd len=90
[18:18:24.842] PACKET_IN dpid=3 in_port=5 12:15:c2:a4:26:8a -> 33:33:00:00:00:16 eth_type=0x86dd len=90
[18:18:24.842] PACKET_IN dpid=1 in_port=4 00:00:00:00:00:0d -> 33:33:00:00:00:02 eth_type=0x86dd len=70
[18:18:24.842] PACKET_IN dpid=3 in_port=5 12:15:c2:a4:26:8a -> 33:33:00:00:00:02 eth_type=0x86dd len=70
[18:18:24.842] PACKET_IN dpid=1 in_port=1 00:00:00:00:00:01 -> 33:33:00:00:00:16 eth_type=0x86dd len=90
[18:18:24.843] PACKET_IN dpid=1 in_port=1 00:00:00:00:00:01 -> 33:33:00:00:00:02 eth_type=0x86dd len=70
[18:18:24.844] PACKET_IN dpid=2 in_port=5 00:00:00:00:00:0d -> 33:33:00:00:00:16 eth_type=0x86dd len=90
[18:18:24.844] PACKET_IN dpid=3 in_port=5 00:00:00:00:00:0d -> 33:33:00:00:00:16 eth_type=0x86dd len=90
[18:18:24.844] PACKET_IN dpid=4 in_port=5 00:00:00:00:00:0d -> 33:33:00:00:00:16 eth_type=0x86dd len=90
[18:18:24.844] PACKET_IN dpid=5 in_port=5 00:00:00:00:00:01 -> 33:33:00:00:00:16 eth_type=0x86dd len=90
[18:18:24.844] PACKET_IN dpid=2 in_port=5 00:00:00:00:00:0d -> 33:33:00:00:00:02 eth_type=0x86dd len=70
[18:18:24.844] PACKET_IN dpid=3 in_port=5 00:00:00:00:00:0d -> 33:33:00:00:00:02 eth_type=0x86dd len=70
[18:18:24.844] PACKET_IN dpid=4 in_port=5 00:00:00:00:00:0d -> 33:33:00:00:00:02 eth_type=0x86dd len=70
[18:18:24.844] PACKET_IN dpid=5 in_port=5 00:00:00:00:00:01 -> 33:33:00:00:00:02 eth_type=0x86dd len=70
[18:18:24.844] PACKET_IN dpid=3 in_port=5 00:00:00:00:00:01 -> 33:33:00:00:00:16 eth_type=0x86dd len=90
[18:18:24.844] PACKET_IN dpid=4 in_port=5 00:00:00:00:00:01 -> 33:33:00:00:00:16 eth_type=0x86dd len=90
[18:18:24.844] PACKET_IN dpid=3 in_port=5 00:00:00:00:00:01 -> 33:33:00:00:00:02 eth_type=0x86dd len=70
[18:18:24.844] PACKET_IN dpid=4 in_port=5 00:00:00:00:00:01 -> 33:33:00:00:00:02 eth_type=0x86dd len=70
[18:18:24.869] PACKET_IN dpid=5 in_port=2 00:00:00:00:00:0e -> 33:33:00:00:00:16 eth_type=0x86dd len=90
[18:18:24.869] PACKET_IN dpid=5 in_port=2 00:00:00:00:00:0e -> 33:33:00:00:00:02 eth_type=0x86dd len=70
[18:18:24.871] PACKET_IN dpid=1 in_port=4 00:00:00:00:00:0e -> 33:33:00:00:00:16 eth_type=0x86dd len=90
[18:18:24.871] PACKET_IN dpid=1 in_port=4 00:00:00:00:00:0e -> 33:33:00:00:00:02 eth_type=0x86dd len=70
[18:18:24.872] PACKET_IN dpid=2 in_port=5 00:00:00:00:00:0e -> 33:33:00:00:00:16 eth_type=0x86dd len=90
[18:18:24.872] PACKET_IN dpid=3 in_port=5 00:00:00:00:00:0e -> 33:33:00:00:00:16 eth_type=0x86dd len=90
[18:18:24.872] PACKET_IN dpid=4 in_port=5 00:00:00:00:00:0e -> 33:33:00:00:00:16 eth_type=0x86dd len=90
[18:18:24.872] PACKET_IN dpid=2 in_port=5 00:00:00:00:00:0e -> 33:33:00:00:00:02 eth_type=0x86dd len=70
[18:18:24.872] PACKET_IN dpid=3 in_port=5 00:00:00:00:00:0e -> 33:33:00:00:00:02 eth_type=0x86dd len=70
[18:18:24.872] PACKET_IN dpid=4 in_port=5 00:00:00:00:00:0e -> 33:33:00:00:00:02 eth_type=0x86dd len=70
[18:18:24.930] PACKET_IN dpid=3 in_port=3 00:00:00:00:00:07 -> 33:33:00:00:00:16 eth_type=0x86dd len=90
[18:18:24.930] PACKET_IN dpid=5 in_port=3 00:00:00:00:00:0f -> 33:33:00:00:00:16 eth_type=0x86dd len=90
[18:18:24.930] PACKET_IN dpid=3 in_port=3 00:00:00:00:00:07 -> 33:33:00:00:00:02 eth_type=0x86dd len=70
[18:18:24.930] PACKET_IN dpid=5 in_port=5 5a:5d:59:90:e8:d3 -> 33:33:00:00:00:16 eth_type=0x86dd len=90
[18:18:24.931] PACKET_IN dpid=1 in_port=2 00:00:00:00:00:07 -> 33:33:00:00:00:16 eth_type=0x86dd len=90
[18:18:24.931] PACKET_IN dpid=1 in_port=2 00:00:00:00:00:07 -> 33:33:00:00:00:02 eth_type=0x86dd len=70
[18:18:24.931] PACKET_IN dpid=1 in_port=4 00:00:00:00:00:0f -> 33:33:00:00:00:16 eth_type=0x86dd len=90
[18:18:24.933] PACKET_IN dpid=2 in_port=5 00:00:00:00:00:07 -> 33:33:00:00:00:16 eth_type=0x86dd len=90
[18:18:24.933] PACKET_IN dpid=3 in_port=5 00:00:00:00:00:0f -> 33:33:00:00:00:16 eth_type=0x86dd len=90
[18:18:24.933] PACKET_IN dpid=4 in_port=5 00:00:00:00:00:07 -> 33:33:00:00:00:16 eth_type=0x86dd len=90
[18:18:24.933] PACKET_IN dpid=5 in_port=5 00:00:00:00:00:07 -> 33:33:00:00:00:16 eth_type=0x86dd len=90
[18:18:24.933] PACKET_IN dpid=2 in_port=5 00:00:00:00:00:07 -> 33:33:00:00:00:02 eth_type=0x86dd len=70
[18:18:24.933] PACKET_IN dpid=4 in_port=5 00:00:00:00:00:07 -> 33:33:00:00:00:02 eth_type=0x86dd len=70
[18:18:24.933] PACKET_IN dpid=5 in_port=5 00:00:00:00:00:07 -> 33:33:00:00:00:02 eth_type=0x86dd len=70
[18:18:24.933] PACKET_IN dpid=2 in_port=5 00:00:00:00:00:0f -> 33:33:00:00:00:16 eth_type=0x86dd len=90
[18:18:24.933] PACKET_IN dpid=4 in_port=5 00:00:00:00:00:0f -> 33:33:00:00:00:16 eth_type=0x86dd len=90
[18:18:24.961] PACKET_IN dpid=2 in_port=2 00:00:00:00:00:02 -> 33:33:00:00:00:16 eth_type=0x86dd len=90
[18:18:24.962] PACKET_IN dpid=4 in_port=2 00:00:00:00:00:0a -> 33:33:00:00:00:16 eth_type=0x86dd len=90
[18:18:24.962] PACKET_IN dpid=2 in_port=2 00:00:00:00:00:02 -> 33:33:00:00:00:02 eth_type=0x86dd len=70
[18:18:24.962] PACKET_IN dpid=4 in_port=2 00:00:00:00:00:0a -> 33:33:00:00:00:02 eth_type=0x86dd len=70
[18:18:24.963] PACKET_IN dpid=1 in_port=3 00:00:00:00:00:0a -> 33:33:00:00:00:16 eth_type=0x86dd len=90
[18:18:24.963] PACKET_IN dpid=1 in_port=3 00:00:00:00:00:0a -> 33:33:00:00:00:02 eth_type=0x86dd len=70
[18:18:24.963] PACKET_IN dpid=1 in_port=1 00:00:00:00:00:02 -> 33:33:00:00:00:16 eth_type=0x86dd len=90
[18:18:24.963] PACKET_IN dpid=1 in_port=1 00:00:00:00:00:02 -> 33:33:00:00:00:02 eth_type=0x86dd len=70
[18:18:24.964] PACKET_IN dpid=2 in_port=5 00:00:00:00:00:0a -> 33:33:00:00:00:16 eth_type=0x86dd len=90
[18:18:24.965] PACKET_IN dpid=3 in_port=5 00:00:00:00:00:0a -> 33:33:00:00:00:16 eth_type=0x86dd len=90
[18:18:24.965] PACKET_IN dpid=4 in_port=5 00:00:00:00:00:02 -> 33:33:00:00:00:16 eth_type=0x86dd len=90
[18:18:24.965] PACKET_IN dpid=5 in_port=5 00:00:00:00:00:0a -> 33:33:00:00:00:16 eth_type=0x86dd len=90
[18:18:24.965] PACKET_IN dpid=2 in_port=5 00:00:00:00:00:0a -> 33:33:00:00:00:02 eth_type=0x86dd len=70
[18:18:24.965] PACKET_IN dpid=3 in_port=5 00:00:00:00:00:0a -> 33:33:00:00:00:02 eth_type=0x86dd len=70
[18:18:24.965] PACKET_IN dpid=4 in_port=5 00:00:00:00:00:02 -> 33:33:00:00:00:02 eth_type=0x86dd len=70
[18:18:24.965] PACKET_IN dpid=5 in_port=5 00:00:00:00:00:0a -> 33:33:00:00:00:02 eth_type=0x86dd len=70
[18:18:24.965] PACKET_IN dpid=3 in_port=5 00:00:00:00:00:02 -> 33:33:00:00:00:16 eth_type=0x86dd len=90
[18:18:24.965] PACKET_IN dpid=5 in_port=5 00:00:00:00:00:02 -> 33:33:00:00:00:16 eth_type=0x86dd len=90
[18:18:24.965] PACKET_IN dpid=3 in_port=5 00:00:00:00:00:02 -> 33:33:00:00:00:02 eth_type=0x86dd len=70
[18:18:24.965] PACKET_IN dpid=5 in_port=5 00:00:00:00:00:02 -> 33:33:00:00:00:02 eth_type=0x86dd len=70
[18:18:24.994] PACKET_IN dpid=3 in_port=4 00:00:00:00:00:08 -> 33:33:00:00:00:16 eth_type=0x86dd len=90
[18:18:24.994] PACKET_IN dpid=4 in_port=4 00:00:00:00:00:0c -> 33:33:00:00:00:16 eth_type=0x86dd len=90
[18:18:24.994] PACKET_IN dpid=3 in_port=4 00:00:00:00:00:08 -> 33:33:00:00:00:02 eth_type=0x86dd len=70
[18:18:24.994] PACKET_IN dpid=4 in_port=4 00:00:00:00:00:0c -> 33:33:00:00:00:02 eth_type=0x86dd len=70
[18:18:24.995] PACKET_IN dpid=1 in_port=2 00:00:00:00:00:08 -> 33:33:00:00:00:16 eth_type=0x86dd len=90
[18:18:24.996] PACKET_IN dpid=1 in_port=2 00:00:00:00:00:08 -> 33:33:00:00:00:02 eth_type=0x86dd len=70
[18:18:24.996] PACKET_IN dpid=1 in_port=3 00:00:00:00:00:0c -> 33:33:00:00:00:16 eth_type=0x86dd len=90
[18:18:24.996] PACKET_IN dpid=1 in_port=3 00:00:00:00:00:0c -> 33:33:00:00:00:02 eth_type=0x86dd len=70
[18:18:24.997] PACKET_IN dpid=2 in_port=5 00:00:00:00:00:08 -> 33:33:00:00:00:16 eth_type=0x86dd len=90
[18:18:24.997] PACKET_IN dpid=3 in_port=5 00:00:00:00:00:0c -> 33:33:00:00:00:16 eth_type=0x86dd len=90
[18:18:24.997] PACKET_IN dpid=4 in_port=5 00:00:00:00:00:08 -> 33:33:00:00:00:16 eth_type=0x86dd len=90
[18:18:24.997] PACKET_IN dpid=5 in_port=5 00:00:00:00:00:08 -> 33:33:00:00:00:16 eth_type=0x86dd len=90
[18:18:24.997] PACKET_IN dpid=2 in_port=5 00:00:00:00:00:08 -> 33:33:00:00:00:02 eth_type=0x86dd len=70
[18:18:24.997] PACKET_IN dpid=3 in_port=5 00:00:00:00:00:0c -> 33:33:00:00:00:02 eth_type=0x86dd len=70
[18:18:24.997] PACKET_IN dpid=4 in_port=5 00:00:00:00:00:08 -> 33:33:00:00:00:02 eth_type=0x86dd len=70
[18:18:24.997] PACKET_IN dpid=5 in_port=5 00:00:00:00:00:08 -> 33:33:00:00:00:02 eth_type=0x86dd len=70
[18:18:24.997] PACKET_IN dpid=2 in_port=5 00:00:00:00:00:0c -> 33:33:00:00:00:16 eth_type=0x86dd len=90
[18:18:24.997] PACKET_IN dpid=5 in_port=5 00:00:00:00:00:0c -> 33:33:00:00:00:16 eth_type=0x86dd len=90
[18:18:24.997] PACKET_IN dpid=2 in_port=5 00:00:00:00:00:0c -> 33:33:00:00:00:02 eth_type=0x86dd len=70
[18:18:24.997] PACKET_IN dpid=5 in_port=5 00:00:00:00:00:0c -> 33:33:00:00:00:02 eth_type=0x86dd len=70
[18:18:25.030] PACKET_IN dpid=4 in_port=5 5e:38:85:3b:b3:1f -> 33:33:00:00:00:16 eth_type=0x86dd len=90
[18:18:25.030] PACKET_IN dpid=4 in_port=5 5e:38:85:3b:b3:1f -> 33:33:00:00:00:02 eth_type=0x86dd len=70
[18:18:25.060] PACKET_IN dpid=2 in_port=4 00:00:00:00:00:04 -> 33:33:00:00:00:16 eth_type=0x86dd len=90
[18:18:25.060] PACKET_IN dpid=2 in_port=4 00:00:00:00:00:04 -> 33:33:00:00:00:02 eth_type=0x86dd len=70
[18:18:25.061] PACKET_IN dpid=1 in_port=1 00:00:00:00:00:04 -> 33:33:00:00:00:16 eth_type=0x86dd len=90
[18:18:25.061] PACKET_IN dpid=1 in_port=1 00:00:00:00:00:04 -> 33:33:00:00:00:02 eth_type=0x86dd len=70
[18:18:25.063] PACKET_IN dpid=3 in_port=5 00:00:00:00:00:04 -> 33:33:00:00:00:16 eth_type=0x86dd len=90
[18:18:25.063] PACKET_IN dpid=4 in_port=5 00:00:00:00:00:04 -> 33:33:00:00:00:16 eth_type=0x86dd len=90
[18:18:25.063] PACKET_IN dpid=5 in_port=5 00:00:00:00:00:04 -> 33:33:00:00:00:16 eth_type=0x86dd len=90
[18:18:25.063] PACKET_IN dpid=3 in_port=5 00:00:00:00:00:04 -> 33:33:00:00:00:02 eth_type=0x86dd len=70
[18:18:25.063] PACKET_IN dpid=4 in_port=5 00:00:00:00:00:04 -> 33:33:00:00:00:02 eth_type=0x86dd len=70
[18:18:25.063] PACKET_IN dpid=5 in_port=5 00:00:00:00:00:04 -> 33:33:00:00:00:02 eth_type=0x86dd len=70
[18:18:25.081] PACKET_IN dpid=4 in_port=5 5e:38:85:3b:b3:1f -> 33:33:00:00:00:16 eth_type=0x86dd len=90
[18:18:25.090] PACKET_IN dpid=2 in_port=3 00:00:00:00:00:03 -> 33:33:00:00:00:16 eth_type=0x86dd len=90
[18:18:25.092] PACKET_IN dpid=1 in_port=1 00:00:00:00:00:03 -> 33:33:00:00:00:16 eth_type=0x86dd len=90
[18:18:25.093] PACKET_IN dpid=3 in_port=5 00:00:00:00:00:03 -> 33:33:00:00:00:16 eth_type=0x86dd len=90
[18:18:25.093] PACKET_IN dpid=4 in_port=5 00:00:00:00:00:03 -> 33:33:00:00:00:16 eth_type=0x86dd len=90
[18:18:25.093] PACKET_IN dpid=5 in_port=5 00:00:00:00:00:03 -> 33:33:00:00:00:16 eth_type=0x86dd len=90
[18:18:25.134] PACKET_IN dpid=3 in_port=3 00:00:00:00:00:07 -> 33:33:00:00:00:16 eth_type=0x86dd len=90
[18:18:25.136] PACKET_IN dpid=1 in_port=2 00:00:00:00:00:07 -> 33:33:00:00:00:16 eth_type=0x86dd len=90
[18:18:25.137] PACKET_IN dpid=2 in_port=5 00:00:00:00:00:07 -> 33:33:00:00:00:16 eth_type=0x86dd len=90
[18:18:25.137] PACKET_IN dpid=4 in_port=5 00:00:00:00:00:07 -> 33:33:00:00:00:16 eth_type=0x86dd len=90
[18:18:25.137] PACKET_IN dpid=5 in_port=5 00:00:00:00:00:07 -> 33:33:00:00:00:16 eth_type=0x86dd len=90
[18:18:25.153] PACKET_IN dpid=3 in_port=1 00:00:00:00:00:05 -> 33:33:00:00:00:16 eth_type=0x86dd len=90
[18:18:25.155] PACKET_IN dpid=1 in_port=2 00:00:00:00:00:05 -> 33:33:00:00:00:16 eth_type=0x86dd len=90
[18:18:25.156] PACKET_IN dpid=2 in_port=5 00:00:00:00:00:05 -> 33:33:00:00:00:16 eth_type=0x86dd len=90
[18:18:25.156] PACKET_IN dpid=4 in_port=5 00:00:00:00:00:05 -> 33:33:00:00:00:16 eth_type=0x86dd len=90
[18:18:25.156] PACKET_IN dpid=5 in_port=5 00:00:00:00:00:05 -> 33:33:00:00:00:16 eth_type=0x86dd len=90
[18:18:25.190] PACKET_IN dpid=2 in_port=5 f2:42:54:a6:ab:de -> 33:33:00:00:00:16 eth_type=0x86dd len=90
[18:18:25.242] PACKET_IN dpid=2 in_port=4 00:00:00:00:00:04 -> 33:33:00:00:00:16 eth_type=0x86dd len=90
[18:18:25.243] PACKET_IN dpid=1 in_port=1 00:00:00:00:00:04 -> 33:33:00:00:00:16 eth_type=0x86dd len=90
[18:18:25.245] PACKET_IN dpid=3 in_port=5 00:00:00:00:00:04 -> 33:33:00:00:00:16 eth_type=0x86dd len=90
[18:18:25.245] PACKET_IN dpid=4 in_port=5 00:00:00:00:00:04 -> 33:33:00:00:00:16 eth_type=0x86dd len=90
[18:18:25.245] PACKET_IN dpid=5 in_port=5 00:00:00:00:00:04 -> 33:33:00:00:00:16 eth_type=0x86dd len=90
[18:18:25.253] PACKET_IN dpid=3 in_port=2 00:00:00:00:00:06 -> 33:33:00:00:00:16 eth_type=0x86dd len=90
[18:18:25.253] PACKET_IN dpid=3 in_port=2 00:00:00:00:00:06 -> 33:33:00:00:00:02 eth_type=0x86dd len=70
[18:18:25.255] PACKET_IN dpid=1 in_port=2 00:00:00:00:00:06 -> 33:33:00:00:00:16 eth_type=0x86dd len=90
[18:18:25.255] PACKET_IN dpid=1 in_port=2 00:00:00:00:00:06 -> 33:33:00:00:00:02 eth_type=0x86dd len=70
[18:18:25.256] PACKET_IN dpid=2 in_port=5 00:00:00:00:00:06 -> 33:33:00:00:00:16 eth_type=0x86dd len=90
[18:18:25.256] PACKET_IN dpid=4 in_port=5 00:00:00:00:00:06 -> 33:33:00:00:00:16 eth_type=0x86dd len=90
[18:18:25.256] PACKET_IN dpid=5 in_port=5 00:00:00:00:00:06 -> 33:33:00:00:00:16 eth_type=0x86dd len=90
[18:18:25.256] PACKET_IN dpid=2 in_port=5 00:00:00:00:00:06 -> 33:33:00:00:00:02 eth_type=0x86dd len=70
[18:18:25.256] PACKET_IN dpid=4 in_port=5 00:00:00:00:00:06 -> 33:33:00:00:00:02 eth_type=0x86dd len=70
[18:18:25.256] PACKET_IN dpid=5 in_port=5 00:00:00:00:00:06 -> 33:33:00:00:00:02 eth_type=0x86dd len=70
[18:18:25.286] PACKET_IN dpid=3 in_port=4 00:00:00:00:00:08 -> 33:33:00:00:00:16 eth_type=0x86dd len=90
[18:18:25.288] PACKET_IN dpid=1 in_port=2 00:00:00:00:00:08 -> 33:33:00:00:00:16 eth_type=0x86dd len=90
[18:18:25.289] PACKET_IN dpid=2 in_port=5 00:00:00:00:00:08 -> 33:33:00:00:00:16 eth_type=0x86dd len=90
[18:18:25.289] PACKET_IN dpid=4 in_port=5 00:00:00:00:00:08 -> 33:33:00:00:00:16 eth_type=0x86dd len=90
[18:18:25.289] PACKET_IN dpid=5 in_port=5 00:00:00:00:00:08 -> 33:33:00:00:00:16 eth_type=0x86dd len=90
[18:18:25.313] PACKET_IN dpid=4 in_port=4 00:00:00:00:00:0c -> 33:33:00:00:00:16 eth_type=0x86dd len=90
[18:18:25.315] PACKET_IN dpid=1 in_port=3 00:00:00:00:00:0c -> 33:33:00:00:00:16 eth_type=0x86dd len=90
[18:18:25.316] PACKET_IN dpid=2 in_port=5 00:00:00:00:00:0c -> 33:33:00:00:00:16 eth_type=0x86dd len=90
[18:18:25.316] PACKET_IN dpid=3 in_port=5 00:00:00:00:00:0c -> 33:33:00:00:00:16 eth_type=0x86dd len=90
[18:18:25.316] PACKET_IN dpid=5 in_port=5 00:00:00:00:00:0c -> 33:33:00:00:00:16 eth_type=0x86dd len=90
[18:18:25.410] PACKET_IN dpid=1 in_port=2 a2:9c:d3:73:1f:e1 -> 33:33:00:00:00:16 eth_type=0x86dd len=90
[18:18:25.412] PACKET_IN dpid=2 in_port=5 a2:9c:d3:73:1f:e1 -> 33:33:00:00:00:16 eth_type=0x86dd len=90
[18:18:25.412] PACKET_IN dpid=4 in_port=5 a2:9c:d3:73:1f:e1 -> 33:33:00:00:00:16 eth_type=0x86dd len=90
[18:18:25.412] PACKET_IN dpid=5 in_port=5 a2:9c:d3:73:1f:e1 -> 33:33:00:00:00:16 eth_type=0x86dd len=90
[18:18:25.446] PACKET_IN dpid=3 in_port=5 12:61:8b:e3:07:51 -> 33:33:00:00:00:16 eth_type=0x86dd len=90
[18:18:25.446] PACKET_IN dpid=4 in_port=3 00:00:00:00:00:0b -> 33:33:00:00:00:16 eth_type=0x86dd len=90
[18:18:25.447] PACKET_IN dpid=1 in_port=3 00:00:00:00:00:0b -> 33:33:00:00:00:16 eth_type=0x86dd len=90
[18:18:25.449] [STATS] switches=5 packet_in/s=232 msgs/s=232
[18:18:25.449] PACKET_IN dpid=2 in_port=5 00:00:00:00:00:0b -> 33:33:00:00:00:16 eth_type=0x86dd len=90
[18:18:25.449] PACKET_IN dpid=3 in_port=5 00:00:00:00:00:0b -> 33:33:00:00:00:16 eth_type=0x86dd len=90
[18:18:25.449] PACKET_IN dpid=5 in_port=5 00:00:00:00:00:0b -> 33:33:00:00:00:16 eth_type=0x86dd len=90
[18:18:25.474] PACKET_IN dpid=4 in_port=1 00:00:00:00:00:09 -> 33:33:00:00:00:16 eth_type=0x86dd len=90
[18:18:25.474] PACKET_IN dpid=5 in_port=1 00:00:00:00:00:0d -> 33:33:00:00:00:16 eth_type=0x86dd len=90
[18:18:25.475] PACKET_IN dpid=1 in_port=3 00:00:00:00:00:09 -> 33:33:00:00:00:16 eth_type=0x86dd len=90
[18:18:25.475] PACKET_IN dpid=1 in_port=4 00:00:00:00:00:0d -> 33:33:00:00:00:16 eth_type=0x86dd len=90
[18:18:25.477] PACKET_IN dpid=2 in_port=5 00:00:00:00:00:09 -> 33:33:00:00:00:16 eth_type=0x86dd len=90
[18:18:25.477] PACKET_IN dpid=3 in_port=5 00:00:00:00:00:09 -> 33:33:00:00:00:16 eth_type=0x86dd len=90
[18:18:25.477] PACKET_IN dpid=4 in_port=5 00:00:00:00:00:0d -> 33:33:00:00:00:16 eth_type=0x86dd len=90
[18:18:25.477] PACKET_IN dpid=5 in_port=5 00:00:00:00:00:09 -> 33:33:00:00:00:16 eth_type=0x86dd len=90
[18:18:25.477] PACKET_IN dpid=2 in_port=5 00:00:00:00:00:0d -> 33:33:00:00:00:16 eth_type=0x86dd len=90
[18:18:25.477] PACKET_IN dpid=3 in_port=5 00:00:00:00:00:0d -> 33:33:00:00:00:16 eth_type=0x86dd len=90
[18:18:25.506] PACKET_IN dpid=2 in_port=1 00:00:00:00:00:01 -> 33:33:00:00:00:16 eth_type=0x86dd len=90
[18:18:25.507] PACKET_IN dpid=1 in_port=1 00:00:00:00:00:01 -> 33:33:00:00:00:16 eth_type=0x86dd len=90
[18:18:25.509] PACKET_IN dpid=3 in_port=5 00:00:00:00:00:01 -> 33:33:00:00:00:16 eth_type=0x86dd len=90
[18:18:25.509] PACKET_IN dpid=4 in_port=5 00:00:00:00:00:01 -> 33:33:00:00:00:16 eth_type=0x86dd len=90
[18:18:25.509] PACKET_IN dpid=5 in_port=5 00:00:00:00:00:01 -> 33:33:00:00:00:16 eth_type=0x86dd len=90
[18:18:25.602] PACKET_IN dpid=1 in_port=3 12:15:c2:a4:26:8a -> 33:33:00:00:00:16 eth_type=0x86dd len=90
[18:18:25.602] PACKET_IN dpid=3 in_port=2 00:00:00:00:00:06 -> 33:33:00:00:00:16 eth_type=0x86dd len=90
[18:18:25.603] PACKET_IN dpid=1 in_port=2 00:00:00:00:00:06 -> 33:33:00:00:00:16 eth_type=0x86dd len=90
[18:18:25.603] PACKET_IN dpid=2 in_port=5 12:15:c2:a4:26:8a -> 33:33:00:00:00:16 eth_type=0x86dd len=90
[18:18:25.603] PACKET_IN dpid=3 in_port=5 12:15:c2:a4:26:8a -> 33:33:00:00:00:16 eth_type=0x86dd len=90
[18:18:25.603] PACKET_IN dpid=5 in_port=5 12:15:c2:a4:26:8a -> 33:33:00:00:00:16 eth_type=0x86dd len=90
[18:18:25.605] PACKET_IN dpid=2 in_port=5 00:00:00:00:00:06 -> 33:33:00:00:00:16 eth_type=0x86dd len=90
[18:18:25.605] PACKET_IN dpid=4 in_port=5 00:00:00:00:00:06 -> 33:33:00:00:00:16 eth_type=0x86dd len=90
[18:18:25.605] PACKET_IN dpid=5 in_port=5 00:00:00:00:00:06 -> 33:33:00:00:00:16 eth_type=0x86dd len=90
[18:18:25.697] PACKET_IN dpid=4 in_port=2 00:00:00:00:00:0a -> 33:33:00:00:00:16 eth_type=0x86dd len=90
[18:18:25.699] PACKET_IN dpid=1 in_port=3 00:00:00:00:00:0a -> 33:33:00:00:00:16 eth_type=0x86dd len=90
[18:18:25.700] PACKET_IN dpid=2 in_port=5 00:00:00:00:00:0a -> 33:33:00:00:00:16 eth_type=0x86dd len=90
[18:18:25.700] PACKET_IN dpid=3 in_port=5 00:00:00:00:00:0a -> 33:33:00:00:00:16 eth_type=0x86dd len=90
[18:18:25.700] PACKET_IN dpid=5 in_port=5 00:00:00:00:00:0a -> 33:33:00:00:00:16 eth_type=0x86dd len=90
[18:18:25.730] PACKET_IN dpid=2 in_port=2 00:00:00:00:00:02 -> 33:33:00:00:00:16 eth_type=0x86dd len=90
[18:18:25.731] PACKET_IN dpid=1 in_port=1 00:00:00:00:00:02 -> 33:33:00:00:00:16 eth_type=0x86dd len=90
[18:18:25.733] PACKET_IN dpid=3 in_port=5 00:00:00:00:00:02 -> 33:33:00:00:00:16 eth_type=0x86dd len=90
[18:18:25.733] PACKET_IN dpid=4 in_port=5 00:00:00:00:00:02 -> 33:33:00:00:00:16 eth_type=0x86dd len=90
[18:18:25.733] PACKET_IN dpid=5 in_port=5 00:00:00:00:00:02 -> 33:33:00:00:00:16 eth_type=0x86dd len=90
[18:18:25.825] PACKET_IN dpid=5 in_port=2 00:00:00:00:00:0e -> 33:33:00:00:00:16 eth_type=0x86dd len=90
[18:18:25.827] PACKET_IN dpid=1 in_port=4 00:00:00:00:00:0e -> 33:33:00:00:00:16 eth_type=0x86dd len=90
[18:18:25.828] PACKET_IN dpid=2 in_port=5 00:00:00:00:00:0e -> 33:33:00:00:00:16 eth_type=0x86dd len=90
[18:18:25.828] PACKET_IN dpid=3 in_port=5 00:00:00:00:00:0e -> 33:33:00:00:00:16 eth_type=0x86dd len=90
[18:18:25.828] PACKET_IN dpid=4 in_port=5 00:00:00:00:00:0e -> 33:33:00:00:00:16 eth_type=0x86dd len=90
[18:18:26.450] [STATS] switches=5 packet_in/s=42 msgs/s=42
[18:18:27.451] [STATS] switches=5 packet_in/s=0 msgs/s=0
[18:18:28.066] PACKET_IN dpid=2 in_port=5 f2:42:54:a6:ab:de -> 33:33:00:00:00:02 eth_type=0x86dd len=70
[18:18:28.452] [STATS] switches=5 packet_in/s=1 msgs/s=12
[18:18:28.607] PACKET_IN dpid=4 in_port=1 00:00:00:00:00:09 -> 33:33:00:00:00:02 eth_type=0x86dd len=70
[18:18:28.839] PACKET_IN dpid=5 in_port=4 00:00:00:00:00:10 -> 33:33:00:00:00:02 eth_type=0x86dd len=70
[18:18:29.050] [-] Switch DPID 1 desconectado: Conexão encerrada pelo switch.
[18:18:29.085] [-] Switch DPID 3 desconectado: Conexão encerrada pelo switch.
[18:18:29.114] [-] Switch DPID 4 desconectado: Conexão encerrada pelo switch.
[18:18:29.166] [-] Switch DPID 5 desconectado: Conexão encerrada pelo switch.
[18:18:29.230] [-] Switch DPID 2 desconectado: Conexão encerrada pelo switch.
