=== Controlador v3 (threading) em 0.0.0.0:6653 ===
[18:16:54] [OK] Handshake com DPID 1 (Thread-1 (atender_switch))[18:16:54] [OK] Handshake com DPID 6 (Thread-2 (atender_switch))
[18:16:54] [OK] Handshake com DPID 3 (Thread-3 (atender_switch))
[18:16:54] [OK] Handshake com DPID 10 (Thread-4 (atender_switch))

[18:16:54] [OK] Handshake com DPID 14 (Thread-5 (atender_switch))
[18:16:54] [OK] Handshake com DPID 8 (Thread-6 (atender_switch))
[18:16:55] [OK] Handshake com DPID 13 (Thread-7 (atender_switch))[18:16:55] [OK] Handshake com DPID 15 (Thread-8 (atender_switch))
[18:16:55] [OK] Handshake com DPID 7 (Thread-9 (atender_switch))
[18:16:55] [OK] Handshake com DPID 5 (Thread-11 (atender_switch))
[18:16:55] [OK] Handshake com DPID 12 (Thread-12 (atender_switch))
[18:16:55] [OK] Handshake com DPID 11 (Thread-15 (atender_switch))[18:16:55] [OK] Handshake com DPID 9 (Thread-14 (atender_switch))
[18:16:55] [OK] Handshake com DPID 4 (Thread-10 (atender_switch))
[18:16:55] [OK] Handshake com DPID 16 (Thread-16 (atender_switch))[18:16:55] [OK] Handshake com DPID 2 (Thread-13 (atender_switch))



[-] Switch 1 desconectado
[-] Switch 6 desconectado
[-] Switch 10 desconectado
[-] Switch 3 desconectado[-] Switch 4 desconectado
[-] Switch 7 desconectado[-] Switch 8 desconectado[-] Switch 5 desconectado[-] Switch 13 desconectado[-] Switch 9 desconectado
[-] Switch 14 desconectado

[-] Switch 12 desconectado

[-] Switch 16 desconectado[-] Switch 2 desconectado

[-] Switch 11 desconectado

